AC418GP.dsx
AC419GP.dsx
ACACMAP.dsx
ACACMHP.dsx
ACACMJP.dsx
ACACTAP.dsx
ACACTGP#1.dsx
ACACTGP.dsx
ACCMALP.dsx
ACCMMAP.dsx
ACCMMHP.dsx
ACCMMJP.dsx
ACDDJ1P1.dsx
ACDDJ1P.dsx
ACDDJ2P1.dsx
ACDDJ2P.dsx
ACDDSPP.dsx
ACDDSRP.dsx
ACDFSTP.dsx
ACGLJ1P1.dsx
ACGLJ1P.dsx
ACGLJ2P1.dsx
ACGLJ2P.dsx
ACIEJ1P1.dsx
ACIEJ1P.dsx
ACIEJ2P1.dsx
ACIEJ2P.dsx
ACJBSTP.dsx
ACONAEP.dsx
ACONCTP.dsx
ACONCWP.dsx
ACONDTP.dsx
ACONDWP.dsx
ACONJTP.dsx
ACPCMAP.dsx
ACPCMHP.dsx
ACPCMJP.dsx
ACPCTRP.dsx
ACPDMAP.dsx
ACPDMHP.dsx
ACPDMJP.dsx
ACPDRDP.dsx
ACPDRGP#1.dsx
ACPDRGP.dsx
ACRACEP0.dsx
ACRACEP1.dsx
ACRACEP2.dsx
ACRACEP3.dsx
ACRACEP4.dsx
ACRACEP5.dsx
ACRACEP6.dsx
ACRACEP7.dsx
ACRACEP8.dsx
ACRACEP9.dsx
ACSAIMP.dsx
ACXCTJP1.dsx
ACXCTJP9.dsx
ACXCTJP.dsx
AE205WP.dsx
AE362WP.dsx
AE365WP.dsx
AE401WP.dsx
AEAMTDP.dsx
AEEXBRP.dsx
AEEXSTP.dsx
AESATRP.dsx
AESLCGP.dsx
AESQLPP.dsx
AESQLWP.dsx
AESTBKP.dsx
AESTEXP.dsx
AESTGCP.dsx
AESTYMP.dsx
AEXCTAP.dsx
AEXCTHP.dsx
AEXCTJP.dsx
AEXCTPP.dsx
AM@LAFP6.dsx
AM@LAFP7.dsx
AMLMPMNMCP.dsx
AMLMPMZCPP.dsx
APRTCLP1.dsx
APRTCLPC.dsx
APRTCLP.dsx
APRTTPP.dsx
BR301WP.dsx
BR304WP.dsx
BR405WP.dsx
BR414WP.dsx
BR415WP.dsx
BRAGMAP.dsx
BRAGMHP.dsx
BRAGMJP.dsx
BRBKAGP.dsx
BRBKBAP.dsx
BRBKDGP.dsx
BRBKDPP.dsx
BRBKHSP9.dsx
BRBKHSP.dsx
BRBKPDP.dsx
BRBKREP.dsx
BRBKRPP.dsx
BRBKRTP.dsx
BRBKSTP.dsx
BRBKTBP.dsx
BRBRCPP.dsx
BRCTMAP.dsx
BRCTMHP.dsx
BRCTMJP.dsx
BRDGMAP.dsx
BRDGMHP.dsx
BRDGMJP.dsx
BRFUCTP.dsx
BRFUEQP1.dsx
BRFUEQP.dsx
BRGVUPP.dsx
BRPDMAP.dsx
BRPDMHP.dsx
BRPDMJP.dsx
BRREMAP.dsx
BRREMHP.dsx
BRREMJP.dsx
BRRPMAP.dsx
BRRPMHP.dsx
BRRPMJP.dsx
BRRTMAP.dsx
BRRTMHP.dsx
BRRTMJP.dsx
BRSTPHP.dsx
BRSYPMP.dsx
BRTBMAP.dsx
BRTBMHP.dsx
BRTBMJP.dsx
BRXACJP.dsx
BRXCTJP.dsx
CBEXTTP.dsx
CBPDTMP.dsx
CE601WP.dsx
CE603WP.dsx
CE621WP.dsx
CE622WP.dsx
CE623WP.dsx
CE624WP.dsx
CE630WP.dsx
CE650WP.dsx
CE660WP.dsx
CE661WP.dsx
CE662WP.dsx
CE663WP.dsx
CECRRCP.dsx
CECRRHP.dsx
CECRRIP.dsx
CECRRVP.dsx
CECRSCP.dsx
CECRSHP.dsx
CECRSIP.dsx
CECRSVP.dsx
CEILDCP.dsx
CEILDHP.dsx
CEILDIP.dsx
CEILDVP.dsx
CEIRMCP.dsx
CEIRMHP.dsx
CEIRMIP.dsx
CEIRMVP.dsx
CEIRPCP.dsx
CEIRPHP.dsx
CEIRPIP.dsx
CEIRPVP.dsx
CEPXCLP.dsx
CEPXCRP.dsx
CESIRCP.dsx
CESIRHP.dsx
CESIRIP.dsx
CESIRVP.dsx
CF015WP.dsx
CFBLOTP.dsx
CFCFTJP1.dsx
CFCFTJP2.dsx
CFCFTJP4.dsx
CFCFTJP5.dsx
CFCFTJP6.dsx
CFCFTJP7.dsx
CFCFTJP.dsx
CFCLSDP.dsx
CFCLSWP.dsx
CFLADDP1.dsx
CFLADDP2.dsx
CFLADDP.dsx
CFNCTAP.dsx
CFNCTHP.dsx
CFNCTJP.dsx
CFNOSCP.dsx
CFONRDP.dsx
CFTDJLP.dsx
CFTDPSP.dsx
CI114WP.dsx
CI302WP.dsx
CI306WP.dsx
CI410WP.dsx
CI411WP.dsx
CIBLOTP1.dsx
CICFDFP.dsx
CICFDLP.dsx
CICFIDP.dsx
CICMSFP.dsx
CICPDLP.dsx
CIDLCIP.dsx
CIFLOPP.dsx
CIFXCLP.dsx
CIFXDHP.dsx
CIFXDLP.dsx
CIFXDLPH.dsx
CIFXHHP.dsx
CIFXHRP.dsx
CIFXHRPH.dsx
CIFXHSP.dsx
CIFXHSPH.dsx
CIFXMRP.dsx
CIFXRHP.dsx
CIFXSFP.dsx
CIFXSFPH.dsx
CIFXSHP.dsx
CIFXTTP.dsx
CILFDCP1.dsx
CILFDCP.dsx
CILFDDP1.dsx
CILFPOP.dsx
CILTRCP.dsx
CILTRDP.dsx
CIP101.dsx
CIPINCP2.dsx
CIRINCP.dsx
CIRPTGP1.dsx
CIRPTGP.dsx
CISFRTP.dsx
CISSWPP.dsx
CISWAPP.dsx
CISWCLP.dsx
CISWTCP1.dsx
CISWTCP.dsx
CISZNIP.dsx
CITXLTP.dsx
CIXACJP.dsx
CIZCNIP.dsx
CK245WP.dsx
CK343WP.dsx
CK351WP1.dsx
CK351WP2.dsx
CK351WP3.dsx
CK351WP.dsx
CK352WP.dsx
CK353WP.dsx
CK354WP2.dsx
CK354WP.dsx
CK355WP.dsx
CK356WP2.dsx
CK356WP.dsx
CK358WP1.dsx
CK358WP2.dsx
CK359WP1.dsx
CK359WP.dsx
CK360WP.dsx
CK365WP1.dsx
CK365WP.dsx
CK366WP.dsx
CK367WP.dsx
CK368WP.dsx
CK380WP.dsx
CK381WP.dsx
CK382WP.dsx
CK383WP.dsx
CK407WP.dsx
CK408WP.dsx
CK413WP.dsx
CK418WP.dsx
CK424WP.dsx
CK425WP.dsx
CK753WP.dsx
CKBLOTP1.dsx
CKBLOTP2.dsx
CKBLOTP3.dsx
CKBLOTP5.dsx
CKBLOTP6.dsx
CKBLOTP9.dsx
CKBLOTP.dsx
CKBLOTPW.dsx
CKBSKTP.dsx
CKCDAJPY.dsx
CKCDAUP.dsx
CKCMTMP.dsx
CKCPAGP.dsx
CKCPCWP.dsx
CKCPIWP.dsx
CKCPTDP.dsx
CKCRAJP1.dsx
CKCRAJP.dsx
CKCRAJPY.dsx
CKCRBTP.dsx
CKCRCAP.dsx
CKCRCHP.dsx
CKCRCJP.dsx
CKCRCPP.dsx
CKCRMJP.dsx
CKCRMOP.dsx
CKCRSBP.dsx
CKCRTJP.dsx
CKCWMAP.dsx
CKCWMHP.dsx
CKCWMJP.dsx
CKCWTBP.dsx
CKCYWTP.dsx
CKDLAJPY.dsx
CKDSLDP.dsx
CKDSNCP.dsx
CKEXCPP1.dsx
CKEXCPP.dsx
CKEXCPPT.dsx
CKEXCPPY.dsx
CKEXPAP.dsx
CKEXPDP.dsx
CKEXPHP.dsx
CKEXPJP.dsx
CKEXPLP.dsx
CKEXPLPY.dsx
CKFECLP.dsx
CKFESCP.dsx
CKFEXJP.dsx
CKFEXJPT.dsx
CKGHCLP.dsx
CKGLALP.dsx
CKGLECP.dsx
CKGLEDP.dsx
CKGLEXP.dsx
CKGLFBPD.dsx
CKGLFBP.dsx
CKGLFBPN.dsx
CKGLFBPY.dsx
CKGLFDPN.dsx
CKGLFOPD.dsx
CKGLFSPD.dsx
CKGLFSP.dsx
CKGLFSPN.dsx
CKGLFSPY.dsx
CKGLHCP.dsx
CKGLHDP.dsx
CKGLICP.dsx
CKGLIDP.dsx
CKGLKCP.dsx
CKGLKDP.dsx
CKGLMAP.dsx
CKGLMCP.dsx
CKGLMDP.dsx
CKGLNCP.dsx
CKGLNDP.dsx
CKGLOCP.dsx
CKGLODP.dsx
CKGLOGP.dsx
CKGLTCP.dsx
CKGLTDP.dsx
CKGLUCP.dsx
CKGLUDP.dsx
CKGLXPP.dsx
CKGRLMP.dsx
CKGRMAP.dsx
CKGRMHP.dsx
CKGRMJP.dsx
CKGSTDP.dsx
CKGSTLP.dsx
CKINFCP.dsx
CKIRACP.dsx
CKIRDCP.dsx
CKIRECP.dsx
CKIRFJP.dsx
CKIRGCP.dsx
CKIRHCP.dsx
CKIRSJP.dsx
CKIRSPP.dsx
CKLMCGP.dsx
CKLMMAP.dsx
CKLMMHP.dsx
CKLMMJP.dsx
CKMAAGP.dsx
CKMADAP.dsx
CKMADHP.dsx
CKMADJP.dsx
CKMADLP.dsx
CKMAHAP.dsx
CKMAHDP.dsx
CKMAHHP.dsx
CKMAHJP.dsx
CKMPDGP.dsx
CKNACPP.dsx
CKNHAAP.dsx
CKOVMAP.dsx
CKOVMHP.dsx
CKOVMJP.dsx
CKRNCJP.dsx
CKRSCLP.dsx
CKSBMAP.dsx
CKSBMHP.dsx
CKSBMJP2.dsx
CKSBMJP.dsx
CKSCENP.dsx
CKSCMAP.dsx
CKSCMHP.dsx
CKSPHDP.dsx
CKSPMAP.dsx
CKSPMHP.dsx
CKSPMJP.dsx
CKSSDJP.dsx
CKSTCKP.dsx
CKXCTJP1.dsx
CKXCTJP2.dsx
CKXCTJP4.dsx
CKXCTJP5.dsx
CKXCTJP6.dsx
CKXCTJP7.dsx
CKXCTJP.dsx
CNERATP.dsx
CNEXBLP.dsx
CNFDDTWP.dsx
CNFDSTWP.dsx
CNFEFWP.dsx
CNFPRCP.dsx
CNFUEXP.dsx
CNFUTCP.dsx
CNIDBTP.dsx
CNIDCTP.dsx
CNIRATP.dsx
CNLDPDP.dsx
CNOPEXP.dsx
CNOPRCP.dsx
CNOPTCP.dsx
CNOWTRP.dsx
CNREMKP.dsx
CNRPSQP.dsx
CNSDCPP.dsx
CNSRATP.dsx
CNSSSDP1.dsx
CNSSSDP2.dsx
CNSTDPP.dsx
CNTT01WP.dsx
CNTT05P1.dsx
CNTT05P402.dsx
CNTT05P.dsx
CNTT533WP.dsx
CNTTCYP.dsx
CNTTPQP402.dsx
CNTTPQP.dsx
CNTTSPP.dsx
CNTTTRP.dsx
CNTTTVP.dsx
CNYDCVP.dsx
CTAXCTP1.dsx
CTAXCTP.dsx
CTCBRHP.dsx
CTCBRJP.dsx
CTCBRLP.dsx
CTCBRWP.dsx
CTCRHAP.dsx
CTCRHHP.dsx
CTDBLHP.dsx
CTDHCTP.dsx
CTDIAHP.dsx
CTDIRHP.dsx
CTDIRLP.dsx
CTXACJP.dsx
DB360MP1.dsx
DB360MP2.dsx
DB360MP3.dsx
DB360MP4.dsx
DB360ZP1.dsx
DB360ZP2.dsx
DB360ZP3.dsx
DB360ZP4.dsx
DB404WP.dsx
DB418WP.dsx
DB419WP.dsx
DBACSTP.dsx
DBALDWP1.dsx
DBALDWP.dsx
DBALDWPH.dsx
DBALGLP.dsx
DBALGMP.dsx
DBALGMPH.dsx
DBALGWP.dsx
DBALGWPH.dsx
DBCKLMP.dsx
DBCKLWP.dsx
DBCOLAP.dsx
DBCOLWP.dsx
DBCPIPP.dsx
DBCSSTP.dsx
DBDLSTP.dsx
DBDLSWP.dsx
DBDMCPP.dsx
DBDMDPP.dsx
DBEXBRP.dsx
DBEXMGP.dsx
DBEXSTP.dsx
DBHCRLP.dsx
DBICEWP.dsx
DBICEXP.dsx
DBLMSTP.dsx
DBNIMAP.dsx
DBNMSTP.dsx
DBNMSTPOLD.dsx
DBNZSTP.dsx
DBNZSTPOLD.dsx
DBPCTRP.dsx
DBPDCTP.dsx
DBSPTMP.dsx
DDDAMEP.dsx
DDPDCPP.dsx
DDPPJNP.dsx
DDPPJSP.dsx
DDPPJZP.dsx
DE070WP.dsx
DE074WP1.dsx
DE074WP2.dsx
DE074WP.dsx
DE088WP.dsx
DE090WP.dsx
DE302WP.dsx
DE304WP1.dsx
DE304WP2.dsx
DE305WP.dsx
DE306WP.dsx
DE308WP.dsx
DE309WP.dsx
DE310WP.dsx
DE311WP.dsx
DE403WP.dsx
DE404WP.dsx
DEACTJP.dsx
DEAPFFP.dsx
DEBSCFP.dsx
DECAMFP.dsx
DECAMJP.dsx
DECDIFP.dsx
DECDIJP.dsx
DECMPFP.dsx
DECPMFP.dsx
DECSDIP.dsx
DECSDJP.dsx
DEDDMAP.dsx
DEDDMHP.dsx
DEDDMJP.dsx
DEDFDVP.dsx
DEDIMAP.dsx
DEDIMHP.dsx
DEDIMJP.dsx
DEDLBFP.dsx
DEDLBHP.dsx
DEDLSIP.dsx
DEDSAGP.dsx
DEDSIPP.dsx
DEDVCTP.dsx
DEDVTJP.dsx
DEEUCFP.dsx
DEEXERP.dsx
DEFMTFP.dsx
DEFTCRP.dsx
DEFTFRP.dsx
DEFTIFP.dsx
DEFTIRP.dsx
DEFTPIP.dsx
DEFTPIP#.dsx
DEFTPOP.dsx
DEFTPRP.dsx
DEFTSEP.dsx
DEHOPRP.dsx
DEINPFP.dsx
DEISOFP.dsx
DELBAFP.dsx
DELBDFP.dsx
DELBPFP.dsx
DEMFTPP.dsx
DEMSESP.dsx
DEOMCHP.dsx
DEOMCJP.dsx
DEOMSCP1.dsx
DEOMSCP.dsx
DEOMSFP.dsx
DEOMSHP.dsx
DEOMSJP.dsx
DEOSDIP.dsx
DEOSDJP.dsx
DEPRTFP.dsx
DEQENTP.dsx
DEQEVP.dsx
DEQREP.dsx
DESCMFP.dsx
DESESFP.dsx
DESTPFP.dsx
DESTPHP.dsx
DETBCP.dsx
DETBCP#.dsx
DEULBFP.dsx
DGDHDCP.dsx
DGDHDSP.dsx
DGEPTXP1.dsx
DGIPDTP.dsx
DGIPECP.dsx
DGIPTFP.dsx
DGMAPIP.dsx
DGMAPTP.dsx
DGSDMAP.dsx
DGSDMHP.dsx
DGSDMJP.dsx
DGSSYAP.dsx
DGSSYCP.dsx
DGSSYSP.dsx
DI170WP.dsx
DI252WP.dsx
DI452WP.dsx
DI701WP.dsx
DI709WP.dsx
DI711WP1.dsx
DI711WP.dsx
DI718WP1.dsx
DI718WP.dsx
DI752WP.dsx
DI802WP1.dsx
DI802WP2.dsx
DI803WP9.dsx
DI803WP.dsx
DI804WP9.dsx
DI804WP.dsx
DIHSCFP1.dsx
DIHSCFP.dsx
DIHSCIP.dsx
DIHSDIP.dsx
DIHSDLP.dsx
DIHSLGP.dsx
DIHSLIP.dsx
DIHSPDP.dsx
DIHSPIP.dsx
DIHSPMP.dsx
DIMCACP.dsx
DIMNZCP.dsx
DIMSTLP.dsx
DINMRSP.dsx
DINZLNP.dsx
DINZRSP.dsx
DIREUJP.dsx
DIRMDNP.dsx
DIRNI2P.dsx
DIRNI2PH.dsx
DIRNIJP.dsx
DIRSMTP.dsx
DIRXRFP.dsx
DITRFJP.dsx
DITRFJPH.dsx
EPSYCPP.dsx
ET003WP.dsx
ET401WP1.dsx
ET401WP1Z.dsx
ET401WP.dsx
ET402WP1.dsx
ET402WP1Z.dsx
ET402WP.dsx
ET403WP1.dsx
ET403WP1Z.dsx
ET403WP.dsx
ET404AWP.dsx
ET404BWP.dsx
ET404CWP.dsx
ET404DWP.dsx
ET404WP1.dsx
ET404WP1Z.dsx
ET405AWP.dsx
ET405BWP.dsx
ET405CWP.dsx
ET405DWP.dsx
ET405EWP.dsx
ET406WP1.dsx
ET406WP1Z.dsx
ET406WP.dsx
ET408WP1.dsx
ET408WP1Z.dsx
ET408WP.dsx
ET409WP1.dsx
ET409WP1Z.dsx
ET409WP.dsx
ET411WP1.dsx
ET411WP1Z.dsx
ET411WP.dsx
ET411XP1.dsx
ET411XP1Z.dsx
ET411XP.dsx
ET417WP1.dsx
ET417WP1Z.dsx
ET417WP.dsx
ET418WP1.dsx
ET418WP1Z.dsx
ET418WP.dsx
ET419WP1.dsx
ET419WP1Z.dsx
ET419WP.dsx
ETBSKTP.dsx
ETBSKTPY.dsx
ETCPIPP.dsx
ETCPIPPY.dsx
ETCPSIP.dsx
ETCPSIPY.dsx
ETCRATP.dsx
ETDEALP.dsx
ETDEALPY.dsx
ETDLTBP.dsx
ETDLTBPY.dsx
ETDSLMP.dsx
ETDSLMPY.dsx
ETDSLUP.dsx
ETDSLUPY.dsx
ETERATP.dsx
ETERATPY.dsx
ETFTPLP.dsx
ETFXALP.dsx
ETFXALPY.dsx
ETFXEJP9.dsx
ETFXEJP.dsx
ETFXEMP.dsx
ETHLDCP.dsx
ETLDPDP.dsx
ETLDPDPY.dsx
ETMMKFP.dsx
ETMMKFPY.dsx
ETOVLMP.dsx
ETOVLMPY.dsx
ETOVLUP.dsx
ETOVLUPY.dsx
ETSBLMP.dsx
ETSBLMPY.dsx
ETSBLUP.dsx
ETSBLUPY.dsx
ETSPHDP.dsx
ETSPHDPY.dsx
ETSUPDP.dsx
ETSUPDPY.dsx
ETTENRP.dsx
ETTENRPY.dsx
ETXDFPP.dsx
ETXHDRP.dsx
ETXSTSP.dsx
EX203WP2.dsx
EX203WP.dsx
EX304WP.dsx
EX403WP.dsx
EX407WP.dsx
EX408WP.dsx
EX503WP.dsx
EXBLOTP1.dsx
EXBLOTP2.dsx
EXBLOTP3.dsx
EXBLOTP4.dsx
EXBLOTP5.dsx
EXBLOTP6.dsx
EXBLOTP9.dsx
EXBLOTP.dsx
EXBLTWP.dsx
EXDLMAP.dsx
EXDLMHP.dsx
EXDLMJP.dsx
EXDLTBP0.dsx
EXDLTBP1.dsx
EXDLTBP2.dsx
EXDLTBP.dsx
EXMTMSP.dsx
EXMTMVP.dsx
EXPLDLP.dsx
EXRDYBP.dsx
EXRDYPP.dsx
EXRMBTP1.dsx
EXRMBTP.dsx
EXRMDTP.dsx
EXRMPLP.dsx
EXRMRYP.dsx
EXSLADP.dsx
EXXCTJP1.dsx
EXXCTJP.dsx
FE005WP1.dsx
FE005WP.dsx
FE008WP.dsx
FE504WP.dsx
FEFBTWP.dsx
FEFWBTP1.dsx
FEFWBTP.dsx
FEFWBTPT.dsx
FEFWBTPY.dsx
FEFWBTQ1.dsx
FEFWDLP.dsx
FEFWEUP1.dsx
FEFWEUP.dsx
FEFWTJP1.dsx
FEFWTJP.dsx
FO042WP.dsx
FOEPTXP.dsx
FOERATP.dsx
FOFDRQP.dsx
FOFPRCP.dsx
FOFPRUP.dsx
FOFWDLP.dsx
FOHDLSP.dsx
FOIPTXP.dsx
FOIRATP.dsx
FOREQ1P.dsx
FOREQ3P.dsx
FOREQ4P.dsx
FOREQ5P1.dsx
FOREQ5P.dsx
FOREQ6P.dsx
FOREQ8P.dsx
FOREQ9P.dsx
FOREQAP.dsx
FOREQDP.dsx
FOREQEP.dsx
FOREQFP.dsx
FOREQGP.dsx
FOREQHP.dsx
FOREQIP.dsx
FOREQKP.dsx
FOREQLP.dsx
FOREQMP.dsx
FOREQNP.dsx
FOREQOP.dsx
FOREQPP.dsx
FOREQQP.dsx
FORMPLP.dsx
FORMSGP.dsx
FOSPDLP.dsx
FOSRATP.dsx
FOTCSTP.dsx
FU408WP.dsx
FU409WP.dsx
FUCOLLP.dsx
FUEXCHP.dsx
FUEXMAP.dsx
FUEXMHP.dsx
FUEXMJP.dsx
FUFCMAP.dsx
FUFCMHP.dsx
FUFCMJP.dsx
FUFEMAP.dsx
FUFEMHP.dsx
FUFEMJP.dsx
FUFLMAP.dsx
FUFLMHP.dsx
FUFLMJP.dsx
FUFUBTP.dsx
FUFUBTPM.dsx
FUFUBTPN.dsx
FUFUEXP.dsx
FUFUEXPT.dsx
FUFUEXPY.dsx
FUFULMP.dsx
FUFULQP.dsx
FUFUTCP.dsx
FUFUTJP.dsx
FUGLMAP.dsx
FUGLMHP.dsx
FUGLMJP.dsx
FUGPLMP.dsx
FUISMAP.dsx
FUISMHP.dsx
FUISMJP.dsx
FUISPRP.dsx
FULADDP.dsx
FUOCMAP.dsx
FUOCMHP.dsx
FUOCMJP.dsx
FUOEMAP.dsx
FUOEMHP.dsx
FUOEMJP.dsx
FUOPBTP.dsx
FUOPBTPM.dsx
FUOPEXP.dsx
FUOPLQP.dsx
FUOPTCP.dsx
FUOPTJP.dsx
FUPARMP1.dsx
FUPARMP.dsx
FUPMMAP.dsx
FUPMMHP.dsx
FUPMMJP.dsx
FUSETJP.dsx
FUSETMP.dsx
FX@TTSFP.dsx
GI002WP.dsx
GI012WP.dsx
GIFXCNP1.dsx
GIFXCNP.dsx
GITMDPP1.dsx
GITMDPP.dsx
GLPPJNP.dsx
GLPPJSP.dsx
GLPPJZP.dsx
GLTNARP1.dsx
GLTRSTP1.dsx
GLTRSTPM.dsx
GRTR1WP.dsx
GRTR2WP.dsx
GSBRDFP.dsx
GSCASHP.dsx
GSCPGMP.dsx
GSCPGNP.dsx
GSCSHMP.dsx
GSCSHWP.dsx
GSETPAP.dsx
GSSTTLP.dsx
GSSTTMP.dsx
GSSTTWP.dsx
HTBCHCP1.dsx
HTBCHCP2.dsx
HTBCHCP5.dsx
HTBCHCP9.dsx
HTBCHCP.dsx
HTBDTCP.dsx
HTCBBJP.dsx
HTHCKJP.dsx
HTSKIPP.dsx
HTTSLMP.dsx
HXREQ1P.dsx
HXREQ2P.dsx
IECHACP.dsx
IENPDIP.dsx
IEPPJNP.dsx
IEPPJSP.dsx
IEPPJZP.dsx
IEPRDIP.dsx
IETNARP1.dsx
IF003WP.dsx
IFEVJLP1.dsx
IFEVJLP.dsx
IFEVPCP.dsx
IK407WP.dsx
IKIREBP.dsx
IKIRELP1.dsx
IKIRELP.dsx
IKIRLTP.dsx
IKIRTJP1.dsx
IKIRTJP.dsx
IKLTMAP.dsx
IKLTMHP.dsx
IKLTMJP.dsx
IKPCMAP.dsx
IKPCMHP.dsx
IKPCMJP.dsx
IKPSCYP.dsx
IKRPTWP.dsx
IPSYCPP.dsx
IS409WP.dsx
IS410WP.dsx
IS411WP.dsx
IS414WP1.dsx
IS414WP2.dsx
IS414WP3.dsx
IS414WP4.dsx
IS414WP5.dsx
IS414WP6.dsx
IS415WP.dsx
IS416WP.dsx
IS417WP.dsx
IS418WP1.dsx
IS418WP2.dsx
IS418WP3.dsx
IS418WP.dsx
IS419WP.dsx
IS420WP.dsx
IS421WP1.dsx
IS421WP.dsx
ISCPSAP.dsx
ISCPSCP.dsx
ISCPSHP.dsx
ISCPSIP.dsx
ISCPSJP.dsx
ISNBFRP.dsx
ISNMMAP.dsx
ISNMMHP.dsx
ISNMMIP.dsx
ISNMMJP.dsx
ISNMMSP.dsx
ISNMMSPH.dsx
ISNMMSPT.dsx
ISNMMSPX.dsx
ISNMMSPY.dsx
ISNMPAP.dsx
ISNMPCP.dsx
ISNMPCPH.dsx
ISNMPHP.dsx
ISNMPJP.dsx
ISNMPTP.dsx
ISNMSAP.dsx
ISNMSDP.dsx
ISNMSDPY.dsx
ISNMSHP.dsx
ISNMSIP.dsx
ISNMSJP.dsx
ISNMSTP.dsx
ISNZMSP.dsx
ISNZMSPH.dsx
ISNZPCP.dsx
ISNZPCPH.dsx
ISNZPJP.dsx
ISNZSDP.dsx
ISNZSTP.dsx
ISPCLGP.dsx
MM051WP.dsx
MM056WP1.dsx
MM056WP.dsx
MM066WP.dsx
MM408WP1.dsx
MM430WP.dsx
MM436WP.dsx
MM446WP.dsx
MM450RP.dsx
MM457WP.dsx
MM461WP.dsx
MM469WP.dsx
MM470WP.dsx
MM472WP.dsx
MM474WP.dsx
MM475WP.dsx
MM476WP.dsx
MM478WP.dsx
MM481WP.dsx
MM484WP.dsx
MM485WP.dsx
MM487WP.dsx
MM488WP2.dsx
MM488WP.dsx
MM490WP1.dsx
MM490WP2.dsx
MM490WP3.dsx
MM491WP1.dsx
MM491WP.dsx
MM494WP1.dsx
MM494WP2.dsx
MMBDEAP.dsx
MMBDEHP.dsx
MMBDEJP.dsx
MMBDPMP.dsx
MMBNFBP.dsx
MMBNFJP.dsx
MMCABTP1.dsx
MMCABTP.dsx
MMCABTPY.dsx
MMCATJP.dsx
MMCODFP.dsx
MMDLPSP1.dsx
MMDLPSP.dsx
MMDPMAP.dsx
MMDPMHP.dsx
MMDPMJP.dsx
MMFCTDP.dsx
MMFEEUP.dsx
MMFELDP.dsx
MMFRBTP.dsx
MMFRBTPN.dsx
MMFRBTPY.dsx
MMFRMAP.dsx
MMFRMHP.dsx
MMFRMJP.dsx
MMFRRTP.dsx
MMFRRTPT.dsx
MMFRRTPX.dsx
MMFRRTPY.dsx
MMFRTJP.dsx
MMGSMAP.dsx
MMGSMHP.dsx
MMGSMJP.dsx
MMGSPDP.dsx
MMGSPDPT.dsx
MMGSPDPY.dsx
MMLDDRP1.dsx
MMLDEUP1.dsx
MMMADFP.dsx
MMMADJP.dsx
MMMCHAP.dsx
MMMCHHP.dsx
MMMCHJP.dsx
MMMCHSP.dsx
MMMTMSP.dsx
MMNMASP.dsx
MMNMASPM.dsx
MMNMBTP1.dsx
MMNMBTPH.dsx
MMNMBTPL.dsx
MMNMBTPM.dsx
MMNMEPP.dsx
MMNMHAP.dsx
MMNMHHP.dsx
MMNMHJP.dsx
MMNMHSP.dsx
MMNMLNP1.dsx
MMNMLNP.dsx
MMNMLNPH.dsx
MMNMLNPM.dsx
MMNMLNPN.dsx
MMNMPBP.dsx
MMNMPBPY.dsx
MMNMRAP.dsx
MMNMRHP.dsx
MMNMRJP.dsx
MMNMRTP.dsx
MMNMRTPT.dsx
MMNMRTPX.dsx
MMNMRTPY.dsx
MMNMTJP.dsx
MMNMZEP.dsx
MMNRMAP.dsx
MMNRMHP.dsx
MMNRMJP.dsx
MMNSECP.dsx
MMNZASP.dsx
MMNZASPM.dsx
MMNZBTP1.dsx
MMNZBTP.dsx
MMNZBTPH.dsx
MMNZBTPL.dsx
MMNZBTPM.dsx
MMNZBTPN.dsx
MMNZHAP.dsx
MMNZHHP.dsx
MMNZHJP.dsx
MMNZHSP.dsx
MMNZHWP.dsx
MMNZLNP1.dsx
MMNZLNP2.dsx
MMNZLNP.dsx
MMNZLNPH.dsx
MMNZLNPM.dsx
MMNZLNPN.dsx
MMNZLNPY.dsx
MMNZRTP.dsx
MMNZRTPT.dsx
MMNZRTPY.dsx
MMNZTJP.dsx
MMPCMPP.dsx
MMPOSMP.dsx
MMPOSMPM.dsx
MMPOSZP.dsx
MMPOSZPM.dsx
MMRESCP.dsx
MMSCPOP.dsx
MMSCTFP.dsx
MMSDEUP.dsx
MMSETJP.dsx
MMSETMP.dsx
MMSKPNP.dsx
MMSLEUP.dsx
MMSLMAP.dsx
MMSLMHP.dsx
MMSLMJP.dsx
MMSOHAP.dsx
MMSOHHP.dsx
MMSOHJP.dsx
MMSOHPP.dsx
MMSSMAP.dsx
MMSSMHP.dsx
MMSSMJP.dsx
MMSSPDP.dsx
MMSSPDPT.dsx
MMSSPDPY.dsx
MMSTFBP.dsx
MMSTFJP.dsx
MMSWBTP1.dsx
MMSWBTP2.dsx
MMSWBTPL.dsx
MMSWBTPM.dsx
MMSWBTPP1.dsx
MMSWBTPP2.dsx
MMSWBTPP3.dsx
MMSWBTPP4.dsx
MMSWBTPP5.dsx
MMSWBTPP6.dsx
MMSWDLP.dsx
MMSWLMP.dsx
MMSWTJP.dsx
MMTDMPP.dsx
MMTDRLP.dsx
MMTDRPP.dsx
MMYCMAP.dsx
MMYCMHP.dsx
MMYCMJP.dsx
MMYDCVP3.dsx
MMYDCVP.dsx
MMYDCVPT.dsx
MMYDCVPY.dsx
MMZCBTPM.dsx
MMZCTJP.dsx
MP271WP.dsx
MP272WP.dsx
MP274WP.dsx
MP275WP.dsx
MP339WP.dsx
MP446WPA.dsx
MP446WP.dsx
MP450WP.dsx
MP451WP.dsx
MP456WP.dsx
MP469WP.dsx
MP470WP.dsx
MP471WP.dsx
MP484WP.dsx
MP485WP.dsx
MP487WP.dsx
MP501WP.dsx
MP503WP.dsx
MP515RP.dsx
MPBRKCP.dsx
MPBRKWP.dsx
MPBTBIP.dsx
MPCLBDP.dsx
MPCLBHP.dsx
MPCLBJP1.dsx
MPCLBJP.dsx
MPCUCDP.dsx
MPCUCJP.dsx
MPCYTBP.dsx
MPDLPPP.dsx
MPDLTKP.dsx
MPECMGP1.dsx
MPECMGP.dsx
MPECMGPY.dsx
MPEFWDP9.dsx
MPEFWDPM.dsx
MPEFWDPT.dsx
MPEFWHP.dsx
MPEFWJP1.dsx
MPEFWJP.dsx
MPESPJP1.dsx
MPESPJP.dsx
MPESPTP9.dsx
MPESPTP.dsx
MPESPTPM.dsx
MPEXAUP.dsx
MPEXSCP.dsx
MPFFUHP.dsx
MPFFUJP.dsx
MPFFUJPM.dsx
MPFFUTP.dsx
MPFLACP.dsx
MPFLAUP.dsx
MPFLSCP.dsx
MPFOPHP.dsx
MPFOPJP.dsx
MPFOPJPM.dsx
MPFOPTP.dsx
MPFRCTP1.dsx
MPFRCTP.dsx
MPHPMAP.dsx
MPHPMHP.dsx
MPHPMJP.dsx
MPHPMJPM.dsx
MPIDCOP.dsx
MPIDCPP.dsx
MPIDDWP1.dsx
MPIDLHP.dsx
MPIDSGP.dsx
MPIDTXP1.dsx
MPIDTXP.dsx
MPIDXDP.dsx
MPMCAHP.dsx
MPMCAJP1.dsx
MPMCAJP.dsx
MPMCAJPM.dsx
MPMCALP1.dsx
MPMCALP.dsx
MPMCALPM.dsx
MPMCALPY.dsx
MPMFRAP.dsx
MPMFRAPM.dsx
MPMFRAPY.dsx
MPMFRHP.dsx
MPMFRJP1.dsx
MPMFRJP.dsx
MPMFRJPM.dsx
MPMMCHP.dsx
MPMMCJP1.dsx
MPMMCJP.dsx
MPMMCJPM.dsx
MPMMCPP1.dsx
MPMNMCP@07.dsx
MPMNMCP1.dsx
MPMNMJP1.dsx
MPMNMJP.dsx
MPMNMJPM.dsx
MPMNZCP1.dsx
MPMNZCP2.dsx
MPMNZCP.dsx
MPMNZCPY.dsx
MPMNZHP.dsx
MPMNZJP1.dsx
MPMNZJP.dsx
MPMNZJPM.dsx
MPMSWHP.dsx
MPMSWJP1.dsx
MPMSWJP.dsx
MPMSWPP1.dsx
MPMSWPP2.dsx
MPMSWPPY.dsx
MPMZCHP.dsx
MPMZCJP1.dsx
MPMZCJP.dsx
MPMZCPP@07.dsx
MPMZCPP1.dsx
MPNTFAP.dsx
MPNTFBP.dsx
MPNTFHP.dsx
MPNTFJP.dsx
MPNTMAP.dsx
MPNTMHP.dsx
MPNTMJP.dsx
MPORSCP.dsx
MPORSHP.dsx
MPORSJP1.dsx
MPORSJP.dsx
MPORSLP.dsx
MPP261.dsx
MPSFLAP.dsx
MPSFLCP.dsx
MPSFLHP.dsx
MPSFLJP.dsx
MPSWSCP1.dsx
MR004WP.dsx
MR220WP.dsx
MR428WP.dsx
MR429WP.dsx
MR941WP.dsx
MRBLOIP.dsx
MRBLOTP1.dsx
MRBLOWP.dsx
MRBUEWP.dsx
MRBULEPE.dsx
MRBULIP.dsx
MRBULWP2.dsx
MRBULWP.dsx
MRBUMPP.dsx
MRDALWP2.dsx
MRDALWP.dsx
MRDFCCP_BX.dsx
MRDFCCP.dsx
MRDFCDP_BX.dsx
MRDFCDP.dsx
MRDFICP.dsx
MRDFIDP.dsx
MRDFLCP1.dsx
MRDFLCP_BX.dsx
MRDFLCPC.dsx
MRDFLCP.dsx
MRDFLCPT.dsx
MRDFLCPX.dsx
MRDFLCPY.dsx
MRDFLDP1.dsx
MRDFLDP_BX.dsx
MRDFLDPC.dsx
MRDFLDP.dsx
MRDFLDPT.dsx
MRDFLDPX.dsx
MRDFLDPY.dsx
MRDLBFP.dsx
MRDLBNP.dsx
MRDSKCP.dsx
MRDSKDP.dsx
MRECMGP.dsx
MRFACTP.dsx
MRGDKCP.dsx
MRGDKDP.dsx
MRGDLMP.dsx
MRHRBTP.dsx
MRHREWP.dsx
MRHRIPP.dsx
MRHRMXP.dsx
MRHRUDP.dsx
MRMLMAP.dsx
MRMLMHP.dsx
MRMLMJP.dsx
MRMRLMP.dsx
MRORPMP.dsx
MRPDGPP.dsx
MRPDGPWP.dsx
MRPXCLP.dsx
MRSYPMP.dsx
MRWSNDP.dsx
MRXCTJP4.dsx
MRXCTJP6.dsx
MRXCTJP7.dsx
MRXCTJP.dsx
MRXCTJPZ.dsx
MRYCMPP.dsx
MRYCUSP.dsx
MRYCUSWP2.dsx
MRYCUSWP.dsx
ORBBCPP.dsx
RC402RP.dsx
RCAUDJP.dsx
RCBPTJP.dsx
RCBPTTP.dsx
RCCYTJP.dsx
RCCYTLP.dsx
RCEEDJP.dsx
RCEEDLP.dsx
RCFXPCP.dsx
RCFXPDP.dsx
RCPPRCP.dsx
RCPPRJP.dsx
RCPROFP.dsx
RCRFRJP.dsx
RCRFRTP.dsx
SCSXRGP.dsx
SE009WP.dsx
SE015WP.dsx
SE017WP.dsx
SE039WP.dsx
SE314WP.dsx
SE431WP.dsx
SE432WP.dsx
SEBRMAP.dsx
SEBRMHP.dsx
SEBRMJP.dsx
SEBRSIP.dsx
SECPMAP.dsx
SECPMHP.dsx
SECPMJP1.dsx
SECPMJP.dsx
SECPNDP.dsx
SECPSDP.dsx
SECPSIP1.dsx
SEDFSIP.dsx
SEECCLP.dsx
SEECEXP.dsx
SEECLMP.dsx
SEECNBP.dsx
SEECSHP.dsx
SEECSTP.dsx
SEECSYP.dsx
SEFAIAP.dsx
SEFAIHP.dsx
SEFAIJP.dsx
SEFTSDP.dsx
SELCSIP1.dsx
SEMFDTP.dsx
SENETBP1.dsx
SENETBP2.dsx
SENETBP.dsx
SENETMP.dsx
SENODHP.dsx
SEOSBDP.dsx
SEOSBPP.dsx
SEOSMAP.dsx
SEOSMHP.dsx
SEOSMJP.dsx
SESIRBP1.dsx
SESIRJP.dsx
SETTDTP.dsx
SETXPCP1.dsx
SETXPFP1.dsx
SS694WP.dsx
SSACEXP.dsx
SSADAYP.dsx
SSAFNAP.dsx
SSAFNJP.dsx
SSAFNPP.dsx
SSARFLP.dsx
SSAUAPP.dsx
SSBCDFP.dsx
SSBHBCP9.dsx
SSBHBCP.dsx
SSBHFWP.dsx
SSBHGAP1.dsx
SSBHGAP.dsx
SSBHGCP1.dsx
SSBHGCP.dsx
SSBHGIP1.dsx
SSBHGIP.dsx
SSBHGMP1.dsx
SSBHGMP.dsx
SSBHGPP.dsx
SSBHGVP.dsx
SSBHJAP1.dsx
SSBHJAP.dsx
SSBHJCP1.dsx
SSBHJCP.dsx
SSBHJIP1.dsx
SSBHJIP.dsx
SSBHJMP1.dsx
SSBHJMP.dsx
SSBHJPP.dsx
SSBHJVP.dsx
SSBHLWP.dsx
SSBHMWP.dsx
SSBRCPP.dsx
SSCBACP.dsx
SSCBBHP.dsx
SSCBBNP.dsx
SSCBCBP.dsx
SSCBHBP1.dsx
SSCBHBP.dsx
SSCBKBP.dsx
SSCBLBP.dsx
SSCBNBP.dsx
SSCBPCP.dsx
SSCBPRP.dsx
SSCMFNP.dsx
SSCOMWP1.dsx
SSCOMWP2.dsx
SSCOMWP3.dsx
SSCTMHP1.dsx
SSCTMHP.dsx
SSCVFNP.dsx
SSCVSTP.dsx
SSCYIFP.dsx
SSCYIFPY.dsx
SSCYIJP.dsx
SSDATAP.dsx
SSDATEPC.dsx
SSDATEP.dsx
SSDATHP.dsx
SSDATJP.dsx
SSDLPWP.dsx
SSERSSP.dsx
SSERUSP.dsx
SSEXPSP.dsx
SSEXRSP.dsx
SSEXRTP.dsx
SSFILEP.dsx
SSFNCLP.dsx
SSGEXFP.dsx
SSGHCLP.dsx
SSGMCPP.dsx
SS@GRRFP.dsx
SSGSWPP.dsx
SSHDYJP.dsx
SSHLDGP#1.dsx
SSHLDGP.dsx
SSINCRP.dsx
SSLPDTP.dsx
SSMCLPP.dsx
SSMNCLP.dsx
SSMNLPP.dsx
SSPGSTP.dsx
SSPWEXP.dsx
SSPWRDP.dsx
SSPWRJP.dsx
SSREXPP.dsx
SSRLNNP.dsx
SSRLNPP.dsx
SSRLNWP.dsx
SSRPAPP.dsx
SS@RPATP.dsx
SSRPDTP.dsx
SSRPDTPZ.dsx
SSRPRPP.dsx
SSSDCPP.dsx
SSTICAP.dsx
SS@TRSFP.dsx
SS@TSACP.dsx
SSULMCP.dsx
SSUSERP.dsx
SSUSRAP.dsx
SSWSCAP.dsx
SSWSCJP.dsx
SSWSCPP.dsx
ST103WP.dsx
ST104WP.dsx
ST105WP.dsx
ST110WP.dsx
ST113WP.dsx
ST118WP.dsx
STCCPSPM.dsx
STCPETP.dsx
STFRTOP.dsx
STPCPSP1.dsx
STTCPJP1.dsx
STTCPJP2.dsx
STXCTJP.dsx
TCPDCPP.dsx
TDPDCPP.dsx
TFRSPLFWP.dsx
TI072WP.dsx
TI073WP.dsx
TI074WP.dsx
TI080WP.dsx
TI906AWP.dsx
TI906WP1.dsx
TI906WP.dsx
TI920WP.dsx
TI941WP.dsx
TI943WP.dsx
TI949WP1.dsx
TI949WP2.dsx
TI960WP1.dsx
TI960WP2.dsx
TI962WP1.dsx
TI962WP2.dsx
TI964WP1.dsx
TI964WP2.dsx
TIBLRJP.dsx
TIBLRLP.dsx
TIBLRMP.dsx
TIBUDJP1.dsx
TIDLXJP1.dsx
TIDLXJPY.dsx
TIDWLCP.dsx
TIEVHMP.dsx
TIEVXJP1.dsx
TIEVXJP2.dsx
TIEVXJPY.dsx
TIFEXJPY.dsx
TIFLXJPY.dsx
TIFTPLP.dsx
TIFTPMP.dsx
TIHLTBP.dsx
TILGXJPY.dsx
TINSDJPY.dsx
TIOCYGP.dsx
TIRBKDP1.dsx
TIRBKDP.dsx
TIRBKFP.dsx
TIRBKWP.dsx
TIRDLDP1.dsx
TIRDLDP.dsx
TIRDLFP.dsx
TIRECIP.dsx
TIREGNP.dsx
TIRTASP.dsx
TIRTAXP.dsx
TIRTBMP.dsx
TIRTCCP.dsx
TIRTCMP.dsx
TIRTEXP.dsx
TIRTIDP.dsx
TIRTPDP.dsx
TIRTPWP1.dsx
TIRTPWP2.dsx
TIRTPWP.dsx
TIRTPWPT.dsx
TIRTSDP.dsx
TISTDPP.dsx
TISYDTP.dsx
TISYSDP.dsx
TITRXJPY.dsx
TIXCTJP2.dsx
TIXCTJP4.dsx
TIXCTJP6.dsx
TIXCTJP8.dsx
TIXCTJP9.dsx
TIXCTJPA.dsx
TIXCTJP.dsx
TLDRATP.dsx
TNBANJP1.dsx
TNBANJP.dsx
TNBANOP.dsx
TNBTCHP.dsx
TNCASHP.dsx
TNCPGNP.dsx
TNEXCHP.dsx
TNINTRP.dsx
TNSTTLP.dsx
TNTIMEP.dsx
TNTIMJP1.dsx
TNTIMJP.dsx
TRCFFDP.dsx
TRCPIPP.dsx
TRFLAGP.dsx
TRTGMDP.dsx
TRTMTBP.dsx
TRTXPCP.dsx
TRTXPFP.dsx
TT058WP1.dsx
TT058WP2.dsx
TT058WP.dsx
TT096WP1.dsx
TT096WP2.dsx
TT323WP.dsx
TT339WP.dsx
TT357WP1.dsx
TT357WP2.dsx
TT357WP3.dsx
TT357WP4.dsx
TT358WP1.dsx
TT358WP2.dsx
TT358WP3.dsx
TT358WP4.dsx
TT372WP.dsx
TT429WP.dsx
TT430WP.dsx
TT527WP.dsx
TT533WP1.dsx
TT533WP.dsx
TT536WP.dsx
TT545WP.dsx
TT551WP.dsx
TT552WP.dsx
TT553WP.dsx
TT554WP.dsx
TT555WP.dsx
TT556WP.dsx
TT557WP.dsx
TT558WP.dsx
TT561WP.dsx
TT579WP.dsx
TT581WP.dsx
TT582AWP.dsx
TT582BWP.dsx
TT582DWP.dsx
TT582TWP.dsx
TT582WP1.dsx
TT582WP.dsx
TT662WP.dsx
TT694WP1.dsx
TT694WP2.dsx
TT906AP.dsx
TT906TP.dsx
TT956WP.dsx
TT965WP1.dsx
TT965WP2.dsx
TTABCTP.dsx
TTABDCP.dsx
TTABPMP.dsx
TTADTHP.dsx
TTALSFP#1.dsx
TTALSFP.dsx
TTALSFPZ.dsx
TTAMIDP.dsx
TTBCDUP.dsx
TTBCMAP.dsx
TTBCMHP.dsx
TTBCMJP.dsx
TTBDMAP.dsx
TTBDMHP.dsx
TTBDMJP.dsx
TTBKSPP.dsx
TTBRATP.dsx
TTBSPPP.dsx
TTBUDCP1.dsx
TTBUDDP1.dsx
TTCAPMP.dsx
TTCARWP1.dsx
TTCARWP.dsx
TTCAWTP.dsx
TTCCPLP.dsx
TTCDCDP.dsx
TTCEPDP.dsx
TTCLSMP.dsx
TTCLSYP.dsx
TTCMPTP.dsx
TTCPAAP.dsx
TTCPADP.dsx
TTCPAHP.dsx
TTCPAJP.dsx
TTCPIPPN.dsx
TTCPMAP.dsx
TTCPMHP.dsx
TTCPMIP.dsx
TTCPMJP.dsx
TTCPPCP.dsx
TTCPR1P.dsx
TTCPR2P.dsx
TTCPYFP.dsx
TTCRATP.dsx
TTCRATPT.dsx
TTCRATPY.dsx
TTCRCFP.dsx
TTCRMAP.dsx
TTCRMHP.dsx
TTCRMJP.dsx
TTCTREP.dsx
TTCYIFP.dsx
TTDFCAP.dsx
TTDFCCP.dsx
TTDFCHP.dsx
TTDFCJP.dsx
TTDGDFP.dsx
TTDGMAP.dsx
TTDGMHP.dsx
TTDGMJP.dsx
TTDPEXP.dsx
TTDSPJP.dsx
TTEMUPP.dsx
TTEPAVP.dsx
TTEPFMP.dsx
TTEPWKP.dsx
TTERAGP#1.dsx
TTERAGP.dsx
TTERATP.dsx
TTERATPT.dsx
TTERATPX.dsx
TTERATPY.dsx
TTERFSP.dsx
TTERMAP.dsx
TTERMHP.dsx
TTERMJP.dsx
TTESDCP.dsx
TTESTDP.dsx
TTEURRP.dsx
TTEXPCP.dsx
TTFAMAP.dsx
TTFAMHP.dsx
TTFAMJP.dsx
TTFEBCP.dsx
TTFFDSP.dsx
TTFLPCP.dsx
TTFPMAP.dsx
TTFPMHP.dsx
TTFPMJP.dsx
TTFPRCP1.dsx
TTFPRCP.dsx
TTFPRCPT.dsx
TTFPRCPX.dsx
TTFPRCPY.dsx
TTFTCDP.dsx
TTFTHTP.dsx
TTFTLGP.dsx
TTFTPLP.dsx
TTFURDP.dsx
TTFURDPT.dsx
TTFURDPY.dsx
TTFXFGP.dsx
TTFXFGPH.dsx
TTFXFHP.dsx
TTFXFIP.dsx
TTFXFLP.dsx
TTFXFNP.dsx
TTFXFOP.dsx
TTFXFRP.dsx
TTFXNCP.dsx
TTFXNRP.dsx
TTGBDPP.dsx
TTGBNSP.dsx
TTGCDCP#1.dsx
TTGCDCP.dsx
TTGCDCPZ.dsx
TTGCDPP.dsx
TTGCDPPY.dsx
TTGDCDP#1.dsx
TTGDCDP.dsx
TTGDCDPZ.dsx
TTGDLSP.dsx
TTGGCDP.dsx
TTGGLDP.dsx
TTGMCDP#1.dsx
TTGMCDP.dsx
TTGMCDPZ.dsx
TTGMEIP.dsx
TTGRELP.dsx
TTGSICP1.dsx
TTGSICP.dsx
TTGSIDP.dsx
TTGSPCP1.dsx
TTGSPCP.dsx
TTGSTCP.dsx
TTGWMAP.dsx
TTGWMHP.dsx
TTGWMJP.dsx
TTGXFPP.dsx
TTHASKP.dsx
TTHBACP.dsx
TTHBAGP.dsx
TTHBRMP.dsx
TTHCMJP.dsx
TTHCRLP.dsx
TTHSARP.dsx
TTHSPDP.dsx
TTIDRAP.dsx
TTIDRHP.dsx
TTIDRJP.dsx
TTIDRTP.dsx
TTIMCRP.dsx
TTIPACP.dsx
TTIPAVP.dsx
TTIPDIP.dsx
TTIPECP1.dsx
TTIPECP.dsx
TTIPFMP.dsx
TTIPWKP1.dsx
TTIPWKP.dsx
TTIRATP.dsx
TTIRATPX.dsx
TTIRFSP.dsx
TTIRMAP.dsx
TTIRMHP.dsx
TTIRMJP.dsx
TTLCPLP.dsx
TTLDPDPT.dsx
TTMBKCP.dsx
TTMKSDP.dsx
TTMRATP.dsx
TTNFWCFP.dsx
TTNFWCJP.dsx
TTOCTLP.dsx
TTOFECP.dsx
TTOFMAP.dsx
TTOFMHP.dsx
TTOFMJP.dsx
TTOFMKP.dsx
TTOFOTP.dsx
TTOFQYP.dsx
TTOPMAP.dsx
TTOPMHP.dsx
TTOPMJP.dsx
TTOPRCP1.dsx
TTOPRCP.dsx
TTOPRCPT.dsx
TTOPRCPX.dsx
TTOPRCPY.dsx
TTORMAP.dsx
TTORMHP.dsx
TTORMJP.dsx
TTPCPLP.dsx
TTPDCGP.dsx
TTPDCTP.dsx
TTPDEXP.dsx
TTPDGWP.dsx
TTPDMAP.dsx
TTPDMHP.dsx
TTPDMJP.dsx
TTPDMPP.dsx
TTPDSPP.dsx
TTPLPPP.dsx
TTQRYFP.dsx
TTREFWP.dsx
TTRPDPP.dsx
TTRTCPP.dsx
TTRXRBP.dsx
TTSBDTP.dsx
TTSDCPP.dsx
TTSOBJD.dsx
TTSPICP.dsx
TTSPLFP.dsx
TTSPMAP.dsx
TTSPMHP.dsx
TTSPMJP.dsx
TTSQDJP.dsx
TTSRATP.dsx
TTSRATPT.dsx
TTSRATPX.dsx
TTSRATPY.dsx
TTSRMAP.dsx
TTSRMHP.dsx
TTSRMJP.dsx
TTSTDPP.dsx
TTSWCLP.dsx
TTTMSFP.dsx
TTTRBHP.dsx
TTTRBRP.dsx
TTTRCCP.dsx
TTTRDSP.dsx
TTTRUDP.dsx
TTTTTVP.dsx
TTUSRPP.dsx
TTXCTSP.dsx
TTXDFPP.dsx
TTXSTSP.dsx
WSCCR1P.dsx
ZHDGNCP.dsx
ZHDGSPP.dsx
