ADIPDJP
ADIPHJP
ADITMJP
ADTNJMP
ADTRAJP
ADTRANP
AFADMJP
AFAFAJP
AFAFMJP
AFAFTJP
AFAFXJP
AFAMMJP
AFAOTJP
AFASMJP
AFASTJP
AFDBTCP
AFDDCJP
AFSDMJP
AFSGAHP
AFSGAJP
AFSGCHP
AFSGCJP
AFSIBJP
AFSTMJP
AFSTMJP1
AFSTMJP2
AFSTTJP
BAABLJP
BAACIHP
BAFTCJP
BAIMGJP
BANADJP
BAPEQJP
BAPSLJP
BASAMJP
BASATBP
BASATNP
BASSMJP
BASSTNP
BS@IPHP
BS@IPJP
BS@OPHP
BS@OPJP
CPBAWAP
CPCMPHP
CPDDSAP
CPDDSHP
CPDDSHP1
CPDDSHQ1
CPDDSTP
CPEXDCP
CPEXDCP1
CPEXTCP
CPEXTCP1
CPFADJP
CPFCUJP
CPFINJP
CPMPPXP
CPPCBJP
CPPDMJP
CPTPXDP
CPTPXDP1
CPTPXDP2
CSAAMJP
CSCDPTP
CSDSPJP
CSDSPWP
CSMBCJP
DCACMJP
DCPLCJP
DDACMJP
DDCISJP
DDCQBJP
DDCQRJP
DDGMAJP
DDGPCJP
DDGPOJP
DDGSAJP
DD@IADJP
DDIAJHP
DDIAJHP9
DD@IAJNP
DDICIHP
DDICMJP
DDINSJP
DDIRBJP
DDIRHFP
DDIVSJP
DDMSCJP
DDMSGJP
DDNAAJP
DDNADHP
DDSADJP
DDSAMJP
DDSPQJP
DDSWMJP
DDTNCJP
DDTNCLP
DDUWIJP
EBCUSJP
EBCUSJPT
EBDCNJP
EBMHMJP
EBPDPJP
EBPGRJP
EBPLCJP
EBSCCJP
EBSVJDP
EBSVJNP
EBSVJNP1
EPACMAP
EPACMHP
EPACMJP
EPACMJP1
EPALMAP
EPALMHP
EPALMJP
EPALMJP1
EPASMJP
EPASMJP1
EPBAWAP
EPBAWAP1
EPBLDAP
EPBLDHP
EPBLDJP
EPBLDJP1
EPBLHSP
EPBRMJP
EPBTCPP
EPCBMAP
EPCBMHP
EPCBMJP
EPCBMJP1
EPCCMHP
EPCCMJP
EPCCMJP1
EPDCDAP
EPDCDHP
EPDCDJP
EPDCDJP1
EPDCHSP
EPDCWAP
EPDCWAP1
EPDTCPP
EPECMAP
EPECMHP
EPECMJP
EPECMJP1
EPGMSHP
EPGMSJP
EPGMSJP1
EPHITFP
EPLTCPP
EPOCTNP
EPOCTNPN
EPODDAP
EPODDJP
EPPCMAP
EPPCMHP
EPPCMJP
EPPCMJP1
EPPFMHP
EPPODAP
EPPODHP
EPPODJP
EPROAAP
EPROAHP
EPROAJP
EPROAJP1
EPSADAP
EPSADJP
EPSTDAP
EPSTDJP
EWCUJNP
EWCUJNP9
EWETRNP
EWICCTNHP
GLACMJP
GLASMJP
GLSAMJP
GLSASJP
GXCTLJP
GXGRCJP
HD@HOLP
HD@RXJP
HD@TNHP
HD@TNJP
HEIIMNP
HEMGEHP
HEMHMJP
HETRSNP
HFCYCJP
HFCYEJP
HFCYRJP
HFERTJP
HFEXUJP
HFTFRHP
HSAASJP
HSAASJP1
HSACAJL11
HSACAJP
HSACAJP1
HSACATP
HSACATP1
HSACHJP
HSACHJP1
HSACHJP9
HSACMJP
HSACMJP1
HSACMJPA
HSACMJPB
HSACRJP
HSACRJP1
HSAGLJP
HSAGNJP
HSAGNJP1
HSAHCJP
HSAHCJP1
HSAMCJP
HSAMCJP1
HSAOAJP
HSAOSJP
HSAPYJP
HSAPYJP1
HSASAJP
HSASAJP1
HSASTJP
HSAVCJP
HSAVCJP1
HSAVDJP
HSAVDJP1
HSAVPJP
HSAVPJP1
HSBAMJP
HSBCHJP
HSBCHJP1
HSBCRJP
HSBCRJP1
HSBCVJP
HSBCVJP9
HSBDRJP
HSBDRJP2
HSBDRJP9
HSBSRJP
HSBSRJP1
HSBTCAP
HSBTCHP
HSBTCJP
HSBTCJP9
HSBTCLP
HSBTDAP
HSBTDHP
HSBTDJP
HSBTDJP9
HSBTDTP
HSBWAJP
HSBWAJP1
HSCCHTP
HSCDCJP
HSCDCJP1
HSCDCJP9
HSCDFJP
HSCDFJP1
HSCDSJP
HSCEBHP
HSCEBJP
HSCEBJP1
HSCEBJP9
HSCECHP
HSCECJP
HSCECJP1
HSCECJP2
HSCECJP9
HSCEDHP
HSCEDJP
HSCEDJP1
HSCEDJP9
HSCEEHP
HSCEEJP
HSCEEJP1
HSCEEJP9
HSCEKJP
HSCEKJP1
HSCEKJP9
HSCENHP
HSCENJP
HSCENJP1
HSCENJP9
HSCEQJP
HSCEQJP1
HSCEQJP9
HSCERHP
HSCERHP1
HSCERJP
HSCERJP1
HSCESJP
HSCESJP1
HSCESJP9
HSCETHP
HSCETJP
HSCETJP1
HSCETJP9
HSCEUJP
HSCEUJP1
HSCEUJP9
HSCEVHP
HSCEVHP1
HSCEVJP
HSCEVJP1
HSCEVJP2
HSCEVJP9
HSCEXJP
HSCEXJP1
HSCEXJP9
HSCEYJP
HSCEYJP1
HSCEYJP9
HSCGBHP
HSCGLJP
HSCGLJP1
HSCGSJP
HSCGSJP1
HSCHRGP
HSCHRJP
HSCHRJP1
HSCIUHP
HSCPAJP
HSCPAJP1
HSCPMJP
HSCPMJP1
HSCPPJP
HSCPPJP1
HSCPSJP
HSCPSJP1
HSCPTJP
HSCPTJP1
HSCUSJP
HSCUSJP1
HSDBHHP
HSDBHHP1
HSDIHDP
HSDIHDP1
HSDINHP
HSDINHP1
HS@DIRHP
HSDLHSP
HSDLHSP1
HSDOHCP
HSDOHCP1
HSDOHDP
HSDOHDP1
HSDPTJP
HSESNJP
HSESNJP1
HSESNJP9
HSESPHP
HSEVTHP
HSEVTJP
HSEVTJP9
HSEXMJP
HSGRMJP
HSGRMJP1
HSHLDHP
HSINFJP
HSINFJP1
HSINSJP
HSINSJP1
HSLKCTP
HSLKTAP
HSLKTHP
HSLKTHP1
HSLKTJP
HSLKTJP1
HSLKTJP9
HSLKTNP
HSLKTNP1
HSLOCJP
HSLOCJP1
HSLOHJP
HS@MPJP
HSMSSJP
HSMSSJP1
HSMSSJP9
HSNSCHP
HSNSCHP1
HSNSCJP
HSNSCJP1
HSNSCJP9
HSNSCPP
HSNSCPP1
HSNSDJP
HSNSDJP1
HSODCJP
HSODCJP1
HSPAPJP
HSPAPJP1
HSPAPJP2
HSPAPJP9
HSPRSJP
HSPSHAP
HSPSHDP
HSPSHDP1
HSPSHHP
HSPSHHP1
HSPSHJP
HSPSHJP1
HSPSHJP9
HSPSNAP
HSPSNAP1
HSPSNHP
HSPSNHP1
HSPSNJP
HSPSNJP1
HSPSNJP9
HSPSNVP
HSPSTAP
HSPSTHP
HSPSTHP1
HSPSTJP
HSPSTJP1
HSPSTJP2
HSPSTJP9
HSPSTNP
HSPSTNP1
HSPSTNP2
HSPSTNPB
HSPTCJP
HSPTCJP1
HSPXSJP
HSPXSJP1
HS@QMJP
HSRCLKP
HSRDCAP
HSRDCHP
HSRDCHP1
HSRDCHPB
HSRDCJP
HSRDCJP1
HSRDCJP9
HSRDCTP
HSRDCTP1
HSRDGHP
HSRDGHP1
HSRDHAP
HSRDHDP
HSRDHDP1
HSRDHHP
HSRDHHP1
HSRDHJP
HSRDHJP1
HSRDHJP9
HSRDNAP
HSRDNAP1
HSRDNHP
HSRDNHP1
HSRDNJP
HSRDNJP1
HSRDNJP9
HSRDNVP
HSRDPAP
HSRDPHP
HSRDPHP1
HSRDPJP
HSRDPJP1
HSRDPJP9
HSRDPYP
HSRDPYP1
HSRDTAP
HSRDTAPB
HSRDTEP
HSRDTEP9
HSRDTHP
HSRDTHP1
HSRDTHPB
HSRDTHPGIB
HSRDTJP
HSRDTJP2
HSRDTJP9
HSRDTNP
HSRDTNP1
HSRDTNP2
HSRDTNP9
HSRDTNPB
HSRDWJP
HSRDWJP1
HSRDWJP9
HSREGJP
HSREGJP1
HSRGBAP
HSRGBHP
HSRGBHP1
HSRGBJP
HSRGBJP1
HSRGBJP9
HSRGCAP
HSRGCJP
HSRGCJP1
HSRGCJP9
HSRGDAP
HSRGDHP
HSRGDHP1
HSRGDJP
HSRGDJP1
HSRGDJP9
HSRGGHP
HSRGGHP1
HSRGHAP
HSRGHHP
HSRGHHP1
HSRGHJP
HSRGHJP1
HSRGHJP9
HSRGNHP
HSRGNHP1
HSRGNJP
HSRGNJP1
HSRGNJP9
HSRGNVP
HSRGTAP
HSRGTHP
HSRGTHP1
HSRGTJP
HSRGTJP1
HSRGTJP9
HSRGTNP
HSRGTNP1
HSRGTNP2
HSRGTNP3
HS@RMXP
HSRNAJP
HSRNAJP1
HSRNCJP
HSRNCJP1
HS@SAFP
HSSCAJP
HSSCAJP1
HSSCIJP
HSSCIJP1
HSSCMJP
HSSCMJP1
HSSCMJPA
HSSCPHP
HSSCPJP
HSSCPJP1
HSSCTJP
HSSCTJP1
HS@SCXP
HSSEGJP
HSSEGJP1
HSSFAJP
HSSFAJP1
HSSFLJP
HSSFLJP1
HSSFMJP
HSSFMJP1
HSSFRJP
HSSFRJP1
HSSHAJP
HSSHAJP9
HSSINJP
HSSINJP1
HSSRCJP
HSSRMJP
HSSRMJP1
HSSTBJP
HSSTBJP1
HSSTBJP9
HSSTCJP
HSSTCJP1
HS@STJP
HSSTMJP
HSSTMJP1
HSSTMJP2
HSSTMJP9
HSSTMJPB
HSSTPJP
HSSTPJP1
HSSTRJP
HSSTRJP1
HSSTSJP
HSSTSJP1
HS@STTP
HSSWTJP
HSSWTJP1
HSSYTJP
HSSYTJP1
HSTRSNP
HSTSFLP
HSTSTCP
HSTSTJP
HSTSTJP1
HSTXBJP
HSUNTJP
HSUNTJP1
HSUPLHP
HSUPRHP
HSUPRJP
HSUPRJP9
HSUTCJP
HSWHTJP
HSWHTJP1
HSZCBJP
HSZCBJP1
HSZMSJP
HSZMSJP1
HSZPSTP1
HTCBBJP
HTONCHP
HTONEHP
HTTLMJP
IB2TPJP
IBACIJP
IBACSJP
IBAPJNP
IBCARJP
IBCAUJP
IBCMBJP
IBCSJNP
IBDCUJP
IBDLIFP
IBDLRJP
IBERRJP
IBHRSJP
IBKYAJP
IBKYCJP
IBMSGJP
IBOTPJP
IBPAJNP
IBSMAJP
IBTKCJP
IBTNJNP
IBTNJNP1
IBURAJP
IBURSJP
IECCSJP
IECMSJP
IEPDIJP
IESAMJP
IE@TNHDP2
IE@TNTDP2
IPACMAP
IPACMHP
IPALMAP
IPALMHP
IPALMJP
IPALMJP1
IPAPMJP
IPBAWAP
IPBAWAP1
IPBLDAP
IPBLDHP
IPBLDJP
IPBLDJP1
IPBLHSP
IPBTCPP
IPCAMAP
IPCAMHP
IPCAMJP
IPCAMJP1
IPCCMAP
IPCCMHP
IPCCMJP
IPCCMJP1
IPDCDAP
IPDCDHP
IPDCHSP
IPDCMJP
IPDCWAP
IPDCWAP1
IPDTCPP
IPIAHPP
IPLNDHP
IPLNDJP
IPLNDJP1
IPLNDJP2
IPLNHSP
IPOCTNP
IPPCMAP
IPPCMHP
IPPCMJP
IPPCMJP1
IPSGDAP
IPSGDHP
IPSGDJP
IPSGDJP1
IPSTCPP
IPTATPP
IRDLIFP
IRDLIXP1
IRDLRJP
IRHIMJP
IRRDMJP
IRSRMJP
IRSTMJP
ITEDDHP
ITFULHP
ITFULSP
LDMSDJP
LDSYCJP
LP@BKJP
LP@IPHP
LP@IPJP
LP@OGHP
LP@OGJP
LP@OPHP
LP@OPJP
LP@VAJP
LP@VAMP
LSACMJP
LSBOFHP
LSCRIHP
LSEHSLP
LSEXAJP
LSIOFHP
LSIRBJP
LSIRHFP
LSLPHSP
LSPMHSP
LSPRPJP
LSRHSLP
LSRHSWP
LSRHUJP
MFHUBTR
MGCBGCP
MKCCRJP
MKCCRJP1
MKCRDJP
MKCRDJP1
MKTDMHQ1
ORBRMJP
ORCBRJP
ORCTCJP
ORCVDJP
ORDAFHP
ORDLAJP
ORGSMJP
ORRCCJP
ORSCMJP
ORTCQCP
ORTCQCP1
ORTCQTP
ORUCMJP
PBACIJP
PBCENJP
PBCFCJP
PBCRIJP
PBETIJP
PBVQCJP
PHACMJP
PHCUSJP
PLACMJP
PLAINJP
PLCDSJP
PLCUDJP
PLDLJNP
PLMSGJP
RSBKEJP
RSBKIAP
RSBKIHP
RSBKIJP
RSBKIJP1
RSBSSHP
RSDACJP
RSDCTJP
RSDTRJP
RSIRMHP
RSIRMHP1
RSPSRJP
RSPSRJP2
RSSHCJP
RSSYTJP
RSTCTJP
RSTHCJP
RSTTLGP
RSTTLGP1
RXACMJP
RXADPRP
RXCTHSP
RXDLJNP
RXFWDJP
RXSMCJP
SGSIGJP
SGSIGJP1
SS@ABHP
SSADCJP
SSADDJP
SSADDJPG
SSAGAJP
SSALSJP
SSASLJP
SSATBCP
SSATDPP
SSBKLJP
SSBKLJP2
SSBKLJPG
SSBLCJP
SSCAIJP
SSCBAJP
SSCBCJP
SSCBHJP
SSCBKJP
SSCBLJP
SSCBNJP
SSCBPJP
SSCCFJP
SSCDTJP
SSCFADP
SSCHCJP
SSCHDJP
SSCHGJP
SSCHPJP
SSCHTJP
SSCLAJP
SS@CLHP
SSCLMJP
SSCPFJP
SSCPUHP
SSCPUTP
SSCRCEP
SSCRTEP
SSCRTRP
SSCRTYP
SSCRWTP
SSCSAJP
SSCUSJP
SSCUWJP
SSDFUJP
SS@EFJP
SSEIAJP
SS@ELHP
SS@ELTP
SS@EMJP
SS@EPJP
SSERTJP
SS@ESJP
SSESTTP
SSESTTP9
SSEXMJP
SSFBCJP
SSFCCJP
SSFNMJP
SSFXCSP
SSGPBJP
SSGPNJP
SSGPRJP
SSHDJNP
SSHDYJP
SSICAJP
SSIFXJP
SSIGAJP
SSINCJP
SSINMJP
SSINRJP
SSJAEJP
SSLGNJP
SSLGRJP
SSLIAJP
SSNARJP
SSNBTCP
SSNBTDP
SSNBTSP
SSNICJP
SSNICJP1
SSNICJP2
SSNICJP5
SSNICJPG
SSPFRJP
SSPFTJP
SSPIRHP
SSPIRJP
SSPRJJP
SSPRMJP
SS@PTHP
SSRAUJP
SSRCUJP
SS@RHJP
SSRTRCP
SS@SAFEP
SS@SAFJP
SSSCCJP
SSSCRJP
SSSECJP
SSSMCJP
SSSMLJP
SSSTCJP
SSSTPJP
SS@TMFP
SS@TMFP1
SSTNJIP
SS@TXHP
SSUBSTP
SSUSRJP
SSVCHPP
SSXBCFP
SSXBCFP1
SSXBTTP
TCACMJP
TCAINJP
TCAOMJP
TCINRJP
TCIRBJP
TCIRHFP
TCISAJP
TCMSGJP
TCPMHSP
TCPMHSPH
TCSMCJP
TDACMHP
TDACMJP
TDMSGJP
TDPIRJP
TDSDMJP
TDSLMHP
TDSLMJP
VTSTAJP
VTSTLMP
VTSTMHP
VTTRLMP
VTTRMHP
VTTRNJP
ZUCECJP
ZUCLCJP
