ADBALFP
ADENTJP
ADENTRP
ADEXASP
ADEXGLP
ADFAMJP
ADFAMSP
ADFAMVP
ADFAXFP
ADFAXJP
ADFMANP
ADIPDTP
ADIPHDP
ADITMCP
ADMACJP
ADMACLP
ADPHLDP
ADPTYCP
ADPTYJP
ADSUCRP
ADSUPCP
ADSUPJP
ADTNFAP
AFADDRP
AFAFEJP
AFAFESP
AFAFMSP
AFAFSTP
AFAOEJP
AFASEJP
AFASESP
AFASMSP
AFGCMSP
AFSIADP
AFSICPP
AFSIMSP
AFSIRAP
AFSTMSP
AICRDFP
AM@LAFP1
AM@LAFP2
AM@LAFP21
AM@LAFP2B
AM@LAFP3
AM@LAFP4
AM@LAFP5
AM@SPFP1
AM@SPFP10
AM@SPFP11
AM@SPFP12
AM@SPFP13
AM@SPFP13B
AM@SPFP14
AM@SPFP1B
AM@SPFP2
AM@SPFP3
AM@SPFP3B
AM@SPFP4
AM@SPFP51
AM@SPFP52
AM@SPFP52B
AM@SPFP6
AM@SPFP7
AM@SPFP9
AT@LAFP1
AT@LAFP2
AT@LAFP3
AT@LAFP4
AT@SPFP2
AT@SPFP5
BAABLCP
BAACIGP
BABPRPP
BABPSPP
BADCPBP
BAIMAHP
BAIMECP
BAIMGTP
BAIMPHP
BAIMTHP
BAIOBCP
BAOMGCP
BAOMPHP
BAOMTHP
BAPEIGP
BAPTACP
BASAINP
BASAMSP
BA@SMSP
BASSAFP
BASSMSP
BS@CIFP
CHBKTRP
CHCABSP
CHCIDCP
CHCLMTP
CHCUSTP
CNALINP
CNBPCSP
CNFDSMP
CN@IDIP
CN@IDJP
CPCBRCP
CPCGEXP
CPCGEXP2
CPCUSTP
CPMACCP
CPOASTP1
CPSSTDP
CPTPCNP
CRBSEWP
CRBSEWP1
CRBSNMP
CR@BSNP
CRBSNTP
CRBSPBP
CRBSPBP1
CRBSPCP
CR@CFIP
CR@CFIP1
CR@CFOP1
CR@CRLP
CR@TTWP1
CSAAMSP
CSAMGDP
CS@LPGP
CSMCBPP
DCACMSP
DCCRMNP
DCDRICP
DCPDCPP
DCUOEXP
DDACADP
DDACESP
DDACMCP
DDACMSP
DDBSCLP
DDCBPCP
DDCBPTP
DDCISPP
DDCNOWP
DDCQALP
DDCQBKP
DDCQIFP
DDCQSTP
DDCRCPP
DDCRINP
DDCTKUP
DDERINP
DDGCTTP
DDGMAPP
DDGMASP
DDGS1BP
DDGSAPP
DDGSASP
DDIAMJP
DDINACP
DDINAVP
DDINSRP
DDLBBEP
DDMSCMP
DDOTKUP
DDPASTP
DDPDCPP
DDPIRCP
DDRAACP
DDRAAMP
DDRHXQP
DDSMCJP
DDSMCPP
DDSPCPP
DDSPCQP
DDSTMTP
DDSVSTP
DDSWCLP
DDUWINP
DDVLBLP
DNMIAAP
DNMIACP
DNMICSP
DNNADPP
EBAECLP
EBAEMMP
EBAERQP
EBAPINP
EBBPINP
EBCPINP
EBCQBRP
EBCRSTP
EBCUAAP
EBCUADP
EBCUARP
EBCUSTP
EBDCNOP
EBEMRQP
EBFMARP
EBFMCUP
EBFMNAP
EBGMADP
EBGMCJP
EBLREFP
EBMIEXP
EBPDPYP
EBTRSTP
EOMNLPPM
EPABAJP
EPACLMP
EPACLMP1
EPACLPP
EPACMSP
EPALSFP
EPASMSP
EPBDCCP
EPBEFCP
EPBLCBP
EPBLDSP
EPBLDXP
EPBLHXP
EPBLIHP
EP@BLMP
EPBLMSP
EPBLRCP
EPBLSFP
EPBLSTP
EPBLTOP
EPBLWAP
EPBLWXP
EPBPCPP
EPBRDRP
EPBRDSP
EPBRDWP
EPBUAPP
EPCBBMP
EPCBCLP
EPCBLFP
EPCBSTP
EPCCSMP
EPCFDJP
EPCFMAP
EPCFMSP
EPCFWAP
EPCHGPP
EPCHPMP
EPCHWAP
EPCLAUP
EPCLUSP
EPCMSTP
EPCNBBP
EPCNWAP
EPCON2P
EPCSRNP
EPCTLPP
EPCUWAP
EPDANSP
EPDBSCP
EPDBSTP
EPDCCBP
EPDCCPP
EPDCDSP
EPDCMSP
EPDCSTP
EPDLWAP
EPDPDCP
EPDPITP
EPDPMSP
EPDPWAP
EPDSCRP
EPDSWAP
EPEBLFP
EPECILP
EPEDCFP
EPEMRDP
EPEMRQP
EPFEXSP
EPFSIDP
EPGECPP
EPGFPRPT
EPGFXPP
EPGIPRPT
EPGMSCP
EPGPRDPT
EPHDRIP
EPHITMP
EPIBLFP
EPICMCP
EPICMSP
EPIDCFP
EPINAJP
EPINGSP
EPISGFP
EPLNDFP
EPMDCDP
EPOCTDP
EPODMAP
EPODMSP
EPODWAP
EPPDCPP
EPPDUEP
EPPLLKP
EPPOWAP
EPQBRDP
EPSAAWP
EPSCWAP
EPSENTP
EPSIMSP
EPSIWAP
EPSPINP
EPSPMSP
EPSPNCP
EPSPWAP
EPSPWIP
EPSTMSP
EPSTSRP
EPSTWAP
EPSVPRP
EPSYCPP
EPTATPP
EPTLFCP
EPTRCLP
EPTRDCP
EPTXRNP
EPXDCCP
EPXMTHP
EPXTCLP
EPXTIFP
HD@PODP
HD@POSP
HD@PRFP
HOACTLP
HOOUTLP
HSAAOUP
HSAASCP
HSACADP
HSACAEP
HSACAWP
HSACHDP
HSACIMP
HSACMSP
HS@ACMSP
HSACMVP
HSACPSP
HSACSPP
HSACSTP
HS@ACTP
HSAHCGP
HS@AHDP
HS@ALCP
HS@ALFP
HS@ALSP
HSALVLP
HS@ANCP
HS@ANFP
HS@ANSP
HSAOACP
HS@APSP
HSASACP
HS@ASBP
HSATCWP
HSAVBQP
HSAVRHP
HS@BKFP
HSCALWP
HSCDHWP
HSCDSLP
HSCDSNP
HSCEABP
HSCEAHP
HSCEANP
HSCEARP
HSCEBBP
HSCECCP
HSCEDDP
HSCEETP
HS@CEFP
HSCEIFP
HSCEIJP
HSCELJP
HSCELRP
HSCEMJP
HSCEMRP
HSCENAP
HSCEOJP
HSCEORP
HSCEPMP
HSCEQLP
HSCERCP
HSCESTP
HSCETNP
HSCETYP
HSCEUBP
HSCEVPP
HSCEXRP
HSCEYBP
HSCEYCP
HSCEYDP
HSCGALP
HSCGCLP
HSCGHDP
HSCGHJP
HSCGSTP
HSCIEHP
HS@CIFP
HSCISGP
HSCIUCP
HSCIUEP
HS@CMAP
HS@CNSP
HSCPCJP
HSCPCLP
HS@CPFP
HSCPPTP
HSCPTYP
HSCRQCP
HSCSRQP
HS@CTJP
HSCUSTP
HSDBHCP
HSDFTWP
HSDICHP
HSDICQP
HSDIDHP
HSDIDQP
HSDIEHP
HSDIEQP
HSDINQP
HS@DIRQP
HSDISHP
HSDISQP
HSDITHP
HSDITTP
HSDIXQP
HSDLARP
HSDLJNP
HS@DMFP
HS@DMVP
HSDORHP
HSDORQP
HSDOTTP
HS@DTFP
HS@DWFP
HSENRPP
HS@ENTFP
HSESLGP
HSESPQP
HSESRQP
HSEXCTP
HSFNCTP
HSFSCCP
HSGASCP
HSGASJP
HSGMNSP
HSGRAMP
HSHDMNP
HS@HDMP
HSHDMVP
HSHLD2PC
HSHLDRP
HSHPEWP
HSIAOLP
HSINFCP
HS@INSP
HS@INTFP
HS@INTTP
HSMBCDP
HS@MDRP
HS@MKPP
HS@MPMP
HS@MSJP
HS@MSMP
HS@MSSP
HSNIALP
HSODCGP
HSOMGCP
HSPAPCP
HS@PORTFP
HS@QD1P
HS@QFIP
HS@QFMP
HS@QFXP
HS@QRYP
HS@RCBP
HS@RDAP
HSRDAWP
HSRDCWP
HSRDILP
HS@RDNP
HS@RDTP
HSRDWWP
HSRHXCP
HSRHXDP
HSRHXTP
HS@RMBP
HSRMPSP
HSRTALP
HSSCALP
HSSCINP
HS@SCIP
HSSCMSP
HSSCPCP
HS@SCRP
HSSCTYP
HSSEGRP
HSSFLMP
HS@SMAP
HSSRDMP
HSSRDSP
HSSRMKP
HS@STNP
HSTAALP
HSTICKP
HS@TOTFP
HSTXBTP
HSUPCLP
HSUPLCP
HS@WHTP
HSXTCLP
HSXTMTP
HSXTTHP
HSZACPP
HSZANSP
HSZBTOP
HSZCCAP
HSZCCMP
HSZCEEP
HSZCESP
HSZCGIP
HSZCGYP
HSZDMGP
HSZIMDP
HSZIMRP
HSZIMSP
HSZIMTP
HSZRDFP
HSZRDTP
HSZRFDP
HSZSASP
HTALSFP
HTBCHCP
HTBCHCP5
HTBCHCP9
HTMQLCP
HTTLMTP
HTTSLMP
LP@3PFP
LP@BNFP
LP@CCFP
LP@CEFP
LP@CHGP
LP@CHLP
LP@MBRP
LP@PBJP
LP@VASP
LSACMSP
LSACMWP
LSARLEP
LSARMEP
LSBSCPP
LSCBPCP
LSCBPTP
LSCHGCP
LSCLPSP
LSCSRQP
LSEXATP
LSGFPRPT
LSGIPRPT
LSGPRDCP
LSGPRDPT
LSGPRFPT
LSICSLP
LSICSLP1
LSILRJP
LSILRSP
LSINACP
LSINACP1
LSINACP9
LSINSLP
LSINSLP1
LSOFACP
LSOIACP
LSOIACP9
LSPDCPP
LSRCDHP
LSRCDTP
LSRPACP
LSRPJNP
LSRPSCP
LSRPSLP
LSRPSLP1
LSSHLCP
LSSMCPP
LSSPCPP
LSSTMTP
LSTRJNP
MGCBAWP
MGCBAWP1
MGCBSNP
MKADIDP
MKASCTP
MKASCTP1
MKAVCZP
MKCMCTP
MKCOCTP
MKCRAIP
MKCRAIP0
MKCRCIP
MKCRCIP0
MKCRSAP
MKCRSAP0
MKDCACP
MKDCACP0
MKDDACP
MKDICTP
MKDMCTP
MKDSCTP
MKELCTP
MKEMCTP
MKGACTP
MKHICTP
MKHOCTP
MKIPCTP
MKJSCTP
MKLCCTP
MKLCYCP
MKLTCTP
MKMCCTP
MKMECTP
MKMGCTP
MKMICTP
MKOCCTP
MKPICTP
MKRCYCP
MKRICTP
MKRICTP1
MKRICTP2
MKRLCTP
MKROCTP
MKSDRKP
MKSDRKP0
MKSDSTP
MKTACTP
MKTDACP
MKTOCTP
MKTRCTP
MKTTCTP
MKXTCTP
MKYYMMP
MKYYMMP0
ORBBCJP
ORBBCPP
ORCBLDP
ORCMGPP
ORCOMSP
ORCOUSP
ORCQTSP
ORDSMSP
ORDTMSP
ORFMTSP
ORLVLSP
ORMGSTP
ORPDCPP
ORRMIPP
ORSKJDP
ORSTKJP
ORSTKSP
ORTCCPP
ORTCQDP
PAMPLGP1
PBACIDP
PBAVRQP
PBCDRLP
PBCFCLP
PBCRIDP
PBCRIUP
PBPYARP
PHCUSTP
PLACMSP
PLAINSP
PLBSCPP
PLCBPCP
PLCBPTP
PLCMCCP
PLCSRQP
PLGSCPP
PLPDCPP
PLSETIP
PLSPCPP
PLSTATP
RSPRCEP
RXACMSP
RXBCRQP
RXCSRQP
RXCTLMP
RXCTMSP
RXCYIFP
RXDAWAP
RXEXPLP
RXFMLCP
RXFMLPP
RXFMTPP
RXFTOSP
RXGCMSP
RXGFPRPT
RXGHALP
RXGHIEP
RXGHSTP
RXGIPRPT
RXGPRDPT
RXGTPRPT
RXMREXP
RXSENTP
RXSMCPP
RXSMPRP
RXSMRCP
SGDBPCP
SGSGDNP
SGSGUPP
SGTMSTP
SGUDPRP
SGUPRQP
SS@231BP
SS@233AP
SS@233BP
SS@84WP
SS@87WP1
SS@90WP1
SS@90WP4
SS@91WP9
SS@93WP
SS@95WP
SSABAJP
SSACCPP
SSACEXP
SSACINP
SSACIRP
SSACSTP
SSADAYP
SSADCLP
SSADD2P
SSADDHP
SSADDRP
SS@ADJFP
SSAFIFP
SSAFRTP
SSAGACP
SSALBFP
SSALCFP
SSALFBP
SSALGBP
SSALHIP
SSAPCJP
SSAPCPP
SSASLBP
SSATTBP
SSAVRPP
SSBKLSP
SSBLCFP
SSBLSTP
SS@BMDP
SS@BMFP
SSBRCPP
SS@BRCXP
SSCAIFP
SSCARPP
SSCBBHP
SSCBBKP
SSCBBNP
SSCBBPP
SSCBCCP
SSCBDLP
SSCBKUP
SSCBLBP
SSCBLIP
SSCBNUP
SSCBTPP
SSCHCLP
SSCHDAP
SSCHGCP
SSCHPFP
SSCLACP
SSCLADP
SSCLFMP
SSCLMTP
SSCLSIP
SSCLSTP
SS@CMJFP
SSCMSRP
SSCPDCP
SSCPFCP
SSCPFJP
SSCRADP
SSCRAEP
SSCRAMP
SSCRASP
SSCRATP
SSCRAYP
SSCRBRP
SSCRCCP
SSCRCDP
SSCRCOP
SSCRCTP
SSCRDGP
SSCRDVP
SS@CRGP
SSCRNGP
SSCRPGP
SSCRRGP
SSCRSCP
SSCRSIP
SSCRTCP
SSCRTTP
SSCSDDP
SS@DFAP
SS@DFBP
SS@DNSP
SS@EFTP
SS@ELDP
SS@ELMP
SS@ELPP
SS@ELSP
SS@EXEXP
SS@EXPSP
SS@EXPSP1
SS@EXTOP
SS@EXTUP
SS@EXTUP1
SS@FEXP
SS@FFXP
SS@FSOP
SS@FSRP
SS@FSTP
SS@FXBFP
SS@GLFP
SS@GRRFP
SS@GRRFP2
SS@HDFP
SS@INSP
SS@IPLP
SS@MXFP
SS@MXRP
SS@NBFP
SS@ODRP
SS@ODTP
SS@OFFP
SS@PBDRP
SS@PBOCSP1
SS@PBOCSP2
SS@PLQP
SS@PMRP
SS@PMRP1
SS@PMRP2
SS@PTCP
SS@PTJP
SS@RDJP
SS@RSDP
SS@RSHP
SS@SAFD1
SS@SAFD2
SS@SAFM1
SS@SAFM2
SS@SAFM3
SS@SAFM4
SS@SAFS1
SS@SAFS2
SS@SAFW1
SS@SAFW2
SS@SDPRP
SSSECJP
SS@SFWBP
SS@SOMP
SS@SWRP
SS@TCQP
SSTREXP
SS@TRSFP
SS@TRSFP2
SS@TSACP
SS@TSACP2
ADTRANP
AFASMJP
AFASTJP
AFSITJP
BAIMGHP
BAIMGJP
BAOMGHP
BS@IPHP
BS@OPHP
BS@OPJP
CNFDDWPD
CPMPPXP
CSDSPJP
DCACMJP
DDACMJP
DDCQBJP
DDDLJNP
DDIAJHP
DDIRHFP
DDMSCJP
DDMSGJP
DDTNJNP
DDTNJXP
DDUWIJP
EBCUSJP
EBDCNJP
EBPDPJP
EBPGRJP
EBSVJNP
EPACMHP
EPALMHP
EPBAWAP
EPBLDHP
EPBLHSP
EPCCMHP
EPDCDHP
EPDCHSP
EPHITFP
EPPCMHP
EPSADAP
GLACMJP
GLTNJNP
HD@HOLP
HD@TNHP
HETRSNP
HSCEBHP
HSCECHP
HSCEEHP
HSCENHP
HSCETHP
HSCEVHP
HSCHRGP
HSCIUHP
HSDBHHP
HSDINHP
HS@DIRHP
HSDLHSP
HSHLDHP
HSPSTHP
HSRDGHP
HSRDHHP
HSRDNHP
HSRDPHP
HSRDTEP
HSRDTHP
HSRDTJP
HS@SCXP
HSSTBJP
HSSTMJP
HSTRSNP
IBACIJP
IBACSJP
IBAPJNP
IBCMBJP
IBDLIFP
IBDLRJP
IBTNJNP
IBURAJP
IBURSJP
IETNJNP
IPALMHP
IPBAWAP
IPBLDHP
IPBLHSP
IPDCHSP
IPDCWAP
IPLNDHP
IPLNHSP
IRCBJNP
IRDDJNP
IRDLIFP
IRDLRJP
IRTDJNP
LP@IPHP
LP@OGHP
LP@OPHP
LP@VAJP
LSACMJP
LSDLJNP
LSIRHFP
LSPMHSP
LSPRPJP
LSRHSLP
LSSHLJP
LSTNJNP
ORDLJNP
PBACIJP
PBCFCJP
PLACMJP
PLAINJP
PLDLJNP
PLTNJNP
RXCTHSP
RXDLJNP
SS@ABHP
SSADDJP
SSBKLJP
SSCAIJP
SSCHCJP
SSCHDJP
SS@CLHP
SSCLMJP
SSCLSJP
SSCRTRP
SSCUETP
SSCUSJP
SSCUSTP
SSCUWJP
SSCUWOP
SSCVFXP
SSCYIFP
SSCYIJP
SSDFACP
SSDFUJP
SSDFUUP
SSEANFP
SSEDIHP
SSEDINP
SSEDTOP
SS@EFJP
SSEIAMP
SSEIASP
SSEICMP
SSEIEXP
SSEIMRP
SSEIPCP
SSEIPIP
SSEIRDP
SSEIRIP
SSEIRJP
SSEISRP
SS@ELHP
SS@ELTP
SSENQLP
SSEPPRP
SSERUSP
SSESPCP
SSESSTP
SSESTPP
SSESTTP
SSEXMJP
SSEXMPP
SSEXMTP
SSEXPLP
SSEXPSP
SSEXRTP
SSEXTOP
SSFAXRP
SSFNRTP
SSFXCSP
SSGACCP
SSGACPP
SSGBAGP
SSGBAIP
SSGBCPP
SSGBNMP
SSGBPBP
SSGCCJP
SSGCCTP
SSGHCGP
SSGHCLP
SSGMCPP
SSGPCLP
SSGPNMP
SSGPRLP
SSGSCPP
SSGSPDP
SSGTPOP
SSHBCLP
SSHBODP
SSHCCPP
SSHDJNP
SSHDSQP
SSHFDEP
SSHOLDP
SSICADP
SSICAJP
SSIMPLP
SSINARP
SSINCIP
SSINCJP
SSINRJP
SSINRTP
SSIRMDP
SSIRTRNCNT
SSLGNMP
SSLGRLP
SSLIPDP
SSLIPJP
SSLMTRP
SSLOCFP
SSLPDTP
SSLTYPP
SSMCLPP
SSMGRAP
SSMLCCP
SSMLRCP
SSMLRPP
SSMNLPP
SSMREXP
SSMTXMP
SSNACCTOPN
SSNHMLACCT
SSNICIP
SSNICJP
SSNODAP
SSOCCPP
SSOCPPP
SSODACP
SSODCUP
SSODUEP
SSOFRAP
SSOLMEP
SSOPACP
SSOPCMP
SSORTRNCNT
SSOUQQP
SSPASLP
SS@PBOCDP
SSPCUSP
SSPDTPP
SSPEXWP
SSPFCLP
SSPFMWP
SSPFPCP
SSPFPTP
SSPFRJP
SSPFTBP
SSPFULP
SSPKAJP
SSPKCMP
SSPKEVP
SSPNICP
SSPRJIP
SSPRJJP
SSPTYCP
SSPTYHP
SSPTYTP
SSREXPP
SS@RHJP
SSRLNNP
SSRLNPP
SSRMSTP
SSRPSDP
SSRPSTP
SSRUDCP
SS@SAFEP
SSSCCIP
SSSCRLP
SSSDCPP
SSSECHP
SSSFATP
SSSLMTP
SSSMANP
SSSMBCP
SSSMCLP
SSSMFIP
SSSMPSP
SSSPVAP
SSSTMRP
SSSTTCP
SSTFNPP
SSTIAVP
SSTIRJP
SSTIRTP
SS@TMFP
SSTNSTP
SSTRBIP
SSTTONCCNT
SSTXCPP
SSTXTHP
SSUBSTP
SSUCMTP
SSULMCP
SSUODEP
SSUSDLP
SSUSERP
SSUSRJP
SSVCHPP
SSVCRPP
SSVSKDP
SSVSKHP
SSWAINP
SSWCMSP
SSWOCLP
SSWOMSP
SSWONCP
SSWORPP
TDACADP
TDACMHP
TDACMJP
TDACMSP
TDACSDP
TDAMIJP
TDBCRQP
TDBSCPP
TDCBPCP
TDCBPTP
TDCSRQP
TDEALJP
TDPDCPP
TDPIRCP
TDSDMSP
TDSDPYP
TDSPCPP
TDTRNJP
TNCRBPP
TTERATP
TTIRATP
TTLDPDP
TTPDCTP
EWALRDP
EWAULDP
EWBOAULP
EWCCSNWP
EWCCSNWSP
EWCHNPP
EWCLSDT
EWCMIDP
EWDCMMP
EWEAMSP
EWEAMSP1
EWETARP
EWEXTCUP1
EWHSSADXP1
EWLEXPP
EWMCMMP1
EWMCMMP9
EWMCONCTP1
EWMCONCTP9
EWMCONDP9
EWMCONTP1
EWMCONTP9
EWMEXTP
EWMREFP1
EWMREFP9
EWOACARP9
EWOADRP9
EWOARARP9
EWOARIPP9
EWOARP9
EWOCAARP9
EWOCSTP9
EWOIDDPP9
EWOIDVP9
EWOIIPP9
EWOIPEMAP9
EWOIPP9
EWOIPTELP9
EWOORGP9
EWOPDARP9
EWOPDP9
EWOSVARP9
EWPOCUMAP
EWSBUSMP
EWSBUSP
EWSDCPP
EWSEXPP
EWSLDSTP
EWSTDPP
EWTRCDP
EWUEXPP
EWUSRMAP
FICNTPF
GHACMSP
GHACMSPD
GHALSFP
GHALSFPD
GHBCHCP
GHBDIFP
GHBDIWP
GHCLMTP
GHCLMTPD
GHCLMTPD7
GHCNISPD
GHCON2P
GHCON2PH
GHCON3P
GHCPFCP
GHCPFCPD
GHCPFGP
GHCPFGPD
GHCSHRP
GHCUSTP
GHDTARP
GHEPJNP
GHIEAWP
GHIEAWPA
GHIERSP
GHIETNP
GHIPJNP
GHLMTRP
GHPIEIP
GHPYMIP
GHSECHP
GHSECHPD
GLACMSP
GLANCLP
GLATCLP
GLBDINP
GLCBPCP
GLCBPTP
GLCHACP
GLDRACP
GLEXDLP
GLEXSTP
GLLBBEP
GLNACLP
GLNAIFP
GLNAREP
GLOACJP
GLOAJNP
GLOPADP
GLOPIAP
GLOPICP
GLOPISP
GLORDJP
GLSBACP
GLSBATP
GLSBSCP
GLSSCLP
GLSTATP
GLSTAUP
GLSYCLP
GLTRSTP
GRALINP
GRALLCP
GRAPCLP
GRBDBWP
GRBDGWP
GRBDIDP
GRBDIFP
GRBDIFP0
GRBDIFP1
GRBDIMP
GRBDSTP
GRBDSTP0
GRBDSUP
GRCLMTP
GRCSIEP
GRDCBPP
GRFEIGP
GRFEIGP0
GRFEIIP
GRFEIIP0
GRGLIEP
GRGPCLP
GRIGDWP
GRIGDWP1
GRINEPP
GRINEPP1
GRLMTYP
GRLQINP
GRLQLCP
GRRTCLP
GRRTNMP
GRRTTHP
GRRTTPP
GRRTTPP7
GRSYCLP
GRTEIDP
GRTRAEP
GRUODIP
GRUODIP1
GRUODSP
GRUODSP0
GXCLMTP
GXCNSPP
GXCRPCP
GXCTLPP
GXGRCAP
GXLOGPP
GXPRFTP
IBACIDP
IBACSDP
IBAHEXP
IBAMSGP
IBAVONP
IBAVRQP
IBCMBTP
IBCMINP
IBCRIUP
IBCSSTP
IBESMCP
IBINAWP
IBIWCSP
IBKEYCP
IBKEYPP
IBMXMTP2
IBOTPDP
IBPBKDP
IBPREXP
IBSIEXP
IBSMADP
IBSMANP
IBTKCSP
IBTKMIP
IBURADP
IBURSVP
IEACMSP
IEASCLP
IEBSCLP
IECBPCP
IECBPTP
IECBPTPY
IECCDIP
IECHACP
IECHPRP
IECMCSP
IECMCSP1
IECMCSP9
IECMSTP
IECMSTP1
IECMSTP8
IECMSTP9
IEDPACP
IEDPACP1
IEPDIFP
IEPLBDP
IEPLBDP1
IEPLBLP
IEPLHLP
IEPLPCP
IEPLPNP
IE@RECWP
IESBACP
IESBAGP
IESBAGP0
IESYCLP
IE@TNJNP
IETRSTP
IETRSTP1
IPABAJP
IPACLMP
IPACMJP
IPACMSP
IPADCPP
IPBACPP
IPBCRQP
IPBDCCP
IPBDINP
IPBDITP
IPBDSCP
IPBLCBP
IPBLDSP
IPBLDXP
IPBLHXP
IPBLIHP
IP@BLMP
IPBLMSP
IPBLRRP
IPBLSTP
IPBLWAP
IPBLWXP
IPBPCPP
IPCCSMP
IPCHGPP
IPCHPMP
IPCHWAP
IPCMSTP
IPCNWAP
IPCON2P
IPCON2PDS
IPCON2PS
IPDACNHBCB
IPDACNHBSH
IPDACNHSBC
IPDBSCP
IPDBSTP
IPDCALP
IPDCCBP
IPDCDJP
IPDCDSP
IPDCMSP
IPDCSTP
IPDLWAP
IPDPITP
IPDPIWP
IPDSCRP
IPFSIDP
IPGECPP
IPGSCPP
IPICLXP
IPINGSP
IPLLWAP
IPLMODP
IPLNCSP
IPLNIHP
IP@LNMP
IPLNMSP
IPLNWAP
IPMSCLP
IPPDCPP
IPPDUEP
IPPRGDP
IPPRWAP
IPRMBCP
IPSGCBP
IPSGHSP
IPSGMSP
IPSGRTP
IPSGWAP
IPSHADP
IPSIGNP
IPSLWAP
IPSTDCP
IPSTWCP
IPSYCPP
IPWACLP
IPXMTHP
IRCBMSP
IRDLWDP
IRDMMSP
IRDPIPP
IRDPWCP
IRMGSTP
IRRSMSP
IRSHRFP
IRSRCPP
IRSTCPP
IRTCPPP
IRTTMSP
ITABMSP
ITACSLP
ITALDTP
ITALRSP
ITBINAP
ITBINWP
ITCMMSP
ITDCSTP
ITDGMDP
ITDPITP
ITESRRP
ITINCAP
ITINCSP
ITINTAP
ITINTWP
ITTCAWP
ITTCNAP
