ADIPDJP
ADIPHJP
ADITMJP
ADTICKP0
ADTNJMP
ADTRAJP
AFADMJP
AFAFAJP
AFAFMJP
AFAFTJP
AFAFXJP
AFAMMJP
AFAOTJP
AFDBECP
AFDBTCP
AFDDCJP
AFSDMJP
AFSGAHP
AFSGAJP
AFSGCHP
AFSGCJP
AFSIBJP
AFSIMJP
AFSITJPH
AFSTMJP
AFSTMJP1
AFSTMJP2
AFSTTJP
AFTTRFP
AI@DALP
BAABLJP
BAACIHP
BAFTCJP
BANADJP
BAPEQJP
BAPSLJP
BASAMJP
BASATBP
BASATNP
BASSMJP
BS@IPJP
CN@PAJP
CN@PAOP
CNBPEX01JP
CNBPEX01P
CNBPEX02JP
CNBPEX02P
CNBPEX03JP
CNBPEX03P
CNBPEX04JP
CNBPEX04P
CNBPEX05P
CNBPEX09P
CNBPEX10P
CNBPEX11P
CNBPEX21P
CNBPEX22P
CNBPEX23P
CNBPEX24P
CNBPEX25P
CNBPEX26P
CNBPEX6DP
CNBPEX6MP
CNBPEX7DP
CNBPEX7MP
CNBPEX8DP
CNBPEX8MP
CNBPGCP
CNBPLGP
CNBPSDP
CNFDDWPB
CNSS49WP
CPBAWAP
CPCMPHP
CPDDSAP
CPDDSHP
CPDDSHP1
CPDDSHQ1
CPDDSTP
CPEXDCP
CPEXDCP1
CPEXTCP
CPEXTCP1
CPFCUJP
CPPCBJP
CPPDMJP
CPTPXDP
CPTPXDP1
CPTPXDP2
CSAAMJP
CSCDPTP
CSMBCJP
DCPLCJP
DD@HTAP
DD@HTEP
DD@HTXP
DD@IADJP
DD@IAJNP
DD@LGTNP
DD@SVXP
DDCISJP
DDCQRJP
DDDLJNP0
DDDLJNP1
DDGMAJP
DDGPCJP
DDGPOJP
DDGSAJP
DDIAJHP9
DDICIHP
DDICMJP
DDINSJP
DDIRBJP
DDIVSJP
DDNAAJP
DDNADHP
DDSADJP
DDSAMJP
DDSPQJP
DDSWMJP
DDTNCJP
DDTNCLP
DDTNWOP
DDTNWOPPR
EBCUSJPT
EBEMMGP
EBMHMJP
EBPLCJP
EBSCCJP
EBSVJDP
EBSVJNP1
EBTRSTP0
EBTRSTP1
EBTRSTP2
EPACMAP
EPACMJP
EPACMJP1
EPALMAP
EPALMJP
EPALMJP1
EPASMJP
EPASMJP1
EPBAWAP1
EPBLDAP
EPBLDJP
EPBLDJP1
EPBLDXP1
EPBRMJP
EPBTCPP
EPCBMAP
EPCBMHP
EPCBMJP
EPCBMJP1
EPCBSHP
EPCCMJP
EPCCMJP1
EPDBSHP
EPDCDAP
EPDCDJP
EPDCDJP1
EPDCWAP
EPDCWAP1
EPDTCPP
EPECMAP
EPECMHP
EPECMJP
EPECMJP1
EPGMSHP
EPGMSJP
EPGMSJP1
EPLTCPP
EPOCTNP
EPOCTNPN
EPODDAP
EPODDJP
EPPCMAP
EPPCMJP
EPPCMJP1
EPPFMHP
EPPODAP
EPPODHP
EPPODJP
EPROAAP
EPROAHP
EPROAJP
EPROAJP1
EPSADJP
EPSTDAP
EPSTDJP
EPTICAP
EPTICAP1
EWCUJNP
EWCUJNP9
EWETRNP
EWHUBEP
EWHUBOP
EWICCTNHP
EWPLTNWP
EWTDTNWP
GHEPJNPD
GHIETNP1
GHIETNP9
GHIPJNPD
GHTNJNP
GHTNJNP1
GHTNJNP5
GHTNJNP6
GHTNJNP9
GHTNJNPA
GHTNJNPD9
GLASMJP
GLSAMJP
GLSASJP
GXCTLJP
GXGRCJP
GXMMTBP
HD@MKVP
HD@RXJP
HD@TNJP
HEIIMNP
HEMGEHP
HEMHMJP
HFCYCJP
HFCYEJP
HFCYRJP
HFERTJP
HFEXUJP
HFTFRHP
HS@MPJP
HS@QMJP
HS@RMXP
HS@SAFP
HS@STJP
HS@STTP
HSAASJP
HSACAJL11
HSACAJP
HSACATP
HSACHJP
HSACMJP
HSACRJP
HSAGLJP
HSAGNJP
HSAHCJP
HSAMCJP
HSAOAJP
HSAOSJP
HSAPYJP
HSASAJP
HSASTJP
HSAVCJP
HSAVDJP
HSAVPJP
HSBAMJP
HSBCHJP
HSBCRJP
HSBCVJP
HSBDRJP
HSBSRJP
HSBTCHP
HSBTCJP
HSBTCLP
HSBTDHP
HSBTDJP
HSBTDTP
HSBWAJP
HSCCHTP
HSCDCJP
HSCDFJP
HSCDSJP
HSCEBJP
HSCECJP
HSCEDHP
HSCEDJP
HSCEEJP
HSCEKJP
HSCENJP
HSCEQJP
HSCERHP
HSCERJP
HSCESJP
HSCETJP
HSCEUJP
HSCEVHP1
HSCEVJP
HSCEXJP
HSCEYJP
HSCGALP1
HSCGBHP
HSCGLJP
HSCGSJP
HSCHRJP
HSCPAJP
HSCPMJP
HSCPPJP
HSCPSJP
HSCPTJP
HSCUSJP
HSDBHHP1
HSDIHCP1
HSDIHDP
HSDINHP1
HSDITHP1
HSDIXHP
HSDLHSP1
HSDOHCP
HSDOHDP
HSDOTHP1
HSDPTJP
HSESNJP
HSESPHP
HSEVTHP
HSEVTJP
HSEXMJP
HSGRMJP
HSINFJP
HSINSJP
HSLKCTP
HSLKTHP
HSLKTJP
HSLKTNP
HSLKTNP1
HSLOCJP
HSLOHJP
HSMSSJP
HSNSCHP
HSNSCJP
HSNSCPP
HSNSDJP
HSODCJP
HSPAPJP
HSPRSJP
HSPSHDP
HSPSHDP1
HSPSHHP
HSPSHJP
HSPSNAP
HSPSNHP
HSPSNJP
HSPSNVP
HSPSTHP1
HSPSTJP
HSPSTNP
HSPSTNP1
HSPSTNP2
HSPSTNPB
HSPTCJP
HSPXSJP
HSRCLKP
HSRDCHP
HSRDCJP
HSRDCTP
HSRDGHP1
HSRDHDP
HSRDHDP1
HSRDHHP1
HSRDHJP
HSRDNAP
HSRDNHP1
HSRDNJP
HSRDNVP
HSRDPHP1
HSRDPJP
HSRDPYP
HSRDPYP1
HSRDTEP9
HSRDTHP1
HSRDTHPB
HSRDTHPGIB
HSRDTNP
HSRDTNP2
HSRDTNP9
HSRDTNPB
HSRDWJP
HSREGJP
HSRGBHP
HSRGBJP
HSRGCJP
HSRGDHP
HSRGDJP
HSRGGHP
HSRGHHP
HSRGHJP
HSRGNHP
HSRGNJP
HSRGNVP
HSRGTHP
HSRGTJP
HSRGTNP
HSRGTNP1
HSRGTNP2
HSRGTNP3
HSRNAJP
HSRNCJP
HSSCAJP
HSSCIJP
HSSCMJP
HSSCPHP
HSSCPJP
HSSCTJP
HSSEGJP
HSSFAJP
HSSFLJP
HSSFMJP
HSSFRJP
HSSHAJP
HSSINJP
HSSRCJP
HSSRMJP
HSSTCJP
HSSTPJP
HSSTRJP
HSSTSJP
HSSWTJP
HSSYTJP
HSTSFLP
HSTSTCP
HSTSTJP
HSTXBJP
HSUNTJP
HSUPLHP
HSUPRHP
HSUPRJP
HSUTCJP
HSWHTJP
HSZCBJP
HSZMSJP
HSZPSTP1
HSZRDTP1
HSZRGTP1
HTCBBJP
HTONCHP
HTONEHP
HTTLMJP
HTTREUP
HTTREXP
IB2TPJP
IBCARJP
IBCAUJP
IBCSJNP
IBDCUJP
IBERRJP
IBHRSJP
IBKYAJP
IBKYCJP
IBMSGJP
IBOTPJP
IBPAJNP
IBSMAJP
IBTKCJP
IBTNJNP1
IE@TREUP
IECCSJP
IECMSJP
IEPDIJP
IEPPJNPG
IESAMJP
IPACMAP
IPACMHP
IPALMAP
IPALMJP
IPALMJP1
IPAPMJP
IPBAWAP1
IPBLDAP
IPBLDJP
IPBLDJP1
IPBLDXP1
IPBTCPP
IPCAMAP
IPCAMHP
IPCAMJP
IPCAMJP1
IPCCMAP
IPCCMHP
IPCCMJP
IPCCMJP1
IPDBSHP
IPDCDAP
IPDCDHP
IPDCMJP
IPDCWAP1
IPDTCPP
IPEDIBOP
IPEDICOP
IPEDIDOP
IPEDISOP
IPHEXDP
IPIAHPP
IPLNDJP
IPLNDJP1
IPLNDJP2
IPOCTNP
IPPCMAP
IPPCMHP
IPPCMJP
IPPCMJP1
IPSGDAP
IPSGDHP
IPSGDJP
IPSGDJP1
IPSTCPP
IPTATPP
IPTICAP
IPTICAP1
IRHIMJP
IRRDMJP
IRSRMJP
IRSTMJP
ITEDDHP
ITFULHP
ITFULSP
LDMSDJP
LDSYCJP
LP@BKJP
LP@IBSIP
LP@IBSOP
LP@IPJFP
LP@RBJP
LP@VAMP
LSBOFHP
LSCRIHP
LSEHSLP
LSEXAJP
LSIOFHP
LSIRBJP
LSLPHSP
LSRHUJP
LSTNWOP
MFHUBTR
MGCBGCP
MKCCRJP
MKCCRJP1
MKCRDJP
MKCRDJP1
MKTDMHQ1
ORBRMJP
ORCBRJP
ORCTCJP
ORCVDJP
ORDAFHP
ORDLAJP
ORGSMJP
ORRCCJP
ORSCMJP
ORTCQCP
ORTCQCP1
ORTCQTP
ORUCMJP
PBCENJP
PBCRIJP
PBETIJP
PBVQCJP
PHACMJP
PHCUSJP
PLCDSJP
PLCUDJP
PLMSGJP
RSBKEJP
RSBKIAP
RSBKIHP
RSBKIJP
RSBKIJP1
RSBSSHP
RSDACJP
RSDCTJP
RSDTRJP
RSIRMHP
RSIRMHP1
RSPSRJP
RSPSRJP2
RSSHCJP
RSSYTJP
RSTCTJP
RSTHCJP
RSTTLGP
RSTTLGP1
RXACMJP
RXADPRP
RXFWDJP
RXSMCJP
SGSIGJP
SGSIGJP1
SS@EMJP
SS@EPJP
SS@ESJP
SS@PTHP
SS@SAFEP0
SS@SAFEP9
SS@SAFJP
SS@TXHP
SS@UCDTP
SS@WTFP
SSACEXP0
SSACEXP1
SSACEXP2
SSACEXP9
SSADCJP
SSADDJPG
SSAGAJP
SSALSFP
SSALSJP
SSASLJP
SSATBCP
SSATDPP
SSBKLJP2
SSBKLJPG
SSBLCJP
SSCBAJP
SSCBCJP
SSCBHJP
SSCBKJP
SSCBLJP
SSCBNJP
SSCBPJP
SSCCFJP
SSCDTJP
SSCFADP
SSCHGJP
SSCHPJP
SSCHTJP
SSCLAJP
SSCPUHP
SSCPUTP
SSCRCEP
SSCRTEP
SSCRTYP
SSCRWTP
SSCSAJP
SSCTMHP1
SSDATEP
SSEIAJP
SSERTJP
SSESTTP9
SSFBCJP
SSFCCJP
SSFNMJP
SSGPBJP
SSGPNJP
SSGPRJP
SSHDYJP
SSIFXJP
SSIGAJP
SSINMJP
SSJAEJP
SSLGNJP
SSLGRJP
SSLIAJP
SSNARJP
SSNBTCP
SSNBTDP
SSNBTSP
SSNHCLP
SSNHPBP
SSNICJP1
SSNICJP2
SSNICJP5
SSNICJPG
SSOFFJP
SSOFFRP
SSPFTJP
SSPIRHP
SSPIRJP
SSPKAJP1
SSPRMJP
SSRAUJP
SSRCUJP
SSRTRCP
SSSCCJP
SSSCRJP
SSSMCJP
SSSMLJP
SSSTCJP
SSSTDPP
SSSTPJP
SSTICAPQ
SSTNJIP
SSTNJNP
SSTNSTP1
SSTRBBP
SSTREUP
SSTREUP0
SSTREUP1
SSTREUP2
SSTREXP0
SSTREXP1
SSVJEDP
SSWAIJP
SSXBCFP
SSXBCFP1
SSXBTTP
TD@CBMFP
TD@CBPCP
TDMSGJP
TDPIRJP
TDSDMJP
TDSLMHP
TDSLMJP
TRHUBEP
TRHUBOP
VTSTAJP
VTSTLMP
VTSTMHP
VTTRLMP
VTTRMHP
VTTRNJP
ZUCECJP
ZUCLCJP
TD@SDMP
IB@BOPJP
IB@BOPP
