DDTNJNP
SSENQLP
DDDLJNP
SSICAJP
LP@OGHP
CNFDDWPA
BAOMGHP
BAIMGJP
CPMPPXP
CSDSPJP
CSDSPWP
LP@OPHP
SSCUWJP
SSCUSJP
SSINCJP
BS@OPHP
PBACIJP
DDACMJP
SSCLMJP
CNFDDWMPE
CNFDDWPE
SSADDJP
IBACIJP
SS@EFJP
HSRDTEP
SSCAIJP
BS@IPHP
HSDINHP
HS@DIRHP
EBPGRJP
DDMSCJP
AFASMJP
HSDLHSP
IBTNJNP
EPALMHP
IPLNDHP
EPBLDHP
EBCUSJP
TCPMHSP
GLACMJP
IBURAJP
EPDCDHP
IBCMBJP
LSDLJNP
HSRDNJP9
SSCLSJP
HSACHJP9
SS@ABHP
SSINRJP
IPALMHP
IBURSJP
LSSHLJP
HSRDPJP9
TDACMJP
SSCHDJP
SSCHCJP
LSACMJP
CNFDDWPD
DDMSGJP
RXCTHSP
PLACMJP
HSRDCJP9
SSHDJNP
PBCFCJP
IBACSJP
SS@CLHP
LP@OGJP
PLDLJNP
SSPRJJP
HD@TNHP
LSPRPJP
SSEXMJP
CPFINJP
LP@OPJP
SSNICJP
IPBLDHP
HSRDHJP9
CNFDDWPC
LSPMHSP
BS@OPJP
DCACMJP
LP@IPJP
LP@VAJP
SSDFUJP
EBPDPJP
DDUWIJP
EPACMHP
HSDBHHP
SSBKLJP
IBAPJNP
EPSADAP
DDCQBJP
SSUBSTP
PLAINJP
EPCCMHP
EPPCMHP
CPFADJP
HSCENJP9
SSUSRJP
HSRDTJP
HSRDTJP9
IRCBJNP
IRDDJNP
IRTDJNP
ORDLJNP
RXDLJNP
TDAMIJP
TDEALJP
EBDCNJP
BAIMGHP
HSRDNHP
TDACMHP
EPHITFP
HSRDGHP
HSRDHHP
HSRDPHP
HSRDTHP
LSRHSLP
HSCENHP
ADTRANP
HSCETHP
IBDLIFP
HSCEBHP
IBDLRJP
HSPSTHP
HSCEEHP
HSCECHP
SSVCHPP
HSCIUHP
SSPFRJP
HSTRSNP
HSCEVHP
SSESTTP
LSRHSWP
DDIRHFP
HETRSNP
HD@HOLP
DDIAJHP
EPBAWAP
HSRDTNP1
IPBAWAP
IPDCWAP
IE@TNHDP2
SS@SAFEP
IE@TNTDP2
GLTNJNPA
IRDLIFP
IRDLIXP1
DDTNJXP
LP@IPHP
BASSTNP
SS@ELHP
AFASTJP
SS@ELTP
SSCRTRP
SS@SAFEP1
AFSITJP
SS@TMFP1
SS@PBOCDP
SS@TMFP
DD@TNJNP
GLTNJNP
IETNJNP
LSTNJNP
PLTNJNP
TDTRNJP
EBSVJNP
EPBLHSP
EPDCHSP
IPLNHSP
IPBLHSP
IPDCHSP
SSFXCSP
HSHLDHP
HSSTBJP1
HSSTMJP
HSSTMJP2
HSSTMJPB
HSSTBJP
HS@SCXP
SS@RHJP
HSCHRGP
