AC418GP
AC419GP
ACACMAP
ACACMHP
ACACTAP
ACACTGP
ACCMALP
ACCMMAP
ACCMMHP
ACDDSPP
ACDDSRP
ACDFSTP
ACJBSTP
ACONAEP
ACONCHP
ACONCTP
ACONCWP
ACONDTP
ACONDWP
ACONJTP
ACPCMAP
ACPCMHP
ACPCTRP
ACPDRDP
ACPDRGP
ACPDRGP#1
ACRACEP0
ACRACEP1
ACRACEP2
ACRACEP3
ACRACEP4
ACRACEP5
ACRACEP6
ACRACEP7
ACRACEP8
ACRACEP9
ACSAIMP
AEAMTDP
AEEXBRP
AEEXSTP
AESATRP
AESLCGP
AESQLPP
AESTBKP
AESTEXP
AESTGCP
AESTYMP
AEXCTPP
AM@LAFP6
AM@LAFP7
AMLMPMNMCP
AMLMPMZCPP
APRTCLP
APRTCLP1
APRTCLPC
APRTTPP
BRBKAGP
BRBKBAP
BRBKDGP
BRBKDPP
BRBKHSP
BRBKHSP9
BRBKPDP
BRBKREP
BRBKRPP
BRBKRTP
BRBKSTP
BRBKTBP
BRBRCPP
BRFUCTP
BRFUEQP
BRFUEQP1
BRGVUPP
BRSTPHP
BRSYPMP
CBEXTTP
CBPDTMP
CECRRCP
CECRRHP
CECRRIP
CECRRVP
CECRSCP
CECRSHP
CECRSIP
CECRSVP
CEILDCP
CEILDHP
CEILDIP
CEILDVP
CEIRMCP
CEIRMHP
CEIRMIP
CEIRMVP
CEIRPCP
CEIRPHP
CEIRPIP
CEIRPVP
CEPXCLP
CEPXCRP
CESIRCP
CESIRHP
CESIRIP
CESIRVP
CFBLOTP
CFCLSDP
CFLADDP
CFLADDP1
CFLADDP2
CFNOSCP
CFONRDP
CFTDPSP
CIBLOTP1
CICFDFP
CICFDLP
CICFIDP
CICMSFP
CICPDLP
CIDLCIP
CIFLOPP
CIFXCLP
CIFXDHP
CIFXDLP
CIFXDLPH
CIFXHHP
CIFXHRP
CIFXHRPH
CIFXHSP
CIFXHSPH
CIFXMRP
CIFXRHP
CIFXSFP
CIFXSFPH
CIFXSHP
CIFXTTP
CILFDCP
CILFDCP1
CILFDDP1
CILFPOP
CILTRCP
CILTRDP
CINSHDP
CIP101
CIPINCP2
CIRINCP
CIRPTGP
CIRPTGP1
CISFRTP
CISKPCP
CISSWPP
CISWAPP
CISWCLP
CISWTCP
CISWTCP1
CISZNIP
CITXLTP
CIZCNIP
CKBLOTP
CKBLOTP1
CKBLOTP2
CKBLOTP3
CKBLOTP5
CKBLOTP6
CKBLOTP9
CKBLOTPW
CKBSKTP
CKCDAJPY
CKCDAUP
CKCMTMP
CKCPAGP
CKCPCWP
CKCPIWP
CKCPTDP
CKCRAJP
CKCRAJP1
CKCRAJPY
CKCRBTP
CKCRCAP
CKCRCHP
CKCRCPP
CKCRMOP
CKCRSBP
CKCWTBP
CKCYWTP
CKDLAJPY
CKDSLDP
CKDSNCP
CKEXCPP
CKEXCPP1
CKEXCPPT
CKEXCPPY
CKEXPDP
CKEXPHP
CKEXPLP
CKEXPLPY
CKFECLP
CKFESCP
CKFEXJPT
CKGHCLP
CKGLALP
CKGLECP
CKGLEDP
CKGLEXP
CKGLFBP
CKGLFBPD
CKGLFBPN
CKGLFBPY
CKGLFDPN
CKGLFOPD
CKGLFSP
CKGLFSPD
CKGLFSPN
CKGLFSPY
CKGLHCP
CKGLHDP
CKGLICP
CKGLIDP
CKGLKCP
CKGLKDP
CKGLMAP
CKGLMCP
CKGLMDP
CKGLOCP
CKGLODP
CKGLOGP
CKGLTCP
CKGLTDP
CKGLUCP
CKGLUDP
CKGLXPP
CKGRLMP
CKGSTDP
CKGSTLP
CKHDLSP
CKINFCP
CKIRACP
CKIRDCP
CKIRECP
CKIRGCP
CKIRHCP
CKIRSPP
CKLMCGP
CKMAAGP
CKMADAP
CKMADHP
CKMADLP
CKMAHAP
CKMAHDP
CKMAHHP
CKMPDGP
CKNACPP
CKNHAAP
CKRSCLP
CKSCENP
CKSPHDP
CKSTCKP
CNCICFIDP
CNCICPADP
CNCICPIPP
CNCICPSIP
CNCICPSJP
CNCICSDIP
CNCILFDDP
CNCILFDDP1
CNERATP
CNEXBLP
CNFDDTWP
CNFDDTWPE
CNFDSTWP
CNFEFWP
CNFPRCP
CNFTCTP
CNFTSTP
CNFUEXP
CNFUTCP
CNIDBTP
CNIDCTP
CNIRATP
CNLDPDP
CNLPOSIP
CNLPTOHP
CNLPTOJP
CNMM456WP
CNOPEXP
CNOPRCP
CNOPTCP
CNOWTRP
CNREMKP
CNRPSQP
CNSDCPP
CNSEDLSIP
CNSRATP
CNSSSDP1
CNSSSDP2
CNSTDPP
CNTT05P
CNTT05P1
CNTT05P402
CNTTCYP
CNTTPQP
CNTTPQP402
CNTTSPP
CNTTTRP
CNTTTVP
CNYDCVP
CTAXCTP
CTAXCTP1
CTCBRHP
CTCBRLP
CTCRHAP
CTCRHHP
CTDBLHP
CTDHCTP
CTDIAHP
CTDIRHP
CTDIRLP
DB360MP1
DB360MP2
DB360MP3
DB360MP4
DB360ZP1
DB360ZP2
DB360ZP3
DB360ZP4
DBACSTP
DBALDWP
DBALDWP1
DBALDWPH
DBALGLP
DBALGMP
DBALGMPH
DBALGWP
DBALGWPH
DBCKLMP
DBCKLWP
DBCOLAP
DBCOLWP
DBCPIPP
DBCSSTP
DBDLSTP
DBDLSWP
DBDMCPP
DBDMDPP
DBEXBRP
DBEXMGP
DBEXSTP
DBHCRLP
DBICEWP
DBICEXP
DBLDPDP
DBLMSTP
DBNIMAP
DBNMSTP
DBNMSTPOLD
DBNZSTP
DBNZSTPOLD
DBPCTRP
DBPDCTP
DBSPTMP
DBSTDPP
DDDAMEP
DDPDCPP
DDPPJNP
DDPPJSP
DDPPJZP
DEAPFFP
DEBSCFP
DECAMFP
DECDIFP
DECMPFP
DECPMFP
DECSDIP
DEDFDVP
DEDLBFP
DEDLBHP
DEDLSIP
DEDSAGP
DEDSIPP
DEDVCTP
DEEUCFP
DEEXERP
DEFMTFP
DEHOPRP
DEINPFP
DEISOFP
DELBAFP
DELBDFP
DELBPFP
DEMFTPP
DEMSESP
DEOMCHP
DEOMSCP
DEOMSCP1
DEOMSFP
DEOMSHP
DEOSDIP
DEPRTFP
DEQENTP
DEQEVP
DEQREP
DESCMFP
DESESFP
DESTPFP
DESTPHP
DETBCP
DEULBFP
DGDHDCP
DGDHDDP
DGDHDSP
DGDLQUP
DGEPTXP1
DGERRFP
DGIPDTP
DGIPECP
DGIPLTP
DGIPPTP
DGIPPTP1
DGIPTFP
DGMAPTP
DGNMLNP
DGPDMPP
DGSDMAP
DGSDMHP
DGSSYAP
DGSSYCP
DGSSYSP
DIHSCFP
DIHSCFP1
DIHSDLP
DIHSLGP
DIHSPDP
DIHSPMP
DIMCACP
DIMNZCP
DIMSTLP
DINMRSP
DINZLNP
DINZRSP
DIRMDNP
DIRNI2P
DIRNI2PH
DIRSMTP
DIRXRFP
EPSYCPP
ET401W0001
ET402W0001
ET403W0001
ET404W0001
ET406W0001
ET408W0001
ET409W0001
ET411W0001
ET411X0001
ET411XP
ET411XP1Z
ET417W0001
ET418W0001
ET419W0001
ETBSKTP
ETBSKTPY
ETCPIPP
ETCPIPPY
ETCPSIP
ETCPSIPY
ETCRATP
ETDEALP
ETDEALPY
ETDLTBP
ETDLTBPY
ETDSLMP
ETDSLMPY
ETDSLUP
ETDSLUPY
ETERATP
ETERATPY
ETFTPLP
ETFXALP
ETFXALPY
ETFXEMP
ETHLDCP
ETLDPDP
ETLDPDPY
ETMMKFP
ETMMKFPY
ETOVLMP
ETOVLMPY
ETOVLUP
ETOVLUPY
ETSBLMP
ETSBLMPY
ETSBLUP
ETSBLUPY
ETSPHDP
ETSPHDPY
ETSUPDP
ETSUPDPY
ETTENRP
ETTENRPY
ETXDFPP
ETXHDRP
ETXSTSP
EXBLOTP
EXBLOTP1
EXBLOTP2
EXBLOTP3
EXBLOTP4
EXBLOTP5
EXBLOTP6
EXBLOTP9
EXCCRYP
EXDLMAP
EXDLMHP
EXDLTBP
EXDLTBP0
EXDLTBP1
EXDLTBP2
EXMTMSP
EXMTMVP
EXPLDLP
EXRDYBP
EXRDYPP
EXRMBTP
EXRMBTP1
EXRMDTP
EXRMPLP
EXRMRYP
EXSLADP
FEFWBTP
FEFWBTP1
FEFWBTP2
FEFWBTPT
FEFWBTPY
FEFWBTQ1
FEFWDLP
FEFWEUP
FEFWEUP1
FOEPTXP
FOERATP
FOERATP1
FOERATP2
FOERATP3
FOERATP4
FOERATP5
FOERATP6
FOEXCTP
FOFDRQP
FOFFMUP
FOFFREP
FOFFREPX
FOFFREPY
FOFFRUP
FOFPRCP
FOFPRUP
FOFTPDP
FOFTPLP
FOFUDEP
FOFUDEPX
FOFUDEPY
FOFUDUP
FOFUREP
FOFUREPX
FOFUREPY
FOFURUP
FOFWDLP
FOFXDUP
FOFXMUP
FOFXRUP
FOHDLSP
FOIFDEP
FOIFDEPX
FOIFDEPY
FOIFDIP
FOIFDUP
FOIFREP
FOIFREPX
FOIFREPY
FOIFRIP
FOIFRUP
FOIPTXP
FOIRATP
FOMMDUP
FOMMMUP
FOMMRUP
FONETUP
FORCCTP
FORCCTP1
FORCEXP
FORCFXP
FORCMMP
FOREQ1P
FOREQ3P
FOREQ4P
FOREQ5P
FOREQ5P1
FOREQ6P
FOREQ8P
FOREQ9P
FOREQAP
FOREQDP
FOREQEP
FOREQFP
FOREQGP
FOREQHP
FOREQIP
FOREQKP
FOREQLP
FOREQMP
FOREQNP
FOREQOP
FOREQPP
FOREQQP
FOREXFP
FOREXMP
FOREXNP
FORFMUP
FORFREP
FORFREPX
FORFREPY
FORFRUP
FORMPLP
FORMSGP
FOSFCTP
FOSJLSP
FOSODCP
FOSPDLP
FOSRATP
FOTCSTP
FOTWDLP
FUCOLLP
FUEXCHP
FUFUBTP
FUFUBTPM
FUFUBTPN
FUFUEXP
FUFUEXPT
FUFUEXPY
FUFULMP
FUFULQP
FUFUTCP
FUGPLMP
FUISPRP
FULADDP
FUOPBTP
FUOPBTPM
FUOPEXP
FUOPLQP
FUOPTCP
FUPARMP
FUPARMP1
FUSETMP
FX@TTSFP
GIFXCNP
GIFXCNP1
GITMDPP
GITMDPP1
GLTNARP1
GLTRSTP1
GLTRSTPM
GSBRDFP
GSCASHP
GSCPGMP
GSCPGNP
GSCSHMP
GSETPAP
GSSTTLP
GSSTTMP
HTBCHCP
HTBCHCP1
HTBCHCP2
HTBCHCP5
HTBCHCP9
HTBDTCP
HTSKIPP
HTTSLMP
HXREQ1P
HXREQ2P
IECHACP
IENPDIP
IEPRDIP
IETNARP1
IFEVPCP
IFMSGFP
IKIREBP
IKIRELP
IKIRELP1
IKIRLTP
IKPSCYP
IPSYCPP
ISCPSAP
ISCPSCP
ISCPSIP
ISNBFRP
ISNMMAP
ISNMMIP
ISNMMSP
ISNMMSPH
ISNMMSPT
ISNMMSPX
ISNMMSPY
ISNMPCP
ISNMPCPH
ISNMPHP
ISNMPTP
ISNMSDP
ISNMSDPY
ISNMSHP
ISNMSIP
ISNMSTP
ISNZMSP
ISNZMSPH
ISNZPCP
ISNZPCPH
ISNZSDP
ISNZSTP
ISPCLGP
LSOUTPUT
MM450RP
MMBDEAP
MMBDEHP
MMBDPMP
MMBNFBP
MMCABTP
MMCABTP1
MMCABTPY
MMCODFP
MMDLPSP
MMDLPSP1
MMDPMAP
MMDPMHP
MMFCTDP
MMFEEUP
MMFELDP
MMFRBTP
MMFRBTPN
MMFRBTPY
MMFRRTP
MMFRRTPT
MMFRRTPX
MMFRRTPY
MMGSMAP
MMGSMHP
MMGSPDP
MMGSPDPT
MMGSPDPY
MMLDDRP1
MMLDEUP1
MMMADFP
MMMCHAP
MMMCHHP
MMMCHSP
MMMTMSP
MMNMASP
MMNMASPM
MMNMBTP1
MMNMBTPH
MMNMBTPL
MMNMBTPM
MMNMEPP
MMNMHAP
MMNMHHP
MMNMHSP
MMNMLNP
MMNMLNP1
MMNMLNPH
MMNMLNPM
MMNMLNPN
MMNMLNP_BK
MMNMPBP
MMNMPBPY
MMNMRAP
MMNMRHP
MMNMRTP
MMNMRTPT
MMNMRTPX
MMNMRTPY
MMNMTJP
MMNMZEP
MMNSECP
MMNZASP
MMNZASPM
MMNZBTP
MMNZBTP1
MMNZBTPH
MMNZBTPL
MMNZBTPM
MMNZBTPN
MMNZHAP
MMNZHHP
MMNZHSP
MMNZLNP
MMNZLNP1
MMNZLNP2
MMNZLNPH
MMNZLNPM
MMNZLNPN
MMNZLNPY
MMNZRTP
MMNZRTPT
MMNZRTPY
MMPCMPP
MMPOSMP
MMPOSMPM
MMPOSZP
MMPOSZPM
MMRESCP
MMSCPOP
MMSCTFP
MMSDEUP
MMSETMP
MMSKPNP
MMSLEUP
MMSOHPP
MMSSMAP
MMSSMHP
MMSSPDP
MMSSPDPT
MMSSPDPY
MMSTFBP
MMSWBTP1
MMSWBTP2
MMSWBTPL
MMSWBTPM
MMSWBTPP1
MMSWBTPP2
MMSWBTPP3
MMSWBTPP4
MMSWBTPP5
MMSWBTPP6
MMSWDLP
MMSWLMP
MMTDMPP
MMTDRLP
MMTDRPP
MMYCMAP
MMYDCVP
MMYDCVP3
MMYDCVPT
MMYDCVPY
MMZCBTPM
MP515RP
MPBRKCP
MPBRKWP
MPBTBIP
MPCLBDP
MPCLBHP
MPCUCDP
MPCYTBP
MPDLMHP
MPDLMHPY
MPDLPPP
MPDLTKP
MPECKDP
MPECMGP
MPECMGP1
MPECMGPY
MPEFWDP9
MPEFWDPM
MPEFWDPT
MPEFWHP
MPESPTP
MPESPTP9
MPESPTPM
MPEXAUP
MPEXSCP
MPFFUHP
MPFFUJPM
MPFFUTP
MPFLACP
MPFLAUP
MPFLSCP
MPFOPHP
MPFOPJPM
MPFOPTP
MPFRCTP
MPFRCTP1
MPHPMAP
MPHPMHP
MPIDCOP
MPIDCPP
MPIDDWP1
MPIDLHP
MPIDSGP
MPIDTXP
MPIDXDP
MPMCAHP
MPMCAJPM
MPMCALP
MPMCALP1
MPMCALPM
MPMCALPY
MPMFRAP
MPMFRAPM
MPMFRAPY
MPMFRHP
MPMFRJPM
MPMMCHP
MPMMCJPM
MPMMCPP1
MPMNMCP1
MPMNMCP@07
MPMNZCP
MPMNZCP1
MPMNZCP2
MPMNZCPY
MPMNZHP
MPMSWHP
MPMSWPP1
MPMSWPP2
MPMSWPPY
MPMZCHP
MPMZCPP1
MPMZCPP@07
MPNTFBP
MPORSCP
MPORSHP
MPORSLP
MPP261
MPSFLCP
MPSTKCP
MPSWSCP1
MRBLOIP
MRBLOTP1
MRBLOWP
MRBUEWP
MRBULEPE
MRBULIP
MRBULWP
MRBULWP2
MRBUMPP
MRDALWP
MRDALWP2
MRDFCCP
MRDFCCP_BK
MRDFCCP_BX
MRDFCDP
MRDFCDP_BK
MRDFCDP_BX
MRDFLCP
MRDFLCP1
MRDFLCPC
MRDFLCPT
MRDFLCPX
MRDFLCPY
MRDFLCP_BK
MRDFLCP_BX
MRDFLDP
MRDFLDP1
MRDFLDPC
MRDFLDPT
MRDFLDPX
MRDFLDPY
MRDFLDP_BK
MRDFLDP_BX
MRDLBFP
MRDLBNP
MRDSKCP
MRDSKDP
MRECMGP
MRFACTP
MRGDKCP
MRGDKDP
MRGDLMP
MRHRBTP
MRHREWP
MRHRIPP
MRHRMXP
MRHRUDP
MRMRLMP
MRORPMP
MRPDGPP
MRPDGPWP
MRPXCLP
MRSYPMP
MRWSNDP
MRYCMPP
MRYCUSP
MRYCUSWP
MRYCUSWP2
ORBBCPP
PMCFDTP
PMCFFTP
PMCFHDP
PMFTPCP
PMFTPIP
PMFTPOP
PMTCMDP
PMTGMDP
PMTXCCP
PMTXCFP
PMTXPCP
PMTXPFP
RC402RP
RCBPTTP
RCCYTLP
RCEEDLP
RCFXPCP
RCFXPDP
RCPPRCP
RCPROFP
RCRFRTP
SCSXRGP
SEBRSIP
SECPNDP
SECPSDP
SECPSIP1
SEDFSIP
SEDLSBP
SEECCLP
SEECEXP
SEECLMP
SEECNBP
SEECSHP
SEECSTP
SEECSYP
SEFTSDP
SELCSIP1
SEMFDTP
SENETBP
SENETBP1
SENETBP2
SENETGP
SENETJP
SENETJPM
SENETMP
SENODHP
SEOSBDP
SEOSBPP
SESIRBP1
SETTDTP
SETXPCP1
SETXPFP1
SS@ETSP
SS@GRRFP
SS@RPATP
SS@TRSFP
SS@TSACP
SSACEXP
SSADAYP
SSAFNAP
SSAFNPP
SSARFLP
SSAUAPP
SSBCDFP
SSBHBCP
SSBHBCP9
SSBHGAP
SSBHGAP1
SSBHGCP
SSBHGCP1
SSBHGIP
SSBHGIP1
SSBHGMP
SSBHGMP1
SSBHGPP
SSBHGVP
SSBHJAP
SSBHJAP1
SSBHJCP
SSBHJCP1
SSBHJIP
SSBHJIP1
SSBHJMP
SSBHJMP1
SSBHJPP
SSBHJVP
SSBRCPP
SSCBACP
SSCBBHP
SSCBBNP
SSCBCBP
SSCBHBP
SSCBHBP1
SSCBKBP
SSCBLBP
SSCBNBP
SSCBPCP
SSCBPRP
SSCMFNP
SSCTMHP
SSCTMHP1
SSCVFNP
SSCVSTP
SSCYIFP
SSCYIFPY
SSDATAP
SSDATE0001
SSDATE0002
SSDATEP
SSDATHP
SSERSSP
SSERUSP
SSEXPSP
SSEXRSP
SSEXRTP
SSFILEP
SSFNCLP
SSGEXFP
SSGHCLP
SSGMCPP
SSHLDGP
SSHLDGP#1
SSINCRP
SSLPDTP
SSMCLPP
SSMNCLP
SSMNLPP
SSPGSTP
SSPWEXP
SSREXPP
SSRLNNP
SSRLNPP
SSRPAPP
SSRPDTP
SSRPDTPZ
SSRPRPP
SSSDCPP
SSSTDPP
SSTICAP
SSULMCP
SSUSERP
SSUSRAP
SSWSCAP
SSWSCPP
STCCPSPM
STCPETP
STFRTOP
STPCPSP1
TCPDCPP
TDPDCPP
TIBLRLP
TIBLRMP
TIDWLCP
TIEVHMP
TIFTPLP
TIFTPMP
TIHLTBP
TIOCYGP
TIRBKDP
TIRBKDP1
TIRBKFP
TIRDLDP
TIRDLDP1
TIRDLFP
TIRECIP
TIREGNP
TIRTASP
TIRTAXP
TIRTBMP
TIRTCCP
TIRTCMP
TIRTEXP
TIRTIDP
TIRTPDP
TIRTSDP
TISTDPP
TISYDTP
TISYSDP
TLDRATP
TNBANOP
TNBTCHP
TNCASHP
TNCPGNP
TNEXCHP
TNINTRP
TNSTTLP
TNTIMEP
TOBECPP
TOCMGFP
TOCMGFPY
TOCRLGP
TOEXCLP
TOJOBCP
TRCFFDP
TRCPIPP
TRFLAGP
TRTGMDP
TRTMTBP
TRTXPCP
TRTXPFP
TT906AP
TT906TP
TTABCTP
TTABDCP
TTABPMP
TTADTHP
TTALSFP
TTALSFP#1
TTAMIDP
TTBCDUP
TTBKSPP
TTBRATP
TTBSPPP
TTBUDCP1
TTBUDDP1
TTCAPMP
TTCAWTP
TTCCPLP
TTCEPDP
TTCLMCP
TTCLMCPY
TTCLMTP
TTCLMTPY
TTCLQGP
TTCLQGPY
TTCLSMP
TTCLSYP
TTCMPTP
TTCPADP
TTCPAHP
TTCPIGP
TTCPIPP
TTCPIPPN
TTCPIPPT
TTCPMAP
TTCPMHP
TTCPMIP
TTCPPCP
TTCPR1P
TTCPR2P
TTCPYFP
TTCRATP
TTCRATPT
TTCRATPY
TTCRCFP
TTCTREP
TTCYIFP
TTDFCCP
TTDGDFP
TTDMNCP
TTDPEXP
TTDSPJP
TTEMUPP
TTEPAVP
TTEPFMP
TTEPWKP
TTERAGP
TTERAGP#1
TTERATP
TTERATPT
TTERATPX
TTERATPY
TTESDCP
TTESTDP
TTEURRP
TTEXPCP
TTFEBCP
TTFFDSP
TTFLPCP
TTFPRCP
TTFPRCP1
TTFPRCPT
TTFPRCPX
TTFPRCPY
TTFTCD0001
TTFTCDP
TTFTCDP@HL
TTFTHT0001
TTFTHTP
TTFTLG0001
TTFTLGP
TTFTPLP
TTFURDP
TTFURDPT
TTFURDPY
TTFXFGP
TTFXFGPH
TTFXFHP
TTFXFIP
TTFXFLP
TTFXFNP
TTFXFOP
TTFXFRP
TTFXNCP
TTFXNRP
TTFXSYP
TTGBDPP
TTGBNSP
TTGCDCP
TTGCDCP#1
TTGCDCPZ
TTGCDPP
TTGCDPPY
TTGDCDP
TTGDCDP#1
TTGDCDPZ
TTGDLSP
TTGGCDP
TTGGLDP
TTGMCDP
TTGMCDP#1
TTGMCDPZ
TTGMEIP
TTGRELP
TTGSICP
TTGSICP1
TTGSIDP
TTGSPCP
TTGSPCP1
TTGSTCP
TTGWMHP
TTGXFPP
TTHASKP
TTHBACP
TTHBAGP
TTHBRMP
TTHCRLP
TTHSARP
TTHSPDP
TTIDRHP
TTIDRTP
TTIMCRP
TTIPACP
TTIPAVP
TTIPDIP
TTIPECP
TTIPECP1
TTIPFMP
TTIPWKP
TTIPWKP1
TTIRATP
TTIRATPX
TTIRFSP
TTIRMHP
TTLCPLP
TTLDPDPT
TTMBKCP
TTMKSDP
TTMRATP
TTNFWCFP
TTOCTLP
TTOFECP
TTOFMAP
TTOFMHP
TTOFMKP
TTOFOTP
TTOFQYP
TTOPMHP
TTOPRCP
TTOPRCP1
TTOPRCPT
TTOPRCPX
TTOPRCPY
TTORMHP
TTPCPLP
TTPDCGP
TTPDCTP
TTPDEXP
TTPDMHP
TTPDMPP
TTPDSPP
TTPLPPP
TTQRYFP
TTQRYFP@SS
TTRPDPP
TTRTCPP
TTRVDSP
TTRVPCP
TTRXRBP
TTSBDTP
TTSDCPP
TTSOBJD
TTSPICP
TTSPLFP
TTSPMHP
TTSRATP
TTSRATPT
TTSRATPX
TTSRATPY
TTSRMAP
TTSRMHP
TTSTDPP
TTSWCLP
TTTMSFP
TTTRBHP
TTTRBRP
TTTRCCP
TTTRDSP
TTTRUDP
TTTTTVP
TTUSRPP
TTXCTSP
TTXDFPP
TTXSTSP
WSCCR1P
ZHDGNCP
ZHDGSPP
