ADADCOP
ADADPCP
ADADPP
ADADPRP
ADADPTP
ADAPTINFPR
ADAPTMSGP
ADBALFP
ADBALFP0
ADBCDJP
ADBCDTP
ADBCHDP
ADBCHJP
ADBEDCP
ADBEDJP
ADBEHCP
ADBEHJP
ADCHRGP
ADENTJP
ADENTRP
ADEXASP
ADEXGLP
ADFAMJP
ADFAMSP
ADFAMVP
ADFAXFP
ADFAXJP
ADFAXJP1
ADFMANP
ADGRDTP
ADGRHDP
ADIPDTP
ADIPHDP
ADITMCP
ADMACJP
ADMACLP
ADONRQP
ADPHLDP
ADPODJP
ADPODTP
ADPOHDP
ADPOHJP
ADPOIJP
ADPOINP
ADPTYCP
ADPTYJP
ADSCPJP
ADSCPTP
ADSRBCP
ADSRBJP
ADSUCRP
ADSUPCP
ADSUPJP
ADSYCLP
ADTICKP
ADTNFAP
ADTNRVP
AFADDRP
AFADEJP
AFADESP
AFADMSP
AFADPTP
AFAFEJP
AFAFERP
AFAFESP
AFAFMSP
AFAFSTP
AFAMHRP
AFAOEJP
AFAOESP
AFAOMSP
AFASEJP
AFASESP
AFASMSP
AFDBACP
AFDBXCP
AFDDCPP
AFGCMSP
AFHBEJP
AFHBIJP
AFHBWFP
AFLVPWP
AFMSTPP
AFSDMSP
AFSGACP
AFSIADP
AFSIBMP
AFSICPP
AFSIMSP
AFSIRAP
AFSTGDP
AFSTMSP
AFSTRAP
AFSWAJP
AFSWATP
AICRDFP
AM@LAFP1
AM@LAFP12
AM@LAFP2
AM@LAFP21
AM@LAFP2B
AM@LAFP2B1
AM@LAFP3
AM@LAFP4
AM@LAFP5
AM@SPFP1
AM@SPFP10
AM@SPFP11
AM@SPFP12
AM@SPFP13
AM@SPFP13B
AM@SPFP14
AM@SPFP1B
AM@SPFP2
AM@SPFP3
AM@SPFP3B
AM@SPFP4
AM@SPFP51
AM@SPFP52
AM@SPFP52B
AM@SPFP6
AM@SPFP7
AM@SPFP9
AT@LAFP1
AT@LAFP2
AT@LAFP3
AT@LAFP4
AT@SPFP2
AT@SPFP5
AW@SPFP14
BAABLCP
BAACBCP
BAACIGP
BAACRGP
BAACRTP
BAACRWP
BAALRBP
BAASRBP
BABPRPP
BABPSPP
BACSEXP
BADCPBP
BADDEXP
BAFSTSP
BAFTCPP
BAFTPCP
BAFXCNP
BAHVPWP
BAIMAHP
BAIMECP
BAIMGTP
BAIMPHP
BAIMTHP
BAIOBCP
BAIOQFP
BAIREXP
BAIRPEP
BAITSTP
BANADDP
BANATJP
BANATKP
BAODCJP
BAODCSP
BAOMGCP
BAOMGTP
BAOMPHP
BAOMTHP
BAOREXP
BAOWERP
BAPECPP
BAPEIGP
BAPEQLP
BAPESDP
BAPSLCP
BAPTACP
BAREPCP
BARLSCP
BARRPJP
BASAINP
BASAISP
BASAMSP
BA@SMSP
BASSAFP
BASSMSP
BAXCACP
BS@CIFP
CHBKSRP
CHBKTRP
CHCABSP
CHCIDCP
CHCLMTP
CHCUSTP
CNALINP
CNBPCSP
CNBPGCP
CNBPSDP
CNFDSMP
CNFDSWP
CN@IDIP
CN@IDJP
CPACLHP
CPACLHP1
CPACLHP9
CPACM1P
CPACM2P
CPACM3P
CPACMCP
CPADDRP
CPAVACP
CPBCPCP
CPCBRCP
CPCBRCP1
CPCBRJP
CPCBRJP1
CPCDACP
CPCDCCP
CPCDCCP1
CPCDM1P
CPCDM2P
CPCDM3P
CPCDMCP
CPCDMCP1
CPCDSTP
CPCDTSP
CPCDTSP1
CPCGEXP
CPCGEXP1
CPCGEXP2
CPCGEXPA
CPCLMJP
CPCLMTP
CPCLMTP1
CPCMPMP
CPCMPMP1
CPCMPMP2
CPCMPMP3
CPCMPMP4
CPCPGNP
CPCPOPP
CPCRIDP
CPCSRQP
CPCUSTP
CPFEAIP
CPFECHP
CPFECSP
CPFECUP
CPFEPKP
CPFEVRP
CPGINLPT
CPGTPOP
CPHVPDP
CPHVPHP
CPHVPRP
CPINCIP
CPMAC1P
CPMAC2P
CPMAC3P
CPMACCP
CPOASTP
CPOASTP1
CPOBPMP
CPOUQQP
CPPAPDP
CPPDMAP
CPPDMPP
CPPLIFP
CPPLIFP1
CPPMQIP
CPPODFP
CPPODXP
CPSCPGP
CPSMRCP
CPSMRCP1
CPSNPRP
CPSSTDP
CPTPBCP
CPTPCJP
CPTPCJP2
CPTPCNP
CPUAAMP
CPUAAMPA
CPUAENP
CPUAENPA
CPWHTEP
CPWHTXP
CR@AMAP
CRBSCYP
CRBSEWP
CRBSEWP1
CRBSNMP
CR@BSNP
CRBSNTP
CRBSPBP
CRBSPBP1
CRBSPCP
CR@CBFP
CR@CBFP1
CR@CFIP
CR@CFIP1
CR@CFOP
CR@CFOP1
CR@CRLP
CR@CRLP1
CR@FDFP
CR@LNFP
CR@LYFP
CR@RTCP
CR@TTFP
CR@TTWP
CR@TTWP1
CSAAMSP
CSAMBDP
CSAMGBP
CSAMGDP
CSCDPDP
CSCDPEP
CSEMIDP
CSFNCCP
CS@LPGP
CSMBCCP
CSMCBPP
CSPDTAP
CSPDTJP
CSPDTMP
DCACMSP
DCCRMNP
DCDRICP
DCPDCPP
DCPLCCP
DCUOEXP
DDACADP
DDACESP
DDACMCP
DDACMSP
DDACMSP1
DDADPMSGP
DDBCRQP
DDBIAVP
DDBSCLP
DDCBPCP
DDCBPTP
DDCBPTPY
DDCISPP
DD@CIWP
DDCNOWP
DDCQALP
DDCQBKP
DDCQCLP
DDCQIFP
DDCQOIP
DDCQORP
DDCQRCP
DDCQRQP
DDCQSTP
DDCRCPP
DDCRINP
DDCRINP0
DDCRINP1
DDCSRQP
DDCSRQP1
DDCSRQPF
DDCTKUP
DD@DIWP
DDERINP
DDGCTTP
DDGICWP
DDGIOCP
DDGLVLP
DDGMAMP
DDGMAPP
DDGMASP
DDGMESP
DDGNBLP
DDGPCLP
DDGPOLP
DDGPOLP1
DDGS1BP
DDGSAMP
DDGSAPP
DDGSASP
DDGXAIP
DDIAMJP
DDICINP
DDICMOP
DDICMVP
DDICMVP1
DDICMVP2
DDICRQP
DDICRQP1
DDICVLP
DDINACP
DDINACP1
DDINAVP
DDINSRP
DDIPORP
DDIVCLP
DDIVPSP
DDIVSCP
DDLBBEP
DDMSCMP
DDNAADP
DDOTKUP
DDPASTP
DDPASTP1
DDPBUDP
DDPDCPP
DDPGLPP
DDPICIP
DDPIRCP
DDRAACP
DDRAAMP
DDRAAMP1
DDRHXQP
DDRHXQP1
DDSAMDP
DDSAMSP
DDSAPDP
DDSMCJP
DDSMCPP
DDSPCPP
DDSPCQP
DDSTMTP
DDSTMTPPR
DDSVSTP
DDSVSTP1
DDSVSTPZ
DDSWCLP
DDSWCLP1
DDSWPNP
DDTRNDP
DDUWINP
DDUWRTP
DDVLBLP
DDVLBLP1
DDVLBOP
DDWRCPP
DDWRSTP
DNCLAWP
DNDDFFP
DNFXTRP
DNMIAAP
DNMIACP
DNMIACP1
DNMIACP2
DNMIACPB
DNMIACPC
DNMIACPCB
DNMIACPD
DNMIACPE
DNMICLP
DNMICSP
DNMICSP1
DNMICSPB
DNMILGP
DNMIRCP
DNNADPP
DNNADPP1
DNNADXP
DNODAWP
DNPIFPP
DNPIFPP1
DNPIFWP
DNPIFXP
DNSCGBP
DNSCGJP
DNSTCWP
DNSTTWP
EBAECLP
EBAEMMP
EBAERQP
EBAPINP
EBATMAP
EBBPINP
EBBPINP1
EBCPINP
EBCQBRP
EBCRSTP
EBCUAAP
EBCUADP
EB@CUAP
EBCUARP
EB@CUJP
EBCUSTP
EBCUSTP9
EBCUSTPH
EBCUSTPT
EB@CUTP
EBDCNOP
EBEMRQP
EBFMARP
EBFMBYP
EBFMCUP
EBFMNAP
EBGMADP
EBGMCJP
EBLREFP
EBMHIFP
EBMIEXP
EBMIEXP1
EBMIEXP2
EBMIEXP3
EBMIEXP4
EBPDPYP
EBPLCPP
EBSCCPP
EBTRSTP
EOEXTCFP
EOMNLPP
EOMNLPPM
EOSQLSFP
EPABAJP
EPACLMP
EPACLMP1
EPACLPP
EPACMSP
EPACTFP
EPADCLP
EPADCPP
EPADCTP
EPADCTP1
EPADCTP2
EPADCTPV
EPADINP1
EPADINPV
EPADMCP
EPADPRPN
EPADPRPV
EPADRFP
EPALSFP
EPASMSP
EPASMSP1
EPASMSP2
EPATMTP
EPBACPP
EPBAT1P
EPBAT2P
EPBAT3P
EPBATBP
EPBATPP
EPBCRQP
EPBCRQP1
EPBDCCP
EPBDRPP
EPBEFCP
EPBGCPP
EPBIAPP
EPBLATP
EPBLCBP
EPBLDSP
EPBLDXP
EPBLEXP
EPBLHXP
EPBLIHP
EP@BLMP
EPBLMSP
EPBLMSP1
EPBLMSP9
EPBLMSPZ
EPBLMXP
EPBLRCP
EPBLRCP1
EPBLSFP
EPBLSTP
EPBLSTP1
EPBLTFP
EPBLTOP
EPBLTOP1
EPBLTOP2
EPBLWAP
EPBLWXP
EPBNMCP
EPBPCPP
EPBRDRP
EPBRDSP
EPBRDSP1
EPBRDSP2
EPBRDWP
EPBSAPP
EPBSCPP
EPBSERP
EPBTAVP
EPBTAVP1
EPBUAPP
EPCBBMP
EPCBBPP
EPCBBWP
EPCBCLP
EPCBCLP1
EPCBLFP
EPCBSTP
EPCCMAP
EPCCSMP
EPCFDJP
EPCFMAP
EPCFMSP
EPCFTRP
EPCFWAP
EPCHGPP
EPCHHYP
EPCHPMP
EPCHWAP
EPCLAUP
EPCLUSP
EPCLWAP
EPCMSTP
EPCNBBP
EPCNWAP
EPCON2P
EPCON2P5
EPCON2PD
EPCON2PD5
EPCON2PDS
EPCON2PS
EPCSRNP
EPCSRNP1
EPCSRQP
EPCSRQP1
EPCTLPP
EPCUWAP
EPDANSP
EPDBSCP
EPDBSCP1
EPDBSCP5
EPDBSTP
EPDBSTP1
EPDBSTP5
EPDCATP
EPDCCBP
EPDCCPP
EPDCDSP
EPDCEXP
EPDCMSP
EPDCMSP3
EPDCMSP9
EPDCMSPZ
EPDCNAP
EPDCOEP
EPDCSTP
EPDCSTP1
EPDCSTP2
EPDCTFP
EPDICSP
EPDIGSP
EPDITIP
EPDIUIP
EPDLWAP
EPDOUIP
EPDPDCP
EPDPIFP
EPDPITP
EPDPITP1
EPDPMSP
EPDPTFP
EPDPWAP
EPDSCRP
EPDSWAP
EPDTMTP
EPDVCLP
EPEBLFP
EPECILP
EPECILP1
EPEDAWP
EPEDCFP
EPEDIBP
EPEDIHP
EPEDIRP
EPEDMSP
EPEDPQP
EPEDRCP
EPEDRDP
EPEDRPP
EPEMAIP
EPEMRDP
EPEMRQP
EPEXMPP
EPEXMPP1
EPEXTPP
EPFEXSP
EPFSIDP
EPFSIDP1
EPFSIDP2
EPFTRWP
EPGECPP
EPGFPRPT
EPGFXPP
EPGIPRPT
EPGMSAP
EPGMSCP
EPGPRDPT
EPGQFWPT
EPHDRIP
EPHITMP
EPHITMP1
EPHWSPP
EPIBLFP
EPICMCP
EPICMCP1
EPICMSP
EPICMTP
EPIDCFP
EPINAJP
EPINAJP1
EPINGSP
EPISGFP
EPJCL
EPLNAPP
EPLNDFP
EPLOCDP
EPMBERP
EPMBLOP
EPMBRQP
EPMBSTP
EPMDCDP
EPMDCDP1
EPOCTDP
EPODMAP
EPODMSP
EPODWAP
EPOHINP
EPOMNCP
EPPDCPP
EPPDUEP
EPPLLKP
EPPLMTP
EPPOMSP
EPPOWAP
EPPRQCP
EPQBRDP
EPREPTP
EPREPTP1
EPREPTP2
EPRLNPP
EPRODLP
EPRXRNP
EPSAAWP
EPSBCHP
EPSCWAP
EPSENTP
EPSENTP1
EPSENTP2
EPSGEXP
EPSIMSP
EPSIWAP
EPSIWIP
EPSPINP
EPSPMSP
EPSPNCP
EPSPWAP
EPSPWIP
EPSRCFP
EPSRCPP
EPSRDFP
EPSTMSP
EPSTSRP
EPSTSRP1
EPSTWAP
EPSVPRP
EPSYCPP
EPTATPP
EPTLFCP
EPTRCLP
EPTRDCP
EPTTCWP
EPTXRNP
EPUPCHP
EPUPCLP
EPUPCTP
EPUPGPP
EPUPIFP
EPWIPSP
EPWSDQP
EPXDCCP
EPXMTHP
EPXTCLP
EPXTCLP1
EPXTCLP2
EPXTIFP
EWALRDP
EWARFLP
EWAULDP
EWBALPTRCP
EWBHBCP
EWBHFWP
EWBHGAP
EWBHGAP1
EWBHGCP
EWBHGCP1
EWBHGIP
EWBHGMP
EWBHGPP
EWBHJAP
EWBHJAP1
EWBHJCP
EWBHJCP1
EWBHJIP
EWBHJMP
EWBHJPP
EWBOAULP
EWBOCMLP
EWCCAWPC
EWCCAWPP
EWCCAWPT
EWCCCWPC
EWCCCWPP
EWCCCWPT
EWCCLCP
EWCCSNWP
EWCCSNWSP
EWCCUSP
EWCHNPP
EWCLSDT
EWCMIDP
EWCMLDP
EWCPYCTP
EWCPYFP
EWCPYSP
EWCRDWPC
EWCRDWPP
EWCRDWPT
EWCRMCP
EWDCMMP
EWDEXTP
EWDVCLP
EWEAMSP
EWEAMSP1
EWECDWPC
EWECDWPP
EWECDWPT
EWECMSP
EWETARP
EWEXAWPC
EWEXAWPP
EWEXAWPT
EWEXCWPC
EWEXCWPP
EWEXCWPT
EWEXTCUP
EWEXTCUP1
EWEXTDP
EWEXTIP
EWEXTIXP
EWEXTIXT
EWHSSADXP1
EWHSSMSXP
EWHSSMSXT
EWHUBAP
EWHUBDP
EWICACMSP
EWICACRFP
EWICACSMP
EWICALSFP
EWICASMSP
EWICCBPSP
EWICCDMSP
EWICDLASP
EWICDLNQP
EWICPDCPP
EWICREPGP
EWICSTDPP
EWICSTTCP
EWICTPCNP
EWIETNWP
EWIETNWP1
EWIETNWP2
EWIHPASLP
EWIHPCAPP
EWIHPCAPPB
EWIHPCNTP
EWIHPCNTPB
EWLEXPP
EWMCMMP1
EWMCMMP9
EWMCONCTP1
EWMCONCTP9
EWMCONDP9
EWMCONTP1
EWMCONTP9
EWMEXTP
EWMEXTP1
EWMREFP1
EWMREFP9
EWOACARP9
EWOADRP9
EWOARARP9
EWOARIPP9
EWOARP9
EWOCAARP9
EWOCCARP9
EWOCCSMP9
EWOCSTP9
EWOEMPEP9
EWOIDDPP9
EWOIDVP9
EWOIIPP9
EWOIPALTP9
EWOIPEMAP9
EWOIPP9
EWOIPTELP9
EWOORGP9
EWOPDARP9
EWOPDCLMP9
EWOPDP9
EWOPDXSLP9
EWOSVARP9
EWPOCUMAP
EWPOCUMMP
EWPPCPP
EWPRDITMCP
EWSBUSMP
EWSBUSP
EWSDCPP
EWSDLSP
EWSEXPP
EWSIPALTP
EWSIPEMAP
EWSIPP
EWSLDSTP
EWSLDSTP1
EWSLDSTP9
EWSLFLP
EWSLSTP
EWSLSTP1
EWSTDPP
EWSYCPP
EWTPRDP
EWTPRIP
EWTRCDP
EWUEXPP
EWUEXPP1
EWUEXPP9
EWUSRDEL
EWUSRMAP
EWWDATEP
EWWPETRIDP
EWWRCLP
EWWSDLSP
EWWTCAINWP
EWWTRIDP
FICNTPF
GBCINFP
GBCTYPP
GBSTDPP
GBSTDPP2
GCCVLMP
GCCVMIP
GHACMSP
GHACMSPD
GHALHIQ1
GHALSFP
GHALSFP1
GHALSFPD
GHALSFQ1
GHALSFQ2
GHBCHCP
GHBDIFP
GHBDIFP1
GHBDIFP9
GHBDIWP
GHBDIWP9
GHBDIWPQ
GHBSP1P
GHBSP2P
GHCLMTP
GHCLMTP7
GHCLMTP8
GHCLMTPD
GHCLMTPD7
GHCLMTPD8
GHCNISP
GHCNISPD
GHCON2P
GHCON2P7
GHCON2P8
GHCON2P9
GHCON2PD
GHCON2PD7
GHCON2PD8
GHCON2PD9
GHCON2PH
GHCON3P
GHCON3P1
GHCON3P9
GHCPFCP
GHCPFCP2
GHCPFCP3
GHCPFCPD
GHCPFCPD2
GHCPFCPD3
GHCPFGP
GHCPFGPD
GHCSHRP
GHCUSTP
GHCUSTP3
GHCUSTPD
GHDTARP
GHEPJNP
GHIEAWP
GHIEAWPA
GHIEAWPM
GHIEISP
GHIERSP
GHIETNP
GHIPJNP
GHLMTRP
GHLMTRP1
GHLMTRPD
GHLMTRPD1
GHPIEIP
GHPIEIP1
GHPIEIP9
GHPYMIP
GHPYMIP1
GHPYMIP9
GHSCR1P
GHSCRLP
GHSECHP
GHSECHPD
GHTCRSP
GL@ACCQP
GLACMSP
GLACMSP1
GLADAJP
GLANCLP
GLATCLP
GLBDINP
GLBDINP8
GLCBPCP
GLCBPTP
GLCBPTPY
GLCHACP
GLDRACP
GLEXDLP
GLEXSTP
GLEXTXP
GLLBBEP
GLNACLP
GLNAIFP
GLNAREP
GLOACJP
GLOAJNP
GLOPADP
GLOPIAP
GLOPICP
GLOPISP
GLORDJP
GLSBACP
GLSBATP
GLSBATP1
GLSBATPZ
GLSBSCP
GLSSCLP
GLSTATP
GLSTATP1
GLSTATPZ
GLSTAUP
GLSURCP
GLSYCLP
GLTRNDP
GLTRSTP
GLTRSTP1
GRALINP
GRALINP1
GRALINP2
GRALLCP
GRAPCLP
GRBDAIP
GRBDAIP0
GRBDAMP
GRBDBWP
GRBDGWP
GRBDIDP
GRBDIFP
GRBDIFP0
GRBDIFP1
GRBDIMP
GRBDSTP
GRBDSTP0
GRBDSUP
GRBDXWP
GRCLMTP
GRCSIEP
GRDCBPP
GRFEIGP
GRFEIGP0
GRFEIIP
GRFEIIP0
GRFXTHP
GRFXTHP0
GRFXTHP7
GRGLIEP
GRGPCLP
GRIGDWP
GRIGDWP1
GRINEPP
GRINEPP1
GRINEPPZ
GRIRRWP
GRIRRWP1
GRIRRWP2
GRIRRWP3
GRIRRWP4
GRLMTYP
GRLQINP
GRLQLCP
GRRTCLP
GRRTNMP
GRRTTHP
GRRTTHP7
GRRTTPP
GRRTTPP7
GRSYCLP
GRTEIDP
GRTRAEP
GRUODIP
GRUODIP1
GRUODSP
GRUODSP0
GXCLMTP
GXCNSPP
GXCRPCP
GXCTLPP
GXGRCAP
GXLOGPP
GXPRFTP
HD@PODP
HD@POSP
HD@PRFP
HD@SMPCP
HD@SMPRP
HEACHCP
HEACHCP1
HEACIGP
HEACIGP1
HEACIMP
HEACNMP
HEBPCLP
HEBPDTP
HEBPSHP
HEIIEXP
HEINCLP
HEMGCLP
HEMGERP
HEMHIFP
HEMICLP
HEMICLP1
HEMIINP
HEMINRP
HEMIREP
HEMOCLP
HEMOREP
HEMPRDP
HEMRDTP
HEMRECP
HEPINKP
HEPINSP
HERPRQP
HERPRWP
HERPRWP1
HERTLGP
HESYRCP
HFBKIDP
HFCYCPP
HFELOGP
HFEXUSP
HLACCIP
HLACOIP
HLCLMTP
HLCSACP
HLCUSIP
HLCYIFP
HLINSIP
HLODEXP
HLRATEP
HLSCRLP
HLSECHP
HLTCPCP
HOACTLP
HODYXLP
HOMIEXP
HOMIRPP
HOOUTLP
HOPLCPP
HSAAOUP
HSAASAP
HSAASCP
HSAASCP1
HSACAAP
HSACADP
HSACAEP
HSACAEP1
HSACARP
HSACAWP
HSACCIP
HSACCIP1
HSACHDP
HSACHDP1
HSACIMP
HSACMAP
HSACMSP
HS@ACMSP
HSACMVP
HSACMVP1
HSACMVP2
HSACPLP
HSACPSP
HSACRAP
HSACRGP
HSACRGP1
HSACSPP
HSACSTP
HSACSTP1
HS@ACTP
HSAGLAP
HSAGLCP
HSAGNAP
HSAGNTP
HSAGPWP
HSAHCAP
HSAHCGP
HSAHCGP1
HS@AHDP
HS@ALCP
HS@ALFP
HS@ALSP
HSALVLP
HSALVLP1
HSALVLP2
HSALVLP4
HSAMCAP
HSAMCDP
HSAMCDP1
HS@ANCP
HS@ANFP
HS@ANSP
HSAOAAP
HSAOACP
HSAOSAP
HSAOSCP
HSAPSAP
HS@APSP
HS@APSP1
HS@APSP2
HSAPYAP
HSAPYDP
HSAPYDP1
HSASAAP
HSASACP
HSASACP1
HS@ASBP
HSATCWP
HSATLGP
HSAVAHP
HSAVAHP1
HSAVAHP2
HSAVAHP3
HSAVAHP4
HSAVAHP5
HSAVBQP
HSAVBQP1
HSAVCAP
HSAVDAP
HSAVPAP
HSAVPCP
HSAVRCP
HSAVRCP3
HSAVRHP
HSAVRHP1
HSAVRHP2
HSAVRHP3
HSAVRHP5
HSBAMAP
HSBAMCP
HSBCHAP
HSBCHCP
HSBCHDP
HSBCRAP
HSBCRTP
HSBCRTP1
HSBCVLP
HSBCVLP9
HSBDRAP
HSBDRQP
HSBDRQP1
HS@BKFP
HSBSRAP
HSBSRQP
HSBSRQP9
HSBWAAP
HSBWAGP
HSCALWP
HSCBPAP
HSCCPWP
HSCCSTP
HSCDCAP
HSCDCCP
HSCDCCP1
HSCDCCP2
HSCDFAP
HSCDFSP
HSCDFSP1
HSCDHWP
HSCDHWP1
HSCDSAP
HSCDSLP
HSCDSNP
HSCDTXP
HSCEAAP
HSCEABP
HSCEABP1
HSCEAHP
HSCEANP
HSCEARP
HSCEATP
HSCEBAP
HSCEBBP
HSCEBBP1
HSCEBBP2
HSCEBBP3
HSCECAP
HSCECCP
HSCECCP1
HSCECCP2
HSCECRP
HSCECTP
HSCECTP1
HSCEDAP
HSCEDDP
HSCEDDP1
HSCEEAP
HSCEETP
HSCEETP1
HSCEETP2
HSCEETP3
HS@CEFP
HSCEIAP
HSCEIFP
HSCEIJP
HSCEIJP1
HSCEIJP9
HSCEISP
HSCEISP1
HSCEKAP
HSCEKHP
HSCEKHP1
HSCELAP
HSCELJP
HSCELJP1
HSCELJP9
HSCELRP
HSCEMAP
HSCEMJP
HSCEMRP
HSCENAP
HSCENAP1
HSCEOAP
HSCEOJP
HSCEOJP1
HSCEOJP9
HSCEORP
HSCEPAP
HSCEPCP
HSCEPCP1
HSCEPMP
HSCEPMP1
HSCEPMP2
HSCEQAP
HSCEQLP
HSCERAP
HSCERCP
HSCERCP2
HSCERTP
HSCERTP1
HSCERTP2
HSCESAP
HSCESTP
HSCESTP1
HSCESTP2
HSCESTP9
HSCETAP
HSCETNP
HSCETYP
HSCETYP1
HSCEUAP
HSCEUBP
HSCEUBP1
HSCEVAP
HSCEVPP
HSCEVPP1
HSCEXAP
HSCEXBP
HSCEXCP
HSCEXEP
HSCEXRP
HSCEYAP
HSCEYBP
HSCEYCP
HSCEYCP1
HSCEYDP
HSCEYDP1
HSCGALP
HSCGARP
HSCGARP1
HSCGCAP
HSCGCJP
HSCGCJP1
HSCGCLP
HSCGCLP1
HSCGCSP
HSCGHAP
HSCGHDP
HSCGHDP1
HSCGHJP
HSCGHJP1
HSCGLAP
HSCGSAP
HSCGSTP
HSCHRAP
HSCHRNP
HSCHRNP1
HSCIEAP
HSCIEHP
HS@CIFP
HSCISGP
HSCIUAP
HSCIUCP
HSCIUEP
HSCLSAP
HSCLSJP
HSCLSJP1
HSCLSPP
HS@CMAP
HS@CNSP
HSCPAAP
HSCPARP
HSCPCAP
HSCPCJP
HSCPCJP1
HSCPCLP
HS@CPFP
HSCPIAP
HSCPIJP
HSCPIJP1
HSCPITP
HSCPMAP
HSCPMLP
HSCPPAP
HSCPPTP
HSCPRAP
HSCPRJP
HSCPRJP1
HSCPRJP9
HSCPRQP
HSCPRQP1
HSCPSAP
HSCPSCP
HSCPTAP
HSCPTYP
HSCPTYP1
HSCPTYP2
HSCR00P
HSCRORP
HSCRQCP
HSCRQCP1
HSCRQDP
HSCRQDP1
HSCSEXP
HSCSPAP
HSCSPJP
HSCSPJP1
HSCSPJP9
HSCSPQP
HSCSRQP
HSCSUAP
HSCSUPP
HSCSUPP1
HS@CTJP
HSCTRAP
HSCTREP
HSCTREP1
HSCTRJP
HSCTRJP1
HSCUSAP
HSCUSAPB
HSCUSTP
HSCUSTP1
HSCUSTPB
HSCXBAP
HSCXCAP
HSCXEAP
HSDBHAP
HSDBHCP
HSDBHCP1
HSDEILP
HSDFLDP
HSDFTWP
HSDIACP
HSDIADP
HSDICAP
HSDICHP
HSDICQP
HSDIDAP
HSDIDHP
HSDIDQP
HSDIEAP
HSDIEHP
HSDIEQP
HSDIEQP2
HSDIHCP
HSDIKAP
HSDIKHP
HSDIKMP
HSDIMCP
HSDIMDP
HSDINAP
HSDINQP
HSDINQP1
HSDINQP2
HSDIRAP
HS@DIRAP
HSDIRHP
HSDIRHP1
HSDIRQP
HS@DIRQP
HSDIRQP1
HS@DIRQP1
HSDIRQP2
HSDISAP
HSDISHP
HSDISQP
HSDITAP
HSDITHP
HSDITTP
HSDITTP1
HSDIXAP
HSDIXQP
HSDIXQP2
HSDLARP
HSDLJNP
HSDLKCP
HSDLMCP
HS@DMFP
HS@DMVP
HSDOACP
HSDOADP
HSDOMCP
HSDOMDP
HSDORAP
HSDORHP
HSDORHP1
HSDORQP
HSDORQP1
HSDOTAP
HSDOTTP
HSDOTTP1
HSDPTAP
HSDPTLP
HS@DTFP
HS@DWFP
HSDYSLP
HSENRAP
HSENRPP
HSENRPP1
HS@ENTFP
HSESCLP
HSESLGP
HSESLMP
HSESNAP
HSESNRP
HSESNRP1
HSESPQP
HSESRQP
HSEVTAP
HSEVTLP
HSEXCTP
HSEXCTP1
HSEXMAP
HSEXMTP
HSEXRTP
HSFNCTP
HSFSCCP
HSFSCCP1
HSFSCCP2
HSGASAP
HSGASCP
HSGASJP
HSGASJP1
HSGDIAP
HSGDICP
HSGDICP1
HSGDIJP
HSGDIJP1
HSGMNSP
HSGMNSP1
HSGRAMP
HSGRAMP1
HSGRMAP
HSHCRNP
HSHCRNP1
HSHDMNP
HSHDMNP1
HSHDMNP3
HS@HDMP
HS@HDMP1
HS@HDMP2
HS@HDMP3
HSHDMVP
HSHDMVP1
HSHDMVP2
HSHDMVP3
HSHDPSP
HSHDRCP
HSHLD2PC
HSHLDAP
HSHLDRP
HSHLDSP
HSHPEAP
HSHPEWP
HSIAOLP
HSIDAPP
HSIMGTP
HSIMTAP
HSIMTHP
HSINFAP
HSINFCP
HSINFCP1
HSINSAP
HSINSFP
HS@INSP
HS@INTFP
HS@INTTP
HS@ITNP
HSJBDFP
HSLCCAP
HSLCCEP
HSLCCJP
HSLOCAP
HSLOCTP
HSLOHAP
HSLOHCP
HSMBCDP
HSMBCDP1
HS@MDRP
HSMISWP
HS@MKPP
HS@MPMP
HS@MSJP
HS@MSMP
HSMSSAP
HSMSSCP
HS@MSSP
HSNIALP
HSNSCAP
HSNSDAP
HSNSDYP
HSODCAP
HSODCGP
HSOMGCP
HSOMGCP1
HSOMGCP2
HSOMGCP3
HSOMGTP1
HSOMGTP2
HSOMGTP3
HSPAPAP
HSPAPCP
HSPAPCP1
HSPAPPP
HSPAPPP1
HSPDTPP
HS@PORTFP
HSPRSAP
HSPRSCP
HSPRSTP
HSPTCAP
HSPTCLP
HSPUCLP
HSPXSAP
HSPXSTP
HS@QD1P
HS@QFIP
HS@QFMP
HS@QFXP
HS@QRYP
HSQYILP
HS@RCBP
HS@RCBP1
HSRCFAP
HSRCFDP
HSRCFDP3
HSRCFHP
HSRCFLP
HSRCHAP
HSRCHDP
HSRCHHP
HSRCHLP
HSRCRFP
HS@RDAP
HSRDATP
HSRDAWP
HSRDBTP
HSRDCWP
HSRDEXP
HSRDILP
HS@RDNP
HSRDOAP
HSRDODP
HSRDOHP
HSRDPCP
HS@RDTP
HSRDWWP
HSRDWWP1
HSREGAP
HSREGRP
HSRFDWP
HSRGBTP
HSRGBTP1
HSRGCHP
HSRGCHP1
HSRGCTP
HSRGCTP1
HSRGDNP
HSRGDNP1
HSRGHDP
HSRGHDP1
HSRGNAP
HSRGNAP1
HSRHXCP
HSRHXCP1
HSRHXDP
HSRHXDP1
HSRHXTP
HSRHXTP1
HS@RMBP
HSRMPSP
HS@RMTP
HSRNAAP
HSRNAVP
HSRNCAP
HSRNCDP
HSRTALP
HSSAODP
HSSAPOP
HSSBEWP
HSSBMWP
HSSBPWP
HSSCAAP
HSSCALP
HSSCALP1
HSSCIAP
HSSCINP
HS@SCIP
HS@SCIP1
HSSCMAP
HSSCMSP
HS@SCMSP
HSSCMSP1
HSSCMSP2
HSSCMSPB
HSSCPAP
HSSCPCP
HSSCRCP
HS@SCRP
HSSCTAP
HSSCTYP
HSSDTAR001
HSSEAS0505
HSSEASP
HSSEBS0505
HSSEBSP
HS@SECFP
HSSEGAP
HSSEGRP
HSSEMS0505
HSSEMSP
HSSEOSP
HSSEPFP
HSSETSP
HSSEZZP
HSSFAAP
HSSFALP
HSSFCSP
HSSFEXP
HSSFLAP
HSSFLMP
HSSFRAP
HSSFRQP
HSSFRQP1
HSSFSTP
HSSHALP
HSSIMPP
HSSIMPP1
HSSINAP
HSSINPP
HSSINPP1
HSSLPFP
HS@SMAP
HSSRCAP
HSSRDMP
HSSRDSP
HSSRMAP
HSSRMKP
HSSTCAP
HSSTCCP
HS@STNP
HSSTPAP
HSSTPMP
HSSTPTP
HSSTRAP
HSSTRQP
HSSTRQP1
HSSTSAP
HSSTSIP
HSSTSIP1
HSSWTAP
HSSWTQP
HSSYTAP
HSSYTLP
HSTAALP
HSTICKP
HSTMEXP
HS@TOTFP
HSTSMFP
HSTSTAP
HSTXBAP
HSTXBTP
HSTXFNP
HSUNTAP
HSUNTCP
HSUPCLP
HSUPLAP
HSUPLCP
HSUPRAP
HSUPRDP
HS@USIP
HSUTCAP
HSUTDCP
HSUTDEP
HSUTICP
HSUTIEP
HSUTSCP
HSUTSEP
HSUTSIP
HSUTSWP
HSVCALP
HSVCATP
HSVCBAP
HSVCBDP
HSVCBTP
HSVCBTP1
HSVCMAP
HSVCMBP
HSVCMBP1
HSWHTAP
HS@WHTP
HSWHTXP
HSWHTXP1
HSXTCLP
HSXTCLP1
HSXTCLP2
HSXTMMP
HSXTMTP
HSXTTAP
HSXTTHP
HSZACPP
HSZACPP1
HSZANSP
HSZANSP1
HSZBTOP
HSZBTOP1
HSZCBAP
HSZCBSP
HSZCCAP
HSZCCMP
HSZCECP
HSZCECP1
HSZCEDP
HSZCEDP1
HSZCEEP
HSZCEEP1
HSZCESP
HSZCESP1
HSZCGIP
HSZCGIP1
HSZCGYP
HSZCGYP1
HSZCICP
HSZCICP1
HSZCSPP
HSZCSPP1
HSZCTDP
HSZCTDP1
HSZDMGP
HSZDMGP1
HSZIMDP
HSZIMDP1
HSZIMRP
HSZIMRP1
HSZIMSP
HSZIMSP1
HSZIMTP
HSZIMTP1
HSZMSAP
HSZMSTP
HSZPSTP
HSZRDFP
HSZRDFP1
HSZRDTP
HSZRFDP
HSZRFDP1
HSZRGTP
HSZSASP
HSZSASP1
HTALSFP
HTBCHCP
HTBCHCP5
HTBCHCP9
HTMQLCP
HTONCLP
HTONCLPZ
HTONELP
HTONELPZ
HTONJQP
HTSKIPP
HTTLMTP
HTTSLMP
IB2TPFP
IBACIDP
IBACSDP
IBAFERP
IBAHEXP
IBAMSGP
IBAVONP
IBAVRQP
IBAVRQP1
IBBPSHP
IBCAMSP
IBCBIDP
IBCIDRP
IBCMBTP
IBCMEJP
IBCMEWP
IBCMINP
IBCRIUP
IBCSSTP
IBDCUSP
IBDOTTP
IBESMCP
IBHACLP
IBHRSFP
IBINAWP
IBINAWP1
IBIWCSP
IBIWERP
IBIWERPA
IBIWERPB
IBIWPTP
IBKEYCP
IBKEYPP
IBMGBKP
IBMGBKPA
IBMGBKPB
IBMSIDP
IBMXMTP2
IBOTPDP
IBOTPFP
IBPAIFP
IBPBKDP
IBPDEXP
IBPREXP
IBSIEXP
IBSIGJP
IBSLEXP
IBSMAAP
IBSMADP
IBSMADP1
IBSMANP
IBSMANP1
IBSMBPP
IBSMBPP1
IBSMETP
IBSVBUP
IBTDEXP
IBTDEXP1
IBTKCSP
IBTKEXP
IBTKEXP0
IBTKMIP
IBURADP
IBURADP1
IBURSVP
IBURSVP1
IEACMSP
IEASCLP
IEBSCLP
IECBPCP
IECBPTP
IECBPTPY
IECCDIP
IECHACP
IECHPRP
IECMCSP
IECMCSP1
IECMCSP9
IECMCSP91
IECMCSPZ
IECMSTP
IECMSTP1
IECMSTP8
IECMSTP81
IECMSTP9
IECMSTPZ
IEDPACP
IEDPACP1
IEPDIFP
IEPLBDP
IEPLBDP1
IEPLBLP
IEPLHLP
IEPLPCP
IEPLPNP
IE@RECWP
IESBACP
IESBAGP
IESBAGP0
IESCOCP
IESTMRP
IESTMRP1
IESYCLP
IE@TNJNP
IETRSTP
IETRSTP1
IETRSTPZ
ILCBCLP
ILHCLPP
ILHRPPP
ILICLPP
ILICLRP
ILICMPP
ILIRIPP
ILOUIPP
ILSFTPP
ILSPTPP
ILSSTPP
ILTVMPP
IPABAJP
IPACLMP
IPACLMP1
IPACMJP
IPACMJP1
IPACMJP1B
IPACMSP
IPACMSP1
IPACMSP2
IPACMSP3
IPACMSPZ
IPACTFP
IPADCPP
IPAPMSP
IPAPRPP
IPAPRPP1
IPBACPP
IPBCRQP
IPBCRQP1
IPBDCCP
IPBDINP
IPBDITP
IPBDSCP
IPBLATP
IPBLCBP
IPBLDSP
IPBLDXP
IPBLHXP
IPBLIHP
IPBLMDP
IP@BLMP
IPBLMSP
IPBLMSP1
IPBLMSP9
IPBLMSPZ
IPBLMSQ1
IPBLMSQ3
IPBLMXP
IPBLRGP
IPBLRGP1
IPBLRRP
IPBLRRP1
IPBLSTP
IPBLSTP1
IPBLWAP
IPBLWXP
IPBPCPP
IPBSCPP
IPBSERP
IPCAARP
IPCACQP
IPCCSMP
IPCFTRP
IPCHGPP
IPCHHYP
IPCHPMP
IPCHWAP
IPCLWAP
IPCMSTP
IPCNWAP
IPCON2P
IPCON2P5
IPCON2PD
IPCON2PD5
IPCON2PDS
IPCON2PS
IPCSRQP
IPCSRQP1
IPDACNHBCB
IPDACNHBSH
IPDACNHSBC
IPDARDP
IPDBSCP
IPDBSCP1
IPDBSCP5
IPDBSTP
IPDBSTP1
IPDBSTP5
IPDCAAP
IPDCALP
IPDCATP
IPDCCBP
IPDCDJP
IPDCDJP1
IPDCDSP
IPDCFCP
IPDCMSP
IPDCMSP1
IPDCMSP9
IPDCMSPZ
IPDCSTP
IPDCSTP1
IPDCSTP2
IPDICSP
IPDIGSP
IPDLWAP
IPDPIFP
IPDPITP
IPDPITP1
IPDPIWP
IPDPTFP
IPDSCRP
IPEDIBHP
IPEDIBP
IPEDICHP
IPEDICP
IPEDIDHP
IPEDIDP
IPEDISHP
IPEDISP
IPFSIDP
IPFSIDP1
IPFSIDP2
IPGECPP
IPGSCPP
IPGSCPP1
IPHEXAP
IPHEXBP
IPHEXWP
IPICLXP
IPINGSP
IPLGSPP
IPLGSPP1
IPLLWAP
IPLMODP
IPLNCSP
IPLNIHP
IP@LNMP
IPLNMSP
IPLNMSP1
IPLNMSP2
IPLNMSP5
IPLNMSPZ
IPLNSRP
IPLNWAP
IPLNWAP1
IPLNWAP2
IPLTCPP
IPMSCLP
IPPDCPP
IPPDUEP
IPPDUEP1
IPPLLKP
IPPRGDP
IPPRWAP
IPREPTP
IPREPTP1
IPREPTP2
IPRMBCP
IPRMBDP
IPSBCHP
IPSBWAP
IPSETIP
IPSETIP1
IPSGATP
IPSGCBP
IPSGHSP
IPSGMSP
IPSGMSP1
IPSGMSPZ
IPSGRTP
IPSGWAP
IPSGWAP1
IPSHADP
IPSHAJP
IPSIGDP
IPSIGNP
IPSLWAP
IPSTDCP
IPSTDFP
IPSTMTP
IPSTRQP
IPSTWCP
IPSYCPP
IPWACLP
IPXMTHP
IPZZZZP
IRCBESP
IRCBMSP
IRCBMSP1
IRDLIXP
IRDLWDP
IRDMMSP
IRDMMSP1
IRDPIPP
IRDPWCP
IRHICPP
IRMGSTP
IRMGSTP2
IRMGSTPZ
IRPDCPP
IRPDCPPO
IRRBDCP
IRRBDJP
IRRDCPP
IRRDCSP
IRRDSJP
IRRSMSP
IRRSMSP1
IRRSMSP2
IRRSMSPZ
IRSHRFP
IRSHRFP1
IRSPCPP
IRSRCPP
IRSTCPP
IRTCCPP
IRTCPPP
IRTTMSP
IRTTMSP1
ITABMSP
ITACSLP
ITALDFP
ITALDTP
ITALRSP
ITBEIIP
ITBEIOP
ITBINAP
ITBINWP
ITCMMSP
ITDCSTP
ITDCSTP1
ITDCSTP2
ITDGMDP
ITDPITP
ITDPITP1
ITESRRP
ITESRRP1
ITIIBEP
ITIIBWP
ITINCAP
ITINCSP
ITINCSP1
ITINTAP
ITINTWP
ITINTWP1
ITPOMAP
ITPOMSP
ITPRQCP
ITRELPP
ITSCFAP
ITSCSFP
ITSYCPP
ITTCAWP
ITTCAWP1
ITTCNAP
LDACMSP
LDACMSP1
LDACMSP2
LDAPICP
LDAPICP1
LDAPICP2
LDAPICP3
LDAPISP
LDCUSTP
LDCUSTP1
LDCUSTP2
LDFDCLP
LDFDESP
LDMSDSP
LDMSDTP
LDSYCLP
LDTMSTP
LP@3PFP
LP@ACFP
LP@BNFP
LP@CCFP
LP@CEFP
LP@CHGP
LP@CHLP
LP@MBRP
LP@PBJP
LP@VASP
LSACCFP
LSACMCP
LSACMSP
LSACMWP
LSARLEP
LSARMEP
LSBCRQP
LSBSCPP
LSCBPCP
LSCBPTP
LSCFACP
LSCHGCP
LSCLPSP
LSCQJNP
LSCSRQP
LSDCACP
LSEXATP
LSGFPRPT
LSGIPRPT
LSGPRDCP
LSGPRDPT
LSGPRFPT
LSICSLP
LSICSLP1
LSILRJP
LSILRSP
LSINACP
LSINACP1
LSINACP9
LSINSLP
LSINSLP1
LSOFACP
LSOIACP
LSOIACP1
LSOIACP9
LSPCLMP
LSPDCPP
LSRCDHP
LSRCDTP
LSRHCAP
LSRHUCP
LSRHYCP
LSRPACP
LSRPJNP
LSRPSCP
LSRPSLP
LSRPSLP1
LSSHLCP
LSSMCPP
LSSPCPP
LSSTMTP
LSTRJNP
MGCBAWP
MGCBAWP1
MGCBHDP
MGCBIDC
MGCBMTP
MGCBSNP
MGCBTGP
MKADIDP
MKARDTP
MKARDTP0
MKARDTP1
MKASCTP
MKASCTP1
MKAVCZP
MKBDAJP
MKBZMAP
MKCCACP
MKCCRDP
MKCCRDP1
MKCDMCQ1
MKCDMSP
MKCMCTP
MKCOCTP
MKCPACQ1
MKCPCCP
MKCPMCQ1
MKCPRTP
MKCRAIP
MKCRAIP0
MKCRAIP1
MKCRCIP
MKCRCIP0
MKCRDAP
MKCRDSP
MKCRSAP
MKCRSAP0
MKCRSAP1
MKDCACP
MKDCACP0
MKDCACP1
MKDDACP
MKDDACQ1
MKDESCP
MKDICTP
MKDLRCP
MKDMCTP
MKDSCTP
MKECMCP
MKECMDP
MKECUSP
MKELCTP
MKEMCTP
MKFMAPP
MKGACTP
MKHHFMP
MKHICTP
MKHOCTP
MKIPCTP
MKJSCTP
MKJSCTP0
MKLCCTP
MKLCYCP
MKLIACP
MKLIACP1
MKLIACQ1
MKLNCTP
MKLNMAP
MKLTCTP
MKMCCTP
MKMECTP
MKMGCTP
MKMICTP
MKMLCTP
MKMMAPP
MKMRMAP
MKMSCTP
MKMSSTP
MKOCCTP
MKPDCTP
MKPFMHP
MKPFMHP0
MKPFMPP
MKPICTP
MKPKACP
MKPRJIQ1
MKPRTDP
MKRCYCP
MKRICTP
MKRICTP1
MKRICTP2
MKRLCTP
MKROCTP
MKRPCTP
MKRTFMP
MKRTFMP0
MKRTFMQ1
MKSBCTP
MKSDCTP
MKSDRKP
MKSDRKP0
MKSDSTP
MKSYCTP
MKTACTP
MKTCACP
MKTCACP0
MKTCACP1
MKTCACQ1
MKTCCTP
MKTCLSP
MKTCLSP1
MKTCLSP2
MKTDACP
MKTDACQ1
MKTOCTP
MKTRCTP
MKTTCTP
MKUSCTP
MKXCMCP
MKXTCTP
MKYYMMP
MKYYMMP0
ORADVSP
ORBBCJP
ORBBCPP
ORBNRFP
ORCBLDP
ORCBRLP
ORCHSCP
ORCMGPP
ORCOMSP
ORCOUSP
ORCQTSP
ORCTCPP
ORCVDMP
ORDAFCP
ORDSMSP
ORDSMSP1
ORDSMSP2
ORDSMSPZ
ORDTMSP
ORFMTSP
ORLCCPP
ORLVLSP
ORMGSTP
ORMGSTP2
ORMGSTPZ
ORMSGJP
ORPDCPP
ORPDCPPO
ORRCCMP
ORRMIPP
ORRTCBP
ORRTGIP
ORRTTDP
ORSAUSP
ORSCOMP
ORSCOMP1
ORSKJDP
ORSTKJP
ORSTKSP
ORTAUSP
ORTCCIP
ORTCCOP
ORTCCPP
ORTCQDP
PACCARP
PACFGFP
PAMPLGP1
PAOMPRP
PAREGEP
PBACIDP
PBAVRQP
PBCALLP
PBCDRLP
PBCENCP
PBCFCLP
PBCRIDP
PBCRIUP
PBCRPMP
PBDT2LP
PBETCLP
PBETIDP
PBEXRTP
PBICSDP
PBICSMP
PBICSMP1
PBINRTP
PBJCLJP
PBJCLPP
PBPPBRP
PBPYARP
PBUTMJP
PBVQANP
PBVQCLP
PGMINREF
PHACMSP
PHCUSTP
PHDLMPP
PHFLDPP
PLACMSP
PLAINSP
PLBCRQP
PLBSCPP
PLCBPCP
PLCBPTP
PLCDSGP
PLCMCCP
PLCSRQP
PLCSRQPF
PLCUDFP
PLDMGDP
PLGSCPP
PLGSCPP1
PLGSCPP2
PLPDCPP
PLSETIP
PLSPCPP
PLSTATP
PLSTATP1
PLSTATPZ
PLTRNDP
RPRPDTP
RSBKEAP
RSBKERP
RSBKERP2
RSBKINP
RSBKINP1
RSBKINP2
RSBKINP3
RSBSSAP
RSBSSCP
RSBSSIP
RSBSSXP
RSBSSXP1
RSCCFRP
RSDACAP
RSDACTP
RSDCTAP
RSDCTLP
RSDLPYP
RSDTRAP
RSDTRTP
RSIFSTP
RSIRMAP
RSIRMGP
RSMQLCP
RSPAPCP
RSPBERP
RSPRCEP
RSPRSAP
RSPRSHP
RSPRSJP
RSPRSPP
RSPSARP
RSPSASP
RSPSASP1
RSPSASP2
RSPSDGP
RSPSDJP
RSPSRAP
RSPSRGP
RSPSRGP1
RSRDEXP
RSRDEXP1
RSSHCAP
RSSHCTP
RSSYTAP
RSSYTLP
RSTCTAP
RSTCTLP
RSTHCAP
RSTHCTP
RSTTELP
RXACMSP
RXBCRQP
RXCFWKP
RXCSRQP
RXCTLMP
RXCTMSP
RXCTMSPA
RXCTMSPB
RXCTMSPC1
RXCTMSPC2
RXCYIFP
RXDAWAP
RXDSLMP
RXDSLMPZ
RXEADPP
RXEXPLP
RXFMLCP
RXFMLCPZ
RXFMLPP
RXFMLPPZ
RXFMTPP
RXFTOSP
RXGCMSP
RXGCMSP1
RXGCMWP
RXGFPRPT
RXGHALP
RXGHALP0
RXGHALP1
RXGHAUP
RXGHIEP
RXGHIEP0
RXGHIEP1
RXGHIEP2
RXGHIUP
RXGHIUP0
RXGHSTP
RXGIPRPT
RXGPRDPT
RXGQFWPT
RXGTPRPT
RXHOLDP
RXMREXP
RXMREXPZ
RXPDCPP
RXSENTP
RXSENTP1
RXSENTP2
RXSENTPA
RXSMCPP
RXSMPRP
RXSMRCP
RXSMRCP1
RXSYCLP
SGDBPCP
SGMSDSP
SGSGDNP
SGSGEXP
SGSGUPP
SGSGUPP1
SGSGUPP2
SGSIGDP1
SGTMSTP
SGUDPRP
SGUPRQP
SLPRTLP
SLPRTMP
SMMRCLP
SMSDLSP
SMYMPGP
SS@231BP
SS@233AP
SS@233BP
SS@59AP
SS@59BP
SS@59WP
SS@69WP
SS@84WP
SS@87WP1
SS@87WP2
SS@90WP1
SS@90WP2
SS@90WP3
SS@90WP4
SS@90WP7
SS@90WPA
SS@91WP2
SS@91WP5
SS@91WP6
SS@91WP7
SS@91WP8
SS@91WP9
SS@93WP
SS@95WP
SSABAJP
SSABAJPQ
SSACCPP
SSACINP
SSACIRP
SSACSTP
SSACSTP1
SSACTCP
SSADAYP
SSADCLP
SSADD2P
SSADDHP
SSADDRP
SS@ADJFP
SS@ADJFP16
SSAECTP
SSAFIFP
SSAFRTP
SSAGAAP
SSAGACP
SSAGACP1
SSAGACP2
SSAGACP3
SSAGACP4
SSAGAHP
SSAGAPP
SSAGAPP1
SSAGARP
SSAGARP1
SSALBFP
SSALCFP
SSALCFPQ
SSALFBP
SSALGBP
SSALGBP1
SSALGBP3
SSALGBP4
SSALGBP5
SSALGBP6
SSALGBP7
SSALHIP
SSALINP
SSAPCJP
SSAPCPP
SSAPPHP
SSAPTPP
SSARFLP
SSASLBP
SSATGAP
SSATOCP
SSATTBP
SSATTCP
SSATTCP1
SSATTCP2
SSATTCP3
SSATTCP4
SSATTCP5
SSATTCP6
SSATTCP7
SSAVANP
SSAVAPP
SSAVRPP
SSAVRPPQ
SSBCPRP
SSBCPRP1
SSBCPRP2
SSBCPRP3
SSBCPRP4
SSBCPRP7
SSBCPRP8
SSBCPRP9
SSBCPRPG
SSBCPRPM
SSBCSMP
SSBKLSP
SSBLCFP
SSBLCRP
SSBLSTP
SS@BMDP
SS@BMFP
SSBRCPP
SS@BRCXP
SS@BRSP
SSBSACP
SSBSAVP
SSCAIFP
SSCARPP
SSCBACP
SSCBATP
SSCBBHP
SSCBBKP
SSCBBKPC
SSCBBNP
SSCBBNPC
SSCBBPP
SSCBCBP
SSCBCCP
SSCBCCPC
SSCBDLP
SSCBHBP
SSCBHBPQ
SSCBKBP
SSCBKUP
SSCBLBP
SSCBLIP
SSCBNBP
SSCBNUP
SSCBPCP
SSCBPRP
SSCBPTP
SSCBSDP
SSCBSPP
SSCBTPP
SSCCLGP
SSCHCLP
SSCHCLP1
SSCHCWP
SSCHDAP
SSCHDTP
SSCHGCP
SSCHGPP
SSCHPFP
SSCLACP
SSCLADP
SSCLCCP
SSCLFMP
SSCLFMP2
SSCLGHP
SSCLMTP
SSCLSTP
SSCLSTP1
SSCMFNP
SS@CMJFP
SSCMLMP
SSCMSRP
SSCMSRPF
SSCPACP
SSCPAMP
SSCPDCP
SSCPFCP
SSCPTRP
SSCRADP
SSCRAEP
SSCRAMP
SSCRASP
SSCRATP
SSCRAYP
SSCRBRP
SSCRCCP
SSCRCDP
SSCRCOP
SSCRCTP
SSCRDGP
SSCRDVP
SS@CRGP
SSCRHSP
SSCRNGP
SSCRPGP
SSCRPTP
SSCRRGP
SSCRSCP
SSCRSGP
SSCRSIP
SSCRTCP
SSCRTTP
SSCSASP
SSCSCLP
SSCSDCP
SSCSDDP
SSCSRQP
SSCTMHP
SSCUETP
SSCUSTP
SSCUWOP
SSCVFXP
SSCVFXP0
SSCVFXP2
SSCVFXP3
SSCVFXP4
SSCVFXP7
SSCVFXP8
SSCVFXPM
SSCWRDP
SSCYIFP
SSCYIJP
SSDFACP
SS@DFAP
SS@DFBP
SSDFUUP
SS@DNSP
SSEANFP
SS@EBRP
SSEDIHP
SSEDINP
SSEDTOP
SS@EFTP
SSEIAMP
SSEIAMPA
SSEIAMPB
SSEIAMPZ
SSEIASP
SSEIASPA
SSEIASPZ
SSEICMP
SSEICMP1
SSEICMPA
SSEICMPZ
SSEIEXP
SSEIEXP1
SSEIEXP2
SSEIEXP3
SSEIEXP8
SSEIEXP8A
SSEIEXPQ
SSEIMRP
SSEIPCP
SSEIPIP
SSEIRDP
SSEIRIP
SSEIRJP
SSEISRP
SSEISRPA
SSEISRPB
SSEISRPZ
SS@ELDP
SS@ELMP
SS@ELPP
SS@ELRP
SS@ELSP
SSEPPRP
SSEPPRP1
SSEPPRP2
SSEPPRP3
SSEPPRP4
SSEPPRP5
SSEPPRP8
SSEPPRP9
SSEPPRPM
SSEPPRPQ
SSERSSP
SSERUSP
SSESPCP
SSESPCP9
SSESRQP
SSESSCP
SSESSTP
SSESSTP9
SSESTPP
SSEURFP
SS@EXEXP
SSEXMPP
SSEXMTP
SSEXPLP
SSEXPLP1
SSEXPSP
SS@EXPSP
SSEXPSP1
SS@EXPSP1
SSEXRJP
SSEXRSP
SSEXRTP
SSEXTOP
SS@EXTOP
SS@EXTUP
SS@EXTUP1
SSFAXRP
SSFAXRP2
SSFAXRP3
SSFAXRP718
SSFAXRP8
SSFAXRPB
SSFBCPP
SSFCCLP
SS@FEXP
SS@FFXP
SSFNRTP
SSFPCLP
SSFPCLPPR
SSFRCCP
SSFRCCP1
SSFRCCPZ
SSFRMWP
SS@FSOP
SS@FSRP
SS@FSTP
SS@FXBFP
SSGACCP
SSGACCP1
SSGACCPZ
SSGACPP
SSGAWKP
SSGBAGP
SSGBAIP
SSGBCPP
SSGBCPP1
SSGBCYP
SSGBNMP
SSGBNTP
SSGBPBP
SSGCCJP
SSGCCTP
SSGHCGP
SSGHCLP
SSGHCUP
SS@GLFP
SSGMCPP
SSGPBRP
SSGPCLP
SSGPNMP
SSGPR1P
SSGPR2P
SSGPRLP
SS@GRRFP
SS@GRRFP2
SSGRRPP
SSGSCPP
SSGSCPP1
SSGSCPP2
SSGSCPP3
SSGSCPP4
SSGSCPP7
SSGSCPP8
SSGSCPPM
SSGSCPPQ
SSGSPDP
SSGTPOP
SSGWDLP
SSHBCLP
SSHBCLP1
SSHBODP
SSHBODP1
SSHCCPP
SS@HDFP
SSHDSQP
SSHFDEP
SSHFDEP1
SSHLDRWDWN
SSHOLDP
SSIBKPP
SSIBRPP
SSICADP
SS@IDMP
SSIFXRP
SSIGADP
SSIMPLP
SSINARP
SSINARP1
SSINCIP
SSINCIP1
SSINCIP5
SSINCRP
SSINRTP
SS@INSP
SS@IPLP
SSIRMDP
SSIRTRNCNT
SSJAEXP
SSLGNMP
SSLGRLP
SSLGRLQ1
SSLIACP
SSLIFIP
SSLIHSP
SSLIPDP
SSLIPJP
SSLMTRP
SSLMTRPD
SSLNERP
SSLNSLP
SSLOANP
SSLOCFP
SSLPDTP
SSLPDTPC
SSLTYPP
SSMCLPP
SSMCLPP1
SSMCLPPM
SSMGRAP
SSMGRCP
SSMGRTP
SSMIDSP
SSMLCCP
SSMLCCP1
SSMLLCP
SSMLPMP
SSMLRCP
SSMLRPP
SSMLRPP1
SSMLTNP
SSMMLJP
SSMNLPP
SSMNLPPM
SSMREXP
SSMTXMP
SS@MXFP
SS@MXRP
SSNAARP
SSNACCTOPN
SSNARAP
SS@NBFP
SSNCEXP
SSNHMLACCT
SSNICIP
SSNICIP5
SSNODAP
SSNODAP1
SSNODAP3
SSNODAP4
SSNODAP6
SSNODAP7
SSNODAP8
SSNODAPQ
SSNPLNACCT
SSOCCPP
SSOCPPP
SSODACP
SSODACP1
SSODACP3
SSODACP4
SSODACP5
SSODACP6
SSODACP7
SSODACP8
SSODACPQ
SSODACQ2
SSODCUP
SSODCUPQ
SS@ODRP
SS@ODTP
SSODUEP
SSODUEP1
SS@OFFP
SSOFRAP
SSOFRCP
SSOFRTP
SSOLMEP
SSOLMEP1
SSOPACP
SSOPACP1
SSOPCMP
SSOPCPP
SSORTRNCNT
SS@OUQP
SSOUQQP
SSPASLP
SS@PBDRP
SS@PBOCSP1
SS@PBOCSP2
SSPCAPP
SSPCHIP
SSPCNTP
SSPCUSP
SSPDTPP
SSPEXWP
SSPFCLP
SSPFMWP
SSPFPCP
SSPFPCP1
SSPFPTP
SSPFTBP
SSPFULP
SSPIDSP
SS@PIJP
SS@PIMP
SSPIRCP
SSPKAJP
SSPKAWP
SSPKCMP
SSPKCMP9
SSPKEVP
SSPLDRWDWN
SS@PLQP
SS@PMICP
SS@PMRP
SS@PMRP1
SS@PMRP2
SSPNICP
SSPPRJP
SSPRJIP
SSPRMGP
SSPRTAP
SS@PTCP
SS@PTJP
SS@PTJP1
SSPTYCP
SSPTYGP
SSPTYHP
SSPTYTP
SS@PXASP
SSRAMGP
SSRAUCP
SSRCAPP
SSRCAPP0
SSRCAPP1
SSRCAPP2
SSRCAPP3
SSRCAPP4
SSRCAPP7
SSRCAPP8
SSRCUSP
SS@RDJP
SSREXPP
SSRFLSP
SSRLNNP
SSRLNNP1
SSRLNNPM
SSRLNPP
SSRLNPP1
SSRMSTP
SSRMSTP1
SSRPSDP
SSRPSTP
SSRPSTPQ
SSRPWKP
SS@RSCP
SS@RSDP
SS@RSHP
SSRUDCP
SS@SAFD1
SS@SAFD2
SS@SAFM1
SS@SAFM2
SS@SAFM3
SS@SAFM4
SS@SAFS1
SS@SAFS2
SS@SAFW1
SS@SAFW2
SSSCCIP
SSSCRLP
SSSCRLQ4
SSSDCPP
SS@SDPRP
SSSECHP
SSSECHP1
SSSECHP2
SSSFATP
SS@SFWBP
SS@SFWP
SSSLMTP
SSSMANP
SSSMBCP
SSSMCLP
SSSMFIP
SSSMLMP
SSSMPSP
SS@SOMP
SSSPVAP
SSSPVCP
SSSPVTP
SSSTMRP
SSSTMRP1
SSSTTCP
SSSTTCP1
SSSTTCP2
SSSTTCPZ
SSSTTPP
SS@SWRP
SSTCGSP
SS@TCQP
SSTFNPP
SSTIAVP
SSTIRJP
SSTIRTP
SSTLFCP
SSTLRCP
SSTLRTP
SSTNJBP
SSTNJBPQ
SSTNSTP
SSTRBIP
SSTRFJP
SSTRM1P
SSTRM2P
SSTRM3P
SSTRM4P
SSTRM5P
SSTRM6P
SSTRM7P
SS@TRSFP
SS@TRSFP2
SS@TSACP
SS@TSACP2
SSTTINCCN1
SSTTINCCNT
SSTTONCCN1
SSTTONCCNT
SSTXCPP
SSTXCPPH
SSTXTHP
SSUCMTP
SSULMCP
SSUODEP
SSUODEP1
SSUODEP2
SSUSDLP
SSUSERP
SSVCRPP
SSVSKDP
SSVSKHP
SSWACPP
SSWAINP
SSWAIWP
SSWARJP
SSWARRP
SSWCCFP
SSWCCFP2
SSWCMSP
SSWCSVP
SSWCSVP2
SSWOCLP
SSWOCLP1
SSWOCLP2
SSWOMSP
SSWONCP
SSWORPP
SSWTTCP
SSXBICP
SSXGLMP
TCABLHP
TCACMSP
TCACMSP1
TCACMSPA
TCACMWP
TCACRJP
TCACRSP
TCACRSPA
TCACRXP
TCAINSP
TCAINSPA
TCBCRQP
TCBSCPP
TCCBPCP
TCCBPTP
TCCFCPP
TCCHGCP
TCCRIHP
TCCSRQP
TCCSRQPF
TCINACP
TCINACP1
TCINACP2
TCINCPP
TCINRTP
TCINSRP
TCISACP
TCISPCP
TCISPCP9
TCISTRP
TCMAPJP
TCMAPSP
TCOIACP
TCOIACP1
TCOIACP2
TCPDCPP
TCSMCPP
TCSPCPP
TCSTMTP
TCSTMTPPR
TCTRNDP
TDACADP
TDACMSP
TDACSDP
TDBCRQP
TDBSCPP
TDCBPCP
TDCBPTP
TDCSRQP
TDCSRQPF
TDINT2P
TDPDCPP
TDPIRCP
TDSDMSP
TDSDPYP
TDSLMDP
TDSPCPP
TDTRNDP
TDTRNEP
TDVOFSP
TMDLIST
TNCRBPP
TNCRBPP1
TREXTIP
TRHUBDP
TRHUBIP
TRPOCDP
TRPOCIP
TTERATP
TTIRATP
TTLDPDP
TTPDCTP
VT6IEPJP
VTACCLP
VTCCAPP
VTCCTCP
VTCLNCP
VTCTGCP
VTGLPJP
VTMCNTP
VTPAYCP
VTPYHCP
VTRAWTP
VTRETNP
VTSFLCP
VTSHRDP
VTSHRTP
VTSTAAP
VTSTATP
VTSTEXTP
VTSYSCP
VTTRNAP
VTVCPYP
ZUACCTP
ZUATCTP
ZUBDTFP
ZUCAD2P
ZUCADRP
ZUCAMSP
ZUCAMSP1
ZUCECPP
ZUCEXTP
ZUCEXTP1
ZUCLCPP
ZUCLCYP
ZUCOLSP
ZUCRPTP
ZUCTATP
ZUHLDYP
IRDLRJP
LSIRHFP
BAIMGCP
SSCLSIP
SSSECJP
SSCPFJP
SSACEXP3
SSACEXP
SSTREXP2
SSTREXP
SSENQLP
DDDLJNP
SSICAJP
CNFDDWPA
BAOMGHP
BAIMGJP
CPMPPXP
CSDSPJP
CSDSPWP
LP@OPHP
SSCUWJP
SSCUSJP
SSINCJP
BS@OPHP
PBACIJP
DDACMJP
SSCLMJP
CNFDDWMPE
CNFDDWPE
SSADDJP
IBACIJP
SS@EFJP
HSRDTEP
SSCAIJP
BS@IPHP
HSDINHP
HS@DIRHP
EBPGRJP
DDMSCJP
AFASMJP
HSDLHSP
IBTNJNP
EPALMHP
IPLNDHP
EPBLDHP
EBCUSJP
TCPMHSP
GLACMJP
IBURAJP
EPDCDHP
IBCMBJP
LSDLJNP
HSRDNJP9
SSCLSJP
HSACHJP9
SS@ABHP
SSINRJP
IPALMHP
IBURSJP
LSSHLJP
HSRDPJP9
TDACMJP
SSCHDJP
SSCHCJP
LSACMJP
CNFDDWPD
DDMSGJP
RXCTHSP
PLACMJP
HSRDCJP9
SSHDJNP
PBCFCJP
IBACSJP
SS@CLHP
LP@OGJP
PLDLJNP
SSPRJJP
HD@TNHP
LSPRPJP
SSEXMJP
CPFINJP
LP@OPJP
SSNICJP
IPBLDHP
HSRDHJP9
CNFDDWPC
LSPMHSP
BS@OPJP
DCACMJP
LP@IPJP
LP@VAJP
SSDFUJP
EBPDPJP
DDUWIJP
EPACMHP
HSDBHHP
SSBKLJP
IBAPJNP
EPSADAP
DDCQBJP
SSUBSTP
PLAINJP
EPCCMHP
EPPCMHP
CPFADJP
HSCENJP9
SSUSRJP
HSRDTJP
HSRDTJP9
IRCBJNP
IRDDJNP
IRTDJNP
ORDLJNP
RXDLJNP
TDAMIJP
TDEALJP
EBDCNJP
BAIMGHP
HSRDNHP
TDACMHP
EPHITFP
HSRDGHP
HSRDHHP
HSRDPHP
HSRDTHP
LSRHSLP
HSCENHP
ADTRANP
HSCETHP
IBDLIFP
HSCEBHP
IBDLRJP
HSPSTHP
HSCEEHP
HSCECHP
SSVCHPP
HSCIUHP
SSPFRJP
HSTRSNP
HSCEVHP
SSESTTP
LSRHSWP
DDIRHFP
HETRSNP
HD@HOLP
DDIAJHP
EPBAWAP
HSRDTNP1
IPBAWAP
IPDCWAP
SS@SAFEP
IE@TNTDP2
GLTNJNPA
DDTNJXP
LP@IPHP
BASSTNP
SS@ELHP
AFASTJP
SS@ELTP
SSCRTRP
SS@SAFEP1
AFSITJP
SS@TMFP1
SS@PBOCDP
SS@TMFP
DD@TNJNP
DDTNJNP
GLTNJNP
IETNJNP
LSTNJNP
PLTNJNP
TDTRNJP
EBSVJNP
EPBLHSP
EPDCHSP
IPLNHSP
IPBLHSP
IPDCHSP
HSHLDHP
HSSTBJP1
HSSTMJP
HSSTMJP2
HSSTMJPB
HSSTBJP
HS@SCXP
SS@RHJP
HSCHRGP
