AC418WP2
AC418WP
AC419WP2
AC419WP
AC419WPY
ACRACEP
AESCTLP
AESDTLP
APRTLNP
CE620WP
CILFDDP
CISWTDP
CISWTJP1
CISWTJP
CKCPBWP
CKCPDWP
CKCPEWP
CKCPEXP
CKCPLWP
CKCPOWP
CKCPSWP
CKGLFDPD
CKGLFDP
CKGLFDPY
CKGLFOP
CKGLFOPN
CKGLFOPY
CKOVLMP
CKOVLMPY
CKSBLMP
CKSBLMPY
CKSCRCP
CKSTATP1
CKSTATP
CKSTATPM
CKSTATPT
CKSTATPY
DBALGPP
DEDLDHP
DEDLDIP
DEDLSHP
DGEPRQP
DGSWSCP
ETPDGWP
ETPDGWPY
ETXLOGP
EXBLOTPN
FEFWBTPN
FESMDLP
FESMEUP1
FESMEUP
FOREQ2P
FOREQ7P
FOREQCP
GLTRSTP
HTALSFP
IE@TNTDP
IETRSTP
MMLDDRP
MMLDEUP
MMMTMVP
MMNMBTP
MMNMBTPN
MMSWBTP3
MMSWBTPA
MMSWBTPB
MMSWBTPC
MMSWBTP
MMSWBTPN
MMSWBTPP
MMSWBTPY
MMSWLDP
MMSWSBPA
MMSWSBPB
MMSWSBP
MMSWSBPP
MMSWSBPY
MMSWSHP
MMSWSHPY
MMZCBTPA
MMZCBTPB
MMZCBTPC
MMZCBTP
MMZCBTPN
MMZCBTPY
MPEFWDP
MPEFWDPY
MPEFWJPM
MPESPHP
MPESPJPM
MPMMCPP
MPMMCPPY
MPMNMCP
MPMNMCP@WP
MPMNMCPY
MPMNMHP
MPMSWJPM
MPMSWPP
MPMZCJPM
MPMZCPP9
MPMZCPP
MPMZCPP@WP
MPMZCPPY
MPSWSCP
MPSWSHP
MRBLOTP
MRBLOTPE
MRBULDP
MRBULDPE
MRBULEP
MRDALDP
MRDALDPE
SECPSIP
SEDLSIP
SEDSIHP
SSBHPAP
SSCBBPP
SSHLDYP
SSMSFPP
SSRLNNP1
SSRLNPP1
SSUSRJP
STCCPSP
STPCPSP
STTCPJP
TT522WP
TT525WP
TT529WP
TTAFCEP
TTERAHP
TTGADEP1
TTGADEP
TTGSIDP1
TTLDPDP1
TTLDPDP
TTLDPDPY
