ADTICKP0
AFDBECP
CPUAAMP1
CPUAENP1
DDCCQRP
EBEMMGP
EBTRSTP0
EBTRSTP1
EBTRSTP2
EPBLDXP1
EPCBSHP
EPDBSHP
EPTICAP1
EPTICAP
EWHUBEP
EWHUBOP
GHEPJNPD
GHIETNP1
GHIETNP9
GHIPJNPD
GHTNJNP1
GHTNJNP5
GHTNJNP6
GHTNJNP9
GHTNJNPA
GHTNJNPD9
GHTNJNP
HSCGALP1
HSDIHCP1
HSDITHP1
HSDIXHP
HSDOTHP1
HSUTDIP
HSUTDWP
HSUTIWP
HSZRDTP1
HSZRGTP1
IPBLDXP1
IPDBSHP
IPEDIBOP
IPEDICOP
IPEDIDOP
IPEDISOP
IPHEXDP
IPTICAP1
IPTICAP
SSALSFP
SSCTMHP1
SSDATEP
SSPKAJP1
SSTNJNP
SSTNSTP1
TRHUBEP
TRHUBOP
AFTTRFP
GXCTLJP
HS@STJP
HS@STTP
HSDIHDP
HSDIHDP1
HSDOHCP
HSDOHCP1
HSDOHDP
HSDOHDP1
HSSFMJP1
HSSTBJP9
HSSTMJP1
HSSTMJP9
HSZPSTP1
RXADPRP
SSACEXP0
SSACEXP1
SSACEXP9
SSATDPP
SSTREUP0
SSTREUP1
SSTREXP0
SSTREXP1
ADTNJMP
ADTRAJP
AFADMJP
AFAFAJP
AFDBTCP
AFDDCJP
AFSDMJP
AFSGAHP
AFSGAJP
AFSGCHP
AFSGCJP
AFSIBJP
AFSITJPH
AFSTMJP1
AFSTMJP2
AFSTTJP
BAABLJP
BAACIHP
BANADJP
BAPEQJP
BAPSLJP
BASATNP
CPBAWAP
CPCMPHP
CPDDSAP
CPDDSHP
CPDDSHP1
CPDDSHQ1
CPDDSTP
CPEXDCP
CPEXDCP1
CPEXTCP
CPEXTCP1
CPPCBJP
CPPDMJP
CPTPXDP
CPTPXDP1
CPTPXDP2
CSCDPTP
CSMBCJP
DCPLCJP
DDCQRJP
DDDLJNP0
DDDLJNP1
DDGPCJP
DDGPOJP
DDICIHP
DDICMJP
DDIRBJP
DDIVSJP
DDNAAJP
DDNADHP
DDSADJP
DDSAMJP
DDSWMJP
DDTNCJP
DDTNWOP
DDTNWOPPR
EBCUSJPT
EBMHMJP
EBSCCJP
EBSVJDP
EBSVJNP1
EPACMAP
EPALMAP
EPBLDAP
EPCBMAP
EPCBMJP
EPCBMJP1
EPDCDAP
EPECMAP
EPECMHP
EPECMJP
EPECMJP1
EPGMSHP
EPGMSJP
EPGMSJP1
EPOCTNP
EPODDAP
EPODDJP
EPPCMAP
EPPFMHP
EPPODAP
EPPODHP
EPPODJP
EPROAAP
EPROAHP
EPROAJP
EPROAJP1
EWCUJNP
EWCUJNP9
EWETRNP
EWICCTNHP
EWPLTNWP
EWTDTNWP
GLASMJP
GLSASJP
HD@TNJP
HEIIMNP
HEMHMJP
HFCYCJP
HFCYEJP
HFCYRJP
HFERTJP
HFEXUJP
HFTFRHP
HSAASJP1
HSACAJL11
HSACAJP
HSACAJP1
HSACATP1
HSACHJP
HSACHJP1
HSACMJP
HSACMJP1
HSACMJPA
HSACMJPB
HSACRJP
HSACRJP1
HSAGLJP
HSAGNJP
HSAGNJP1
HSAHCJP
HSAHCJP1
HSAMCJP
HSAMCJP1
HSAOAJP
HSAOSJP
HSAPYJP
HSAPYJP1
HSASAJP
HSASAJP1
HSASTJP
HSAVCJP
HSAVCJP1
HSAVDJP
HSAVDJP1
HSAVPJP
HSAVPJP1
HSBAMJP
HSBCHJP
HSBCHJP1
HSBCRJP
HSBCRJP1
HSBCVJP
HSBCVJP9
HSBDRJP
HSBDRJP2
HSBDRJP9
HSBSRJP
HSBSRJP1
HSBTCAP
HSBTCHP
HSBTCJP
HSBTCJP9
HSBTCLP
HSBTDAP
HSBTDHP
HSBTDJP
HSBTDJP9
HSBTDTP
HSBWAJP
HSBWAJP1
HSCCHTP
HSCDCJP
HSCDCJP1
HSCDCJP9
HSCDFJP
HSCDFJP1
HSCDSJP
HSCEBJP1
HSCECJP
HSCECJP1
HSCECJP2
HSCEDJP
HSCEDJP1
HSCEEJP
HSCEEJP1
HSCEKJP
HSCEKJP1
HSCEKJP9
HSCENJP
HSCENJP1
HSCEQJP
HSCEQJP1
HSCERHP
HSCERHP1
HSCERJP
HSCERJP1
HSCESJP1
HSCETJP
HSCETJP1
HSCETJP9
HSCEUJP
HSCEUJP1
HSCEVHP1
HSCEVJP
HSCEVJP1
HSCEVJP2
HSCEXJP
HSCEXJP1
HSCEYJP
HSCEYJP1
HSCGLJP
HSCGLJP1
HSCGSJP
HSCGSJP1
HSCHRJP
HSCHRJP1
HSCPAJP
HSCPAJP1
HSCPMJP
HSCPMJP1
HSCPPJP
HSCPPJP1
HSCPSJP
HSCPSJP1
HSCPTJP
HSCPTJP1
HSCUSJP
HSCUSJP1
HSDBHHP1
HSDINHP1
HSDLHSP1
HSDPTJP
HSESNJP
HSESNJP1
HSESNJP9
HSESPHP
HSEVTHP
HSEVTJP
HSEXMJP
HSGRMJP
HSGRMJP1
HSINFJP
HSINFJP1
HSINSJP
HSINSJP1
HSLKCTP
HSLKTAP
HSLKTHP
HSLKTHP1
HSLKTJP
HSLKTJP1
HSLKTJP9
HSLKTNP
HSLKTNP1
HSLOCJP
HSLOCJP1
HSLOHJP
HSMSSJP
HSMSSJP1
HSMSSJP9
HSNSCHP
HSNSCHP1
HSNSCJP
HSNSCJP1
HSNSCJP9
HSNSCPP
HSNSCPP1
HSNSDJP
HSNSDJP1
HSODCJP
HSODCJP1
HSPAPJP
HSPAPJP1
HSPAPJP2
HSPAPJP9
HSPRSJP
HSPSHAP
HSPSHDP
HSPSHDP1
HSPSHHP1
HSPSHJP
HSPSHJP1
HSPSHJP9
HSPSNAP
HSPSNAP1
HSPSNHP1
HSPSNJP
HSPSNJP1
HSPSNJP9
HSPSNVP
HSPSTAP
HSPSTHP1
HSPSTJP
HSPSTJP1
HSPSTJP2
HSPSTJP9
HSPSTNP
HSPSTNP1
HSPSTNP2
HSPSTNPB
HSPTCJP
HSPTCJP1
HSPXSJP
HSPXSJP1
HSRCLKP
HSRDCAP
HSRDCHP1
HSRDCHPB
HSRDCJP1
HSRDCTP
HSRDCTP1
HSRDGHP1
HSRDHAP
HSRDHDP1
HSRDHHP1
HSRDHJP1
HSRDNHP1
HSRDNJP1
HSRDNVP
HSRDPAP
HSRDPHP1
HSRDPJP1
HSRDPYP1
HSRDTAP
HSRDTAPB
HSRDTEP9
HSRDTHP1
HSRDTHPB
HSRDWJP
HSRDWJP1
HSREGJP
HSREGJP1
HSRGBAP
HSRGBHP
HSRGBHP1
HSRGBJP
HSRGBJP1
HSRGBJP9
HSRGCAP
HSRGCJP
HSRGCJP1
HSRGCJP9
HSRGDAP
HSRGDHP1
HSRGDJP
HSRGDJP1
HSRGDJP9
HSRGGHP
HSRGGHP1
HSRGHAP
HSRGHHP1
HSRGHJP
HSRGHJP1
HSRGHJP9
HSRGNHP1
HSRGNJP
HSRGNJP1
HSRGNJP9
HSRGNVP
HSRGTAP
HSRGTHP1
HSRGTJP
HSRGTJP1
HSRGTJP9
HSRGTNP
HSRGTNP1
HSRGTNP2
HSRGTNP3
HSRNAJP
HSRNAJP1
HSRNCJP
HSRNCJP1
HSSCAJP
HSSCAJP1
HSSCIJP
HSSCIJP1
HSSCMJP
HSSCMJP1
HSSCMJPA
HSSCPHP
HSSCPJP
HSSCPJP1
HSSCTJP
HSSCTJP1
HSSEGJP
HSSEGJP1
HSSFAJP
HSSFAJP1
HSSFLJP
HSSFLJP1
HSSFRJP
HSSFRJP1
HSSHAJP
HSSHAJP9
HSSINJP
HSSINJP1
HSSRCJP
HSSRMJP
HSSRMJP1
HSSTCJP
HSSTCJP1
HSSTPJP
HSSTPJP1
HSSTRJP
HSSTRJP1
HSSTSJP
HSSTSJP1
HSSWTJP
HSSWTJP1
HSSYTJP
HSSYTJP1
HSTSTJP
HSTSTJP1
HSTXBJP
HSUNTJP
HSUNTJP1
HSUPRHP
HSUPRJP
HSUPRJP9
HSUTCJP
HSWHTJP
HSWHTJP1
HSZCBJP
HSZCBJP1
HSZMSJP
HSZMSJP1
HTONCHP
HTONEHP
HTTREUP
HTTREXP
IB2TPJP
IBCARJP
IBCAUJP
IBDCUJP
IBERRJP
IBHRSJP
IBKYAJP
IBKYCJP
IBOTPJP
IBPAJNP
IBTNJNP1
IECCSJP
IECMSJP
IEPDIJP
IEPPJNPG
IESAMJP
IPACMAP
IPALMAP
IPBLDAP
IPCAMAP
IPCAMHP
IPCAMJP
IPCAMJP1
IPDCDAP
IPDCMJP
IPIAHPP
IPOCTNP
IPPCMAP
IPSGDAP
IPSGDJP
IPSGDJP1
IRHIMJP
IRSTMJP
ITEDDHP
ITFULSP
LDSYCJP
LSBOFHP
LSCRIHP
LSEHSLP
LSEXAJP
LSIOFHP
LSRHUJP
LSTNWOP
MFHUBTR
MKCCRJP
MKCCRJP1
MKCRDJP
MKCRDJP1
MKTDMHQ1
ORBRMJP
ORCBRJP
ORCTCJP
ORCVDJP
ORDAFHP
ORDLAJP
ORGSMJP
ORRCCJP
ORSCMJP
ORUCMJP
PBCENJP
PBCRIJP
PBETIJP
PBVQCJP
PHACMJP
PLMSGJP
RSBKEJP
RSBKIAP
RSBKIHP
RSBKIJP
RSBKIJP1
RSBSSHP
RSDACJP
RSDCTJP
RSDTRJP
RSIRMHP
RSIRMHP1
RSPSRJP
RSPSRJP2
RSSHCJP
RSSYTJP
RSTCTJP
RSTHCJP
RSTTLGP
RSTTLGP1
RXSMCJP
SGSIGJP1
SS@EPJP
SS@SAFEP0
SS@SAFEP9
SSAGAJP
SSATBCP
SSBKLJP2
SSBKLJPG
SSBLCJP
SSCBAJP
SSCBCJP
SSCBKJP
SSCBLJP
SSCBNJP
SSCBPJP
SSCDTJP
SSCHTJP
SSCPUHP
SSCPUTP
SSERTJP
SSESTTP9
SSFBCJP
SSFCCJP
SSGPBJP
SSIFXJP
SSIGAJP
SSLIAJP
SSNBTCP
SSNBTSP
SSNICJP1
SSNICJP2
SSNICJP5
SSNICJPG
SSPIRHP
SSPRMJP
SSRAUJP
SSRTRCP
SSSMLJP
SSSTCJP
SSSTPJP
SSTICAPQ
SSTNJIP
SSVJEDP
SSWAIJP
TCACMJP
TCAINJP
TCAOMJP
TCINRJP
TCIRBJP
TCIRHFP
TCISAJP
TCMSGJP
TCPMHSPH
TCSMCJP
TCTNJNP
TCTNJNPPR
TCTNWOP
TCTNWOPPR
TDSLMHP
TDSLMJP
EPALMJP
EPALMJP1
EPSADJP
MGCBGCP
CNSS49WP
HSCEDHP
SSOFFJP
SGSIGJP
HTCBBJP
CNFDDWPB
DDCISJP
SSXBTTP
SS@ESJP
HSTSFLP
IPDCDHP
EPDCDJP
EPDCDJP1
SS@TXHP
SSCRWTP
HSPSHHP
CN@PAJP
BS@IPJP
SS@SAFJP
SSFNMJP
IBSMAJP
IPCCMHP
IPPCMHP
ORTCQTP
SSNARJP
CN@PAOP
AFAFMJP
HSUPLHP
SSADCJP
HSACATP
IPACMHP
EPBLDJP
EPBLDJP1
LSIRBJP
GXGRCJP
IPALMJP
IPALMJP1
SSALSJP
TDMSGJP
ORTCQCP
AFSIMJP
AFAFTJP
AFAFXJP
LP@VAMP
SSCRCEP
BASATBP
HSRDNAP1
HSRDNAP
SSGPRJP
HD@RXJP
TD@CBPCP
SSINMJP
EPOCTNPN
IPCCMAP
SSSCRJP
SSCRTEP
SSSCCJP
HTTLMJP
SSCLAJP
TDSDMJP
SSEIAJP
DDGSAJP
BASSMJP
IBMSGJP
ITFULHP
IBTKCJP
SSOFFRP
HSRDWJP9
HSRDCHP
HSRDHDP
HSRDPYP
HSRDTNP
SSXBCFP
SSXBCFP1
SSGPNJP
TD@CBMFP
HSCEXJP9
LP@BKJP
HSCEVJP9
EPACMJP
EPACMJP1
PLCDSJP
SS@EMJP
SSLGRJP
AFAMMJP
HSCEBJP9
IPTATPP
IPBAWAP1
RXACMJP
EPASMJP
EPASMJP1
HSCESJP9
DDIAJHP9
PLCUDJP
EPDCWAP
EPDCWAP1
DDGMAJP
HSPSNHP
TDPIRJP
SS@PTHP
HSCEDJP9
HEMGEHP
IBCSJNP
IPBLDJP
IPBLDJP1
IPLNDJP
IPLNDJP1
SSPFTJP
DDSPQJP
IPDCWAP1
LSLPHSP
SSLGNJP
HSCEEJP9
HS@QMJP
HS@MPJP
SSNBTDP
SSCHGJP
IPCCMJP
IPCCMJP1
IPPCMJP
IPPCMJP1
DDINSJP
EPBTCPP
HSCECJP9
SSCRTYP
ADIPHJP
HSCEYJP9
ADIPDJP
EPBAWAP1
IPBTCPP
SSASLJP
CPFCUJP
HSTSTCP
IRRDMJP
ADITMJP
HS@SAFP
EPSTDJP
HSRDNJP
IPDTCPP
HSRDTHPGIB
SSCCFJP
SSRCUJP
HSCEUJP9
HSRDCJP
IRSRMJP
EBPLCJP
EPCCMJP
EPCCMJP1
EPLTCPP
EPPCMJP
EPPCMJP1
GLSAMJP
AFSTMJP
LDMSDJP
ORTCQCP1
RXFWDJP
HSRDHJP
HSRDPJP
HSRGDHP
SSCHPJP
SSPIRJP
EPCBMHP
EPDTCPP
HSCESJP
SSCFADP
SSSMCJP
HSAASJP
HSRGHHP
HSRGNHP
HSRGTHP
PHCUSJP
BAFTCJP
BASAMJP
HSCEQJP9
IE@TREUP
IPSTCPP
SSHDYJP
SSJAEJP
AFAOTJP
DDTNCLP
EPBRMJP
EPSTDAP
HSCEBJP
HSEVTJP9
IPAPMJP
IPLNDJP2
IPSGDHP
SSADDJPG
SSCBHJP
SSCSAJP
HSCGBHP
HSSFMJP
DD@IAJNP
SSACEXP2
HS@RMXP
DD@IADJP
SSTREUP2
SSTREUP
SSSTDPP
CSAAMJP
AI@DALP
HSRDTJP2
HSRDTNP2
HSRDTNP9
HSRDTNPB
SSNHPBP
SSTRBBP
VTSTAJP
VTSTLMP
VTSTMHP
VTTRLMP
VTTRMHP
VTTRNJP
ZUCECJP
ZUCLCJP
