AC418GP
AC419GP
ACACMAP
ACACMHP
ACACMJP
ACACTAP
ACACTGP
ACACTGP#1
ACCMALP
ACCMMAP
ACCMMHP
ACCMMJP
ACDDJ1P
ACDDJ1P1
ACDDJ2P
ACDDJ2P1
ACDDSPP
ACDDSRP
ACDFSTP
ACGLJ1P
ACGLJ1P1
ACGLJ2P
ACGLJ2P1
ACIEJ1P
ACIEJ1P1
ACIEJ2P
ACIEJ2P1
ACJBSTP
ACONAEP
ACONCTP
ACONCWP
ACONDTP
ACONDWP
ACONJTP
ACPCMAP
ACPCMHP
ACPCMJP
ACPCTRP
ACPDMAP
ACPDMHP
ACPDMJP
ACPDRDP
ACPDRGP
ACPDRGP#1
ACRACEP0
ACRACEP1
ACRACEP2
ACRACEP3
ACRACEP4
ACRACEP5
ACRACEP6
ACRACEP7
ACRACEP8
ACRACEP9
ACSAIMP
ACXCTJP
ACXCTJP1
ACXCTJP9
AE205WP
AE362WP
AE365WP
AE401WP
AEAMTDP
AEEXBRP
AEEXSTP
AESATRP
AESLCGP
AESQLPP
AESQLWP
AESTBKP
AESTEXP
AESTGCP
AESTYMP
AEXCTAP
AEXCTHP
AEXCTJP
AEXCTPP
AM@LAFP6
AM@LAFP7
AMLMPMNMCP
AMLMPMZCPP
APRTCLP
APRTCLP1
APRTCLPC
APRTTPP
BR301WP
BR304WP
BR405WP
BR414WP
BR415WP
BRAGMAP
BRAGMHP
BRAGMJP
BRBKAGP
BRBKBAP
BRBKDGP
BRBKDPP
BRBKHSP
BRBKHSP9
BRBKPDP
BRBKREP
BRBKRPP
BRBKRTP
BRBKSTP
BRBKTBP
BRBRCPP
BRCTMAP
BRCTMHP
BRCTMJP
BRDGMAP
BRDGMHP
BRDGMJP
BRFUCTP
BRFUEQP
BRFUEQP1
BRGVUPP
BRPDMAP
BRPDMHP
BRPDMJP
BRREMAP
BRREMHP
BRREMJP
BRRPMAP
BRRPMHP
BRRPMJP
BRRTMAP
BRRTMHP
BRRTMJP
BRSTPHP
BRSYPMP
BRTBMAP
BRTBMHP
BRTBMJP
BRXACJP
BRXCTJP
CBEXTTP
CBPDTMP
CE601WP
CE603WP
CE621WP
CE622WP
CE623WP
CE624WP
CE630WP
CE650WP
CE660WP
CE661WP
CE662WP
CE663WP
CECRRCP
CECRRHP
CECRRIP
CECRRVP
CECRSCP
CECRSHP
CECRSIP
CECRSVP
CEILDCP
CEILDHP
CEILDIP
CEILDVP
CEIRMCP
CEIRMHP
CEIRMIP
CEIRMVP
CEIRPCP
CEIRPHP
CEIRPIP
CEIRPVP
CEPXCLP
CEPXCRP
CESIRCP
CESIRHP
CESIRIP
CESIRVP
CF015WP
CFBLOTP
CFCFTJP
CFCFTJP1
CFCFTJP2
CFCFTJP4
CFCFTJP5
CFCFTJP6
CFCFTJP7
CFCLSDP
CFCLSWP
CFLADDP
CFLADDP1
CFLADDP2
CFNCTAP
CFNCTHP
CFNCTJP
CFNOSCP
CFONRDP
CFTDJLP
CFTDPSP
CI114WP
CI302WP
CI306WP
CI410WP
CI411WP
CIBLOTP1
CICFDFP
CICFDLP
CICFIDP
CICMSFP
CICPDLP
CIDLCIP
CIFLOPP
CIFXCLP
CIFXDHP
CIFXDLP
CIFXDLPH
CIFXHHP
CIFXHRP
CIFXHRPH
CIFXHSP
CIFXHSPH
CIFXMRP
CIFXRHP
CIFXSFP
CIFXSFPH
CIFXSHP
CIFXTTP
CILFDCP
CILFDCP1
CILFDDP1
CILFPOP
CILTRCP
CILTRDP
CIP101
CIPINCP2
CIRINCP
CIRPTGP
CIRPTGP1
CISFRTP
CISSWPP
CISWAPP
CISWCLP
CISWTCP
CISWTCP1
CISZNIP
CITXLTP
CIXACJP
CIZCNIP
CK245WP
CK343WP
CK351WP
CK351WP1
CK351WP2
CK351WP3
CK352WP
CK353WP
CK354WP
CK354WP2
CK355WP
CK356WP
CK356WP2
CK358WP1
CK358WP2
CK359WP
CK359WP1
CK360WP
CK365WP
CK365WP1
CK366WP
CK367WP
CK368WP
CK380WP
CK381WP
CK382WP
CK383WP
CK407WP
CK408WP
CK413WP
CK418WP
CK424WP
CK425WP
CK753WP
CKBLOTP
CKBLOTP1
CKBLOTP2
CKBLOTP3
CKBLOTP5
CKBLOTP6
CKBLOTP9
CKBLOTPW
CKBSKTP
CKCDAJPY
CKCDAUP
CKCMTMP
CKCPAGP
CKCPCWP
CKCPIWP
CKCPTDP
CKCRAJP
CKCRAJP1
CKCRAJPY
CKCRBTP
CKCRCAP
CKCRCHP
CKCRCJP
CKCRCPP
CKCRMJP
CKCRMOP
CKCRSBP
CKCRTJP
CKCWMAP
CKCWMHP
CKCWMJP
CKCWTBP
CKCYWTP
CKDLAJPY
CKDSLDP
CKDSNCP
CKEXCPP
CKEXCPP1
CKEXCPPT
CKEXCPPY
CKEXPAP
CKEXPDP
CKEXPHP
CKEXPJP
CKEXPLP
CKEXPLPY
CKFECLP
CKFESCP
CKFEXJP
CKFEXJPT
CKGHCLP
CKGLALP
CKGLECP
CKGLEDP
CKGLEXP
CKGLFBP
CKGLFBPD
CKGLFBPN
CKGLFBPY
CKGLFDPN
CKGLFOPD
CKGLFSP
CKGLFSPD
CKGLFSPN
CKGLFSPY
CKGLHCP
CKGLHDP
CKGLICP
CKGLIDP
CKGLKCP
CKGLKDP
CKGLMAP
CKGLMCP
CKGLMDP
CKGLNCP
CKGLNDP
CKGLOCP
CKGLODP
CKGLOGP
CKGLTCP
CKGLTDP
CKGLUCP
CKGLUDP
CKGLXPP
CKGRLMP
CKGRMAP
CKGRMHP
CKGRMJP
CKGSTDP
CKGSTLP
CKINFCP
CKIRACP
CKIRDCP
CKIRECP
CKIRFJP
CKIRGCP
CKIRHCP
CKIRSJP
CKIRSPP
CKLMCGP
CKLMMAP
CKLMMHP
CKLMMJP
CKMAAGP
CKMADAP
CKMADHP
CKMADJP
CKMADLP
CKMAHAP
CKMAHDP
CKMAHHP
CKMAHJP
CKMPDGP
CKNACPP
CKNHAAP
CKOVMAP
CKOVMHP
CKOVMJP
CKRNCJP
CKRSCLP
CKSBMAP
CKSBMHP
CKSBMJP
CKSBMJP2
CKSCENP
CKSCMAP
CKSCMHP
CKSPHDP
CKSPMAP
CKSPMHP
CKSPMJP
CKSSDJP
CKSTCKP
CKXCTJP
CKXCTJP1
CKXCTJP2
CKXCTJP4
CKXCTJP5
CKXCTJP6
CKXCTJP7
CNERATP
CNEXBLP
CNFDDTWP
CNFDDTWPE
CNFDSTWP
CNFEFWP
CNFPRCP
CNFTCTP
CNFTSTP
CNFUEXP
CNFUTCP
CNIDBTP
CNIDCTP
CNIRATP
CNLDPDP
CNMM456WP
CNOPEXP
CNOPRCP
CNOPTCP
CNOWTRP
CNREMKP
CNRPSQP
CNSDCPP
CNSRATP
CNSSSDP1
CNSSSDP2
CNSTDPP
CNTT01WP
CNTT05P
CNTT05P1
CNTT05P402
CNTT533WP
CNTT533WP1
CNTTCYP
CNTTPQP
CNTTPQP402
CNTTSPP
CNTTTRP
CNTTTVP
CNYDCVP
CTAXCTP
CTAXCTP1
CTCBRHP
CTCBRJP
CTCBRLP
CTCBRWP
CTCRHAP
CTCRHHP
CTDBLHP
CTDHCTP
CTDIAHP
CTDIRHP
CTDIRLP
CTXACJP
DB360MP1
DB360MP2
DB360MP3
DB360MP4
DB360ZP1
DB360ZP2
DB360ZP3
DB360ZP4
DB404WP
DB418WP
DB419WP
DBACSTP
DBALDWP
DBALDWP1
DBALDWPH
DBALGLP
DBALGMP
DBALGMPH
DBALGWP
DBALGWPH
DBCKLMP
DBCKLWP
DBCOLAP
DBCOLWP
DBCPIPP
DBCSSTP
DBDLSTP
DBDLSWP
DBDMCPP
DBDMDPP
DBEXBRP
DBEXMGP
DBEXSTP
DBHCRLP
DBICEWP
DBICEXP
DBLMSTP
DBNIMAP
DBNMSTP
DBNMSTPOLD
DBNZSTP
DBNZSTPOLD
DBPCTRP
DBPDCTP
DBSPTMP
DDDAMEP
DDPDCPP
DDPPJNP
DDPPJSP
DDPPJZP
DE070WP
DE074WP
DE074WP1
DE074WP2
DE088WP
DE090WP
DE302WP
DE304WP1
DE304WP2
DE305WP
DE306WP
DE308WP
DE309WP
DE310WP
DE311WP
DE403WP
DE404WP
DEACTJP
DEAPFFP
DEBSCFP
DECAMFP
DECAMJP
DECDIFP
DECDIJP
DECMPFP
DECPMFP
DECSDIP
DECSDJP
DEDDMAP
DEDDMHP
DEDDMJP
DEDFDVP
DEDIMAP
DEDIMHP
DEDIMJP
DEDLBFP
DEDLBHP
DEDLSIP
DEDSAGP
DEDSIPP
DEDVCTP
DEDVTJP
DEEUCFP
DEEXERP
DEFMTFP
DEFTCRP
DEFTFRP
DEFTIFP
DEFTIRP
DEFTPIP
DEFTPOP
DEFTPRP
DEFTSEP
DEHOPRP
DEINPFP
DEISOFP
DELBAFP
DELBDFP
DELBPFP
DEMFTPP
DEMSESP
DEOMCHP
DEOMCJP
DEOMSCP
DEOMSCP1
DEOMSFP
DEOMSHP
DEOMSJP
DEOSDIP
DEOSDJP
DEPRTFP
DEQENTP
DEQEVP
DEQREP
DESCMFP
DESESFP
DESTPFP
DESTPHP
DETBCP
DEULBFP
DGDHDCP
DGDHDSP
DGEPTXP1
DGIPDTP
DGIPECP
DGIPTFP
DGMAPIP
DGMAPTP
DGSDMAP
DGSDMHP
DGSDMJP
DGSSYAP
DGSSYCP
DGSSYSP
DI170WP
DI252WP
DI452WP
DI701WP
DI709WP
DI711WP
DI711WP1
DI718WP
DI718WP1
DI752WP
DI802WP1
DI802WP2
DI803WP
DI803WP9
DI804WP
DI804WP9
DIHSCFP
DIHSCFP1
DIHSCIP
DIHSDIP
DIHSDLP
DIHSLGP
DIHSLIP
DIHSPDP
DIHSPIP
DIHSPMP
DIMCACP
DIMNZCP
DIMSTLP
DINMRSP
DINZLNP
DINZRSP
DIREUJP
DIRMDNP
DIRNI2P
DIRNI2PH
DIRNIJP
DIRSMTP
DIRXRFP
DITRFJP
DITRFJPH
EPSYCPP
ET003WP
ET401W0001
ET401WP
ET401WP1
ET401WP1Z
ET402W0001
ET402WP
ET402WP1
ET402WP1Z
ET403W0001
ET403WP
ET403WP1
ET403WP1Z
ET404AWP
ET404BWP
ET404CWP
ET404DWP
ET404W0001
ET404WP1
ET404WP1Z
ET405AWP
ET405BWP
ET405CWP
ET405DWP
ET405EWP
ET406W0001
ET406WP
ET406WP1
ET406WP1Z
ET408W0001
ET408WP
ET408WP1
ET408WP1Z
ET409W0001
ET409WP
ET409WP1
ET409WP1Z
ET411W0001
ET411WP
ET411WP1
ET411WP1Z
ET411X0001
ET411XP
ET411XP1
ET411XP1Z
ET417W0001
ET417WP
ET417WP1
ET417WP1Z
ET418W0001
ET418WP
ET418WP1
ET418WP1Z
ET419W0001
ET419WP
ET419WP1
ET419WP1Z
ETBSKTP
ETBSKTPY
ETCPIPP
ETCPIPPY
ETCPSIP
ETCPSIPY
ETCRATP
ETDEALP
ETDEALPY
ETDLTBP
ETDLTBPY
ETDSLMP
ETDSLMPY
ETDSLUP
ETDSLUPY
ETERATP
ETERATPY
ETFTPLP
ETFXALP
ETFXALPY
ETFXEJP
ETFXEJP9
ETFXEMP
ETHLDCP
ETLDPDP
ETLDPDPY
ETMMKFP
ETMMKFPY
ETOVLMP
ETOVLMPY
ETOVLUP
ETOVLUPY
ETSBLMP
ETSBLMPY
ETSBLUP
ETSBLUPY
ETSPHDP
ETSPHDPY
ETSUPDP
ETSUPDPY
ETTENRP
ETTENRPY
ETXDFPP
ETXHDRP
ETXSTSP
EX203WP
EX203WP2
EX304WP
EX403WP
EX407WP
EX408WP
EX503WP
EXBLOTP
EXBLOTP1
EXBLOTP2
EXBLOTP3
EXBLOTP4
EXBLOTP5
EXBLOTP6
EXBLOTP9
EXBLTWP
EXDLMAP
EXDLMHP
EXDLMJP
EXDLTBP
EXDLTBP0
EXDLTBP1
EXDLTBP2
EXMTMSP
EXMTMVP
EXPLDLP
EXRDYBP
EXRDYPP
EXRMBTP
EXRMBTP1
EXRMDTP
EXRMPLP
EXRMRYP
EXSLADP
EXXCTJP
EXXCTJP1
FE005WP
FE005WP1
FE008WP
FE504WP
FEFBTWP
FEFWBTP
FEFWBTP1
FEFWBTPT
FEFWBTPY
FEFWBTQ1
FEFWDLP
FEFWEUP
FEFWEUP1
FEFWTJP
FEFWTJP1
FO042WP
FOEPTXP
FOERATP
FOFDRQP
FOFPRCP
FOFPRUP
FOFWDLP
FOHDLSP
FOIPTXP
FOIRATP
FOREQ1P
FOREQ3P
FOREQ4P
FOREQ5P
FOREQ5P1
FOREQ6P
FOREQ8P
FOREQ9P
FOREQAP
FOREQDP
FOREQEP
FOREQFP
FOREQGP
FOREQHP
FOREQIP
FOREQKP
FOREQLP
FOREQMP
FOREQNP
FOREQOP
FOREQPP
FOREQQP
FORMPLP
FORMSGP
FOSPDLP
FOSRATP
FOTCSTP
FU408WP
FU409WP
FUCOLLP
FUEXCHP
FUEXMAP
FUEXMHP
FUEXMJP
FUFCMAP
FUFCMHP
FUFCMJP
FUFEMAP
FUFEMHP
FUFEMJP
FUFLMAP
FUFLMHP
FUFLMJP
FUFUBTP
FUFUBTPM
FUFUBTPN
FUFUEXP
FUFUEXPT
FUFUEXPY
FUFULMP
FUFULQP
FUFUTCP
FUFUTJP
FUGLMAP
FUGLMHP
FUGLMJP
FUGPLMP
FUISMAP
FUISMHP
FUISMJP
FUISPRP
FULADDP
FUOCMAP
FUOCMHP
FUOCMJP
FUOEMAP
FUOEMHP
FUOEMJP
FUOPBTP
FUOPBTPM
FUOPEXP
FUOPLQP
FUOPTCP
FUOPTJP
FUPARMP
FUPARMP1
FUPMMAP
FUPMMHP
FUPMMJP
FUSETJP
FUSETMP
FX@TTSFP
GI002WP
GI012WP
GIFXCNP
GIFXCNP1
GITMDPP
GITMDPP1
GLPPJNP
GLPPJSP
GLPPJZP
GLTNARP1
GLTRSTP1
GLTRSTPM
GRTR1WP
GRTR2WP
GSBRDFP
GSCASHP
GSCPGMP
GSCPGNP
GSCSHMP
GSCSHWP
GSETPAP
GSSTTLP
GSSTTMP
GSSTTWP
HTBCHCP
HTBCHCP1
HTBCHCP2
HTBCHCP5
HTBCHCP9
HTBDTCP
HTCBBJP
HTHCKJP
HTSKIPP
HTTSLMP
HXREQ1P
HXREQ2P
IECHACP
IENPDIP
IEPPJNP
IEPPJSP
IEPPJZP
IEPRDIP
IETNARP1
IF003WP
IFEVJLP
IFEVJLP1
IFEVPCP
IK407WP
IKIREBP
IKIRELP
IKIRELP1
IKIRLTP
IKIRTJP
IKIRTJP1
IKLTMAP
IKLTMHP
IKLTMJP
IKPCMAP
IKPCMHP
IKPCMJP
IKPSCYP
IKRPTWP
IPSYCPP
IS409WP
IS410WP
IS411WP
IS414WP1
IS414WP2
IS414WP3
IS414WP4
IS414WP5
IS414WP6
IS415WP
IS416WP
IS417WP
IS418WP
IS418WP1
IS418WP2
IS418WP3
IS419WP
IS420WP
IS421WP
IS421WP1
ISCPSAP
ISCPSCP
ISCPSHP
ISCPSIP
ISCPSJP
ISNBFRP
ISNMMAP
ISNMMHP
ISNMMIP
ISNMMJP
ISNMMSP
ISNMMSPH
ISNMMSPT
ISNMMSPX
ISNMMSPY
ISNMPAP
ISNMPCP
ISNMPCPH
ISNMPHP
ISNMPJP
ISNMPTP
ISNMSAP
ISNMSDP
ISNMSDPY
ISNMSHP
ISNMSIP
ISNMSJP
ISNMSTP
ISNZMSP
ISNZMSPH
ISNZPCP
ISNZPCPH
ISNZPJP
ISNZSDP
ISNZSTP
ISPCLGP
MM051WP
MM056WP
MM056WP1
MM066WP
MM408WP1
MM430WP
MM436WP
MM446WP
MM450RP
MM457WP
MM461WP
MM469WP
MM470WP
MM472WP
MM474WP
MM475WP
MM476WP
MM478WP
MM481WP
MM484WP
MM485WP
MM487WP
MM488WP
MM488WP2
MM490WP1
MM490WP2
MM490WP3
MM491WP
MM491WP1
MM494WP1
MM494WP2
MMBDEAP
MMBDEHP
MMBDEJP
MMBDPMP
MMBNFBP
MMBNFJP
MMCABTP
MMCABTP1
MMCABTPY
MMCATJP
MMCODFP
MMDLPSP
MMDLPSP1
MMDPMAP
MMDPMHP
MMDPMJP
MMFCTDP
MMFEEUP
MMFELDP
MMFRBTP
MMFRBTPN
MMFRBTPY
MMFRMAP
MMFRMHP
MMFRMJP
MMFRRTP
MMFRRTPT
MMFRRTPX
MMFRRTPY
MMFRTJP
MMGSMAP
MMGSMHP
MMGSMJP
MMGSPDP
MMGSPDPT
MMGSPDPY
MMLDDRP1
MMLDEUP1
MMMADFP
MMMADJP
MMMCHAP
MMMCHHP
MMMCHJP
MMMCHSP
MMMTMSP
MMNMASP
MMNMASP_1
MMNMASP_2
MMNMASPM
MMNMBTP1
MMNMBTP_1
MMNMBTP_2
MMNMBTPH
MMNMBTPL
MMNMBTPM
MMNMEPP
MMNMHAP
MMNMHHP
MMNMHJP
MMNMHSP
MMNMLNP
MMNMLNP1
MMNMLNP_1
MMNMLNP_2
MMNMLNP_BK
MMNMLNPH
MMNMLNPM
MMNMLNPN
MMNMPBP
MMNMPBPY
MMNMRAP
MMNMRHP
MMNMRJP
MMNMRTP
MMNMRTPT
MMNMRTPX
MMNMRTPY
MMNMTJP
MMNMZEP
MMNRMAP
MMNRMHP
MMNRMJP
MMNSECP
MMNZASP
MMNZASPM
MMNZBTP
MMNZBTP1
MMNZBTPH
MMNZBTPL
MMNZBTPM
MMNZBTPN
MMNZHAP
MMNZHHP
MMNZHJP
MMNZHSP
MMNZHWP
MMNZLNP
MMNZLNP1
MMNZLNP2
MMNZLNPH
MMNZLNPM
MMNZLNPN
MMNZLNPY
MMNZRTP
MMNZRTPT
MMNZRTPY
MMNZTJP
MMPCMPP
MMPOSMP
MMPOSMPM
MMPOSZP
MMPOSZPM
MMRESCP
MMSCPOP
MMSCTFP
MMSDEUP
MMSETJP
MMSETMP
MMSKPNP
MMSLEUP
MMSLMAP
MMSLMHP
MMSLMJP
MMSOHAP
MMSOHHP
MMSOHJP
MMSOHPP
MMSSMAP
MMSSMHP
MMSSMJP
MMSSPDP
MMSSPDPT
MMSSPDPY
MMSTFBP
MMSTFJP
MMSWBTP1
MMSWBTP2
MMSWBTPL
MMSWBTPM
MMSWBTPP1
MMSWBTPP2
MMSWBTPP3
MMSWBTPP4
MMSWBTPP5
MMSWBTPP6
MMSWDLP
MMSWLMP
MMSWTJP
MMTDMPP
MMTDRLP
MMTDRPP
MMYCMAP
MMYCMHP
MMYCMJP
MMYDCVP
MMYDCVP3
MMYDCVPT
MMYDCVPY
MMZCBTPM
MMZCTJP
MP271WP
MP272WP
MP274WP
MP275WP
MP339WP
MP446WP
MP446WPA
MP450WP
MP451WP
MP456WP
MP469WP
MP470WP
MP471WP
MP484WP
MP485WP
MP487WP
MP501WP
MP503WP
MP515RP
MPBRKCP
MPBRKWP
MPBTBIP
MPCLBDP
MPCLBHP
MPCLBJP
MPCLBJP1
MPCUCDP
MPCUCJP
MPCYTBP
MPDLMHP
MPDLMHPY
MPDLPPP
MPDLTKP
MPECMGP
MPECMGP1
MPECMGPY
MPEFWDP9
MPEFWDPM
MPEFWDPT
MPEFWHP
MPEFWJP
MPEFWJP1
MPESPJP
MPESPJP1
MPESPTP
MPESPTP9
MPESPTPM
MPEXAUP
MPEXSCP
MPFFUHP
MPFFUJP
MPFFUJPM
MPFFUTP
MPFLACP
MPFLAUP
MPFLSCP
MPFOPHP
MPFOPJP
MPFOPJPM
MPFOPTP
MPFRCTP
MPFRCTP1
MPHPMAP
MPHPMHP
MPHPMJP
MPHPMJPM
MPIDCOP
MPIDCPP
MPIDDWP1
MPIDLHP
MPIDSGP
MPIDTXP
MPIDTXP1
MPIDXDP
MPMCAHP
MPMCAJP
MPMCAJP1
MPMCAJPM
MPMCALP
MPMCALP1
MPMCALPM
MPMCALPY
MPMFRAP
MPMFRAPM
MPMFRAPY
MPMFRHP
MPMFRJP
MPMFRJP1
MPMFRJPM
MPMMCHP
MPMMCJP
MPMMCJP1
MPMMCJPM
MPMMCPP1
MPMNMCP@07
MPMNMCP1
MPMNMCP_1
MPMNMCP_2
MPMNMJP
MPMNMJP1
MPMNMJPM
MPMNZCP
MPMNZCP1
MPMNZCP2
MPMNZCPY
MPMNZHP
MPMNZJP
MPMNZJP1
MPMNZJPM
MPMSWHP
MPMSWJP
MPMSWJP1
MPMSWPP1
MPMSWPP2
MPMSWPPY
MPMZCHP
MPMZCJP
MPMZCJP1
MPMZCPP@07
MPMZCPP1
MPNTFAP
MPNTFBP
MPNTFHP
MPNTFJP
MPNTMAP
MPNTMHP
MPNTMJP
MPORSCP
MPORSHP
MPORSJP
MPORSJP1
MPORSLP
MPP261
MPSFLAP
MPSFLCP
MPSFLHP
MPSFLJP
MPSTKCP
MPSWSCP1
MR004WP
MR220WP
MR428WP
MR429WP
MR941WP
MRBLOIP
MRBLOTP1
MRBLOWP
MRBUEWP
MRBULEPE
MRBULIP
MRBULWP
MRBULWP2
MRBUMPP
MRDALWP
MRDALWP2
MRDFCCP
MRDFCCP_BK
MRDFCCP_BX
MRDFCDP
MRDFCDP_BK
MRDFCDP_BX
MRDFICP
MRDFIDP
MRDFLCP
MRDFLCP1
MRDFLCP_BK
MRDFLCP_BX
MRDFLCPC
MRDFLCPT
MRDFLCPX
MRDFLCPY
MRDFLDP
MRDFLDP1
MRDFLDP_BK
MRDFLDP_BX
MRDFLDPC
MRDFLDPT
MRDFLDPX
MRDFLDPY
MRDLBFP
MRDLBNP
MRDSKCP
MRDSKDP
MRECMGP
MRFACTP
MRGDKCP
MRGDKDP
MRGDLMP
MRHRBTP
MRHREWP
MRHRIPP
MRHRMXP
MRHRUDP
MRMLMAP
MRMLMHP
MRMLMJP
MRMRLMP
MRORPMP
MRPDGPP
MRPDGPWP
MRPXCLP
MRSYPMP
MRWSNDP
MRXCTJP
MRXCTJP4
MRXCTJP6
MRXCTJP7
MRXCTJPZ
MRYCMPP
MRYCUSP
MRYCUSWP
MRYCUSWP2
ORBBCPP
RC402RP
RCAUDJP
RCBPTJP
RCBPTTP
RCCYTJP
RCCYTLP
RCEEDJP
RCEEDLP
RCFXPCP
RCFXPDP
RCPPRCP
RCPPRJP
RCPROFP
RCRFRJP
RCRFRTP
SCSXRGP
SE009WP
SE015WP
SE017WP
SE039WP
SE314WP
SE431WP
SE432WP
SEBRMAP
SEBRMHP
SEBRMJP
SEBRSIP
SECPMAP
SECPMHP
SECPMJP
SECPMJP1
SECPNDP
SECPSDP
SECPSIP1
SEDFSIP
SEECCLP
SEECEXP
SEECLMP
SEECNBP
SEECSHP
SEECSTP
SEECSYP
SEFAIAP
SEFAIHP
SEFAIJP
SEFTSDP
SELCSIP1
SEMFDTP
SENETBP
SENETBP1
SENETBP2
SENETMP
SENODHP
SEOSBDP
SEOSBPP
SEOSMAP
SEOSMHP
SEOSMJP
SESIRBP1
SESIRJP
SETTDTP
SETXPCP1
SETXPFP1
SS694WP
SSACEXP
SSADAYP
SSAFNAP
SSAFNJP
SSAFNPP
SSARFLP
SSAUAPP
SSBCDFP
SSBHBCP
SSBHBCP9
SSBHFWP
SSBHGAP
SSBHGAP1
SSBHGCP
SSBHGCP1
SSBHGIP
SSBHGIP1
SSBHGMP
SSBHGMP1
SSBHGPP
SSBHGVP
SSBHJAP
SSBHJAP1
SSBHJCP
SSBHJCP1
SSBHJIP
SSBHJIP1
SSBHJMP
SSBHJMP1
SSBHJPP
SSBHJVP
SSBHLWP
SSBHMWP
SSBRCPP
SSCBACP
SSCBBHP
SSCBBNP
SSCBCBP
SSCBHBP
SSCBHBP1
SSCBKBP
SSCBLBP
SSCBNBP
SSCBPCP
SSCBPRP
SSCMFNP
SSCOMWP1
SSCOMWP2
SSCOMWP3
SSCTMHP
SSCTMHP1
SSCVFNP
SSCVSTP
SSCYIFP
SSCYIFPY
SSCYIJP
SSDATAP
SSDATE0001
SSDATE0002
SSDATEP
SSDATEPC
SSDATHP
SSDATJP
SSDLPWP
SSERSSP
SSERUSP
SSEXPSP
SSEXRSP
SSEXRTP
SSFILEP
SSFNCLP
SSGEXFP
SSGHCLP
SSGMCPP
SS@GRRFP
SSGSWPP
SSHDYJP
SSHLDGP
SSHLDGP#1
SSINCRP
SSLPDTP
SSMCLPP
SSMNCLP
SSMNLPP
SSPGSTP
SSPWEXP
SSPWRDP
SSPWRJP
SSREXPP
SSRLNNP
SSRLNPP
SSRLNWP
SSRPAPP
SS@RPATP
SSRPDTP
SSRPDTPZ
SSRPRPP
SSSDCPP
SSTICAP
SS@TRSFP
SS@TSACP
SSULMCP
SSUSERP
SSUSRAP
SSWSCAP
SSWSCJP
SSWSCPP
ST103WP
ST104WP
ST105WP
ST110WP
ST113WP
ST118WP
STCCPSPM
STCPETP
STFRTOP
STPCPSP1
STTCPJP1
STTCPJP2
STXCTJP
TCPDCPP
TDPDCPP
TFRSPLFWP
TI072WP
TI073WP
TI074WP
TI080WP
TI906AWP
TI906WP
TI906WP1
TI920WP
TI941WP
TI943WP
TI949WP1
TI949WP2
TI960WP1
TI960WP2
TI962WP1
TI962WP2
TI964WP1
TI964WP2
TIBLRJP
TIBLRLP
TIBLRMP
TIBUDJP1
TIDLXJP1
TIDLXJPY
TIDWLCP
TIEVHMP
TIEVXJP1
TIEVXJP2
TIEVXJPY
TIFEXJPY
TIFLXJPY
TIFTPLP
TIFTPMP
TIHLTBP
TILGXJPY
TINSDJPY
TIOCYGP
TIRBKDP
TIRBKDP1
TIRBKFP
TIRBKWP
TIRDLDP
TIRDLDP1
TIRDLFP
TIRECIP
TIREGNP
TIRTASP
TIRTAXP
TIRTBMP
TIRTCCP
TIRTCMP
TIRTEXP
TIRTIDP
TIRTPDP
TIRTPWP
TIRTPWP1
TIRTPWP2
TIRTPWPT
TIRTSDP
TISTDPP
TISYDTP
TISYSDP
TITRXJPY
TIXCTJP
TIXCTJP2
TIXCTJP4
TIXCTJP6
TIXCTJP8
TIXCTJP9
TIXCTJPA
TLDRATP
TNBANJP
TNBANJP1
TNBANOP
TNBTCHP
TNCASHP
TNCPGNP
TNEXCHP
TNINTRP
TNSTTLP
TNTIMEP
TNTIMJP
TNTIMJP1
TO315WP
TO316WP
TO316WPZ
TO630WP
TOBECPP
TOCMGFP
TOCMGFPY
TOCPPJP
TOCPPJPY
TOCRLGP
TOEXCLP
TOFTPCP
TOJOBCP
TRCFFDP
TRCPIPP
TRFLAGP
TRTGMDP
TRTMTBP
TRTXPCP
TRTXPFP
TT058WP
TT058WP1
TT058WP2
TT096WP1
TT096WP2
TT323WP
TT339WP
TT357WP1
TT357WP2
TT357WP3
TT357WP4
TT358WP1
TT358WP2
TT358WP3
TT358WP4
TT372WP
TT429WP
TT430WP
TT527WP
TT533WP
TT533WP1
TT536WP
TT545WP
TT551WP
TT552WP
TT553WP
TT554WP
TT555WP
TT556WP
TT557WP
TT558WP
TT561WP
TT579WP
TT581WP
TT582AWP
TT582BWP
TT582DWP
TT582TWP
TT582WP
TT582WP1
TT662WP
TT694WP1
TT694WP2
TT906AP
TT906TP
TT956WP
TT965WP1
TT965WP2
TTABCTP
TTABDCP
TTABPMP
TTADTHP
TTALSFP
TTALSFP#1
TTALSFPZ
TTAMIDP
TTBCDUP
TTBCMAP
TTBCMHP
TTBCMJP
TTBDMAP
TTBDMHP
TTBDMJP
TTBKSPP
TTBRATP
TTBSPPP
TTBUDCP1
TTBUDDP1
TTCAPMP
TTCARWP
TTCARWP1
TTCAWTP
TTCCPLP
TTCDCD0001
TTCDCDP
TTCEPDP
TTCLSMP
TTCLSYP
TTCMPTP
TTCPAAP
TTCPADP
TTCPAHP
TTCPAJP
TTCPIPPN
TTCPMAP
TTCPMHP
TTCPMIP
TTCPMJP
TTCPPCP
TTCPR1P
TTCPR2P
TTCPYFP
TTCRATP
TTCRATPT
TTCRATPY
TTCRCFP
TTCRMAP
TTCRMHP
TTCRMJP
TTCTREP
TTCYIFP
TTDFCAP
TTDFCCP
TTDFCHP
TTDFCJP
TTDGDFP
TTDGMAP
TTDGMHP
TTDGMJP
TTDPEXP
TTDSPJP
TTEMUPP
TTEPAVP
TTEPFMP
TTEPWKP
TTERAGP
TTERAGP#1
TTERATP
TTERATPT
TTERATPX
TTERATPY
TTERFSP
TTERMAP
TTERMHP
TTERMJP
TTESDCP
TTESTDP
TTEURRP
TTEXPCP
TTFAMAP
TTFAMHP
TTFAMJP
TTFEBCP
TTFFDSP
TTFLPCP
TTFPMAP
TTFPMHP
TTFPMJP
TTFPRCP
TTFPRCP1
TTFPRCPT
TTFPRCPX
TTFPRCPY
TTFTCD0001
TTFTCDP
TTFTCDP@HL
TTFTHT0001
TTFTHTP
TTFTLG0001
TTFTLGP
TTFTPLP
TTFURDP
TTFURDPT
TTFURDPY
TTFXFGP
TTFXFGPH
TTFXFHP
TTFXFIP
TTFXFLP
TTFXFNP
TTFXFOP
TTFXFRP
TTFXNCP
TTFXNRP
TTFXSYP
TTGBDPP
TTGBNSP
TTGCDCP
TTGCDCP#1
TTGCDCPZ
TTGCDPP
TTGCDPPY
TTGDCDP
TTGDCDP#1
TTGDCDPZ
TTGDLSP
TTGGCDP
TTGGLDP
TTGMCDP
TTGMCDP#1
TTGMCDPZ
TTGMEIP
TTGRELP
TTGSICP
TTGSICP1
TTGSIDP
TTGSPCP
TTGSPCP1
TTGSTCP
TTGWMAP
TTGWMHP
TTGWMJP
TTGXFPP
TTHASKP
TTHBACP
TTHBAGP
TTHBRMP
TTHCMJP
TTHCRLP
TTHSARP
TTHSPDP
TTIDRAP
TTIDRHP
TTIDRJP
TTIDRTP
TTIMCRP
TTIPACP
TTIPAVP
TTIPDIP
TTIPECP
TTIPECP1
TTIPFMP
TTIPWKP
TTIPWKP1
TTIRATP
TTIRATPX
TTIRFSP
TTIRMAP
TTIRMHP
TTIRMJP
TTLCPLP
TTLDPDPT
TTMBKCP
TTMKSDP
TTMRATP
TTNFWCFP
TTNFWCJP
TTOCTLP
TTOFECP
TTOFMAP
TTOFMHP
TTOFMJP
TTOFMKP
TTOFOTP
TTOFQYP
TTOPMAP
TTOPMHP
TTOPMJP
TTOPRCP
TTOPRCP1
TTOPRCPT
TTOPRCPX
TTOPRCPY
TTORMAP
TTORMHP
TTORMJP
TTPCPLP
TTPDCGP
TTPDCTP
TTPDEXP
TTPDGWP
TTPDMAP
TTPDMHP
TTPDMJP
TTPDMPP
TTPDSPP
TTPLPPP
TTQRYFP
TTQRYFP@SS
TTREFWP
TTRPDPP
TTRTCPP
TTRXRBP
TTSBDTP
TTSDCPP
TTSOBJD
TTSPICP
TTSPLFP
TTSPMAP
TTSPMHP
TTSPMJP
TTSQDJP
TTSRATP
TTSRATPT
TTSRATPX
TTSRATPY
TTSRMAP
TTSRMHP
TTSRMJP
TTSTDPP
TTSWCLP
TTTMSFP
TTTRBHP
TTTRBRP
TTTRCCP
TTTRDSP
TTTRUDP
TTTTTVP
TTUSRPP
TTXCTSP
TTXDFPP
TTXSTSP
WSCCR1P
ZHDGNCP
ZHDGSPP
SSSTDPP
TTCPIPP
TTCPIPPT
IFMSGFP
