CKGLNCP FAIL(no_member datasource_fatal other_fatal output_fatal transformer_fatal)
CKGLNDP FAIL(no_member datasource_fatal other_fatal output_fatal transformer_fatal)
CPUAAMP1 FAIL(no_member datasource_fatal other_fatal output_fatal transformer_fatal)
CPUAENP1 FAIL(no_member datasource_fatal other_fatal output_fatal transformer_fatal)
DDCCQRP FAIL(no_member datasource_fatal other_fatal output_fatal transformer_fatal)
DEFTCRP FAIL(no_member datasource_fatal other_fatal output_fatal transformer_fatal)
DEFTFRP FAIL(no_member datasource_fatal other_fatal output_fatal transformer_fatal)
DEFTIFP FAIL(no_member datasource_fatal other_fatal output_fatal transformer_fatal)
DEFTIRP FAIL(no_member datasource_fatal other_fatal output_fatal transformer_fatal)
DEFTPIP FAIL(no_member datasource_fatal other_fatal output_fatal transformer_fatal)
DEFTPOP FAIL(no_member datasource_fatal other_fatal output_fatal transformer_fatal)
DEFTPRP FAIL(no_member datasource_fatal other_fatal output_fatal transformer_fatal)
DEFTSEP FAIL(no_member datasource_fatal other_fatal output_fatal transformer_fatal)
DGMAPIP FAIL(no_member datasource_fatal other_fatal output_fatal transformer_fatal)
DIHSCIP FAIL(no_member datasource_fatal other_fatal output_fatal transformer_fatal)
DIHSDIP FAIL(no_member datasource_fatal other_fatal output_fatal transformer_fatal)
DIHSLIP FAIL(no_member datasource_fatal other_fatal output_fatal transformer_fatal)
DIHSPIP FAIL(no_member datasource_fatal other_fatal output_fatal transformer_fatal)
ET401WP1 FAIL(datasource_fatal other_fatal output_fatal transformer_fatal)
ET402WP1 FAIL(datasource_fatal other_fatal output_fatal transformer_fatal)
ET403WP1 FAIL(datasource_fatal other_fatal output_fatal transformer_fatal)
ET404WP1 FAIL(datasource_fatal other_fatal output_fatal transformer_fatal)
ET406WP1 FAIL(datasource_fatal other_fatal output_fatal transformer_fatal)
ET408WP1 FAIL(datasource_fatal other_fatal output_fatal transformer_fatal)
ET409WP1 FAIL(datasource_fatal other_fatal output_fatal transformer_fatal)
ET411WP1 FAIL(datasource_fatal other_fatal output_fatal transformer_fatal)
ET411XP1 FAIL(datasource_fatal other_fatal output_fatal transformer_fatal)
ET417WP1 FAIL(datasource_fatal other_fatal output_fatal transformer_fatal)
ET418WP1 FAIL(datasource_fatal other_fatal output_fatal transformer_fatal)
ET419WP1 FAIL(datasource_fatal other_fatal output_fatal transformer_fatal)
HSUTDIP FAIL(no_member datasource_fatal other_fatal output_fatal transformer_fatal)
HSUTDWP FAIL(no_member datasource_fatal other_fatal output_fatal transformer_fatal)
HSUTIWP FAIL(no_member datasource_fatal other_fatal output_fatal transformer_fatal)
MMNMASP_1 FAIL(datasource_fatal other_fatal output_fatal transformer_fatal)
MMNMASP_2 FAIL(datasource_fatal other_fatal output_fatal transformer_fatal)
MMNMBTP_1 FAIL(datasource_fatal other_fatal output_fatal transformer_fatal)
MMNMBTP_2 FAIL(datasource_fatal other_fatal output_fatal transformer_fatal)
MMNMLNP_1 FAIL(datasource_fatal other_fatal output_fatal transformer_fatal)
MMNMLNP_2 FAIL(datasource_fatal other_fatal output_fatal transformer_fatal)
MPIDTXP1 FAIL(no_member datasource_fatal other_fatal output_fatal transformer_fatal)
MPMNMCP_1 FAIL(datasource_fatal other_fatal output_fatal transformer_fatal)
MPMNMCP_2 FAIL(datasource_fatal other_fatal output_fatal transformer_fatal)
MRDFICP FAIL(no_member datasource_fatal other_fatal output_fatal transformer_fatal)
MRDFIDP FAIL(no_member datasource_fatal other_fatal output_fatal transformer_fatal)
SSDATEPC FAIL(datasource_fatal other_fatal output_fatal transformer_fatal)
SSPWRDP FAIL(datasource_fatal other_fatal output_fatal transformer_fatal)
TOFTPCP FAIL(datasource_fatal other_fatal output_fatal transformer_fatal)
TTALSFPZ FAIL(no_member datasource_fatal other_fatal output_fatal transformer_fatal)
TTCDCD0001 FAIL(datasource_fatal other_fatal output_fatal transformer_fatal)
TTCDCDP FAIL(datasource_fatal other_fatal output_fatal transformer_fatal)
