ADBALFP
ADBALFP0
ADENTJP
ADENTRP
ADEXASP
ADEXGLP
ADFAMJP
ADFAMSP
ADFAMVP
ADFAXFP
ADFAXJP
ADFMANP
ADIPDTP
ADIPHDP
ADITMCP
ADMACJP
ADMACLP
ADPHLDP
ADPTYCP
ADPTYJP
ADSUCRP
ADSUPCP
ADSUPJP
ADTNFAP
AFADDRP
AFAFEJP
AFAFESP
AFAFMSP
AFAFSTP
AFAMHRP
AFAOEJP
AFASEJP
AFASESP
AFASMSP
AFDBACP
AFDBXCP
AFGCMSP
AFSIADP
AFSICPP
AFSIMSP
AFSIRAP
AFSTMSP
AICRDFP
AM@LAFP1
AM@LAFP2
AM@LAFP21
AM@LAFP2B
AM@LAFP3
AM@LAFP4
AM@LAFP5
AM@SPFP1
AM@SPFP10
AM@SPFP11
AM@SPFP12
AM@SPFP13
AM@SPFP13B
AM@SPFP14
AM@SPFP1B
AM@SPFP2
AM@SPFP3
AM@SPFP3B
AM@SPFP4
AM@SPFP51
AM@SPFP52
AM@SPFP52B
AM@SPFP6
AM@SPFP7
AM@SPFP9
AT@LAFP1
AT@LAFP2
AT@LAFP3
AT@LAFP4
AT@SPFP2
AT@SPFP5
BA@SMSP
BAABLCP
BAACIGP
BAACRGP
BAACRTP
BAACRWP
BABPRPP
BABPSPP
BADCPBP
BAFSTSP
BAFTCPP
BAFTPCP
BAIMAHP
BAIMECP
BAIMGTP
BAIMPHP
BAIMTHP
BAIOBCP
BAIREXP
BAIRPEP
BAOMGCP
BAOMGTP
BAOMPHP
BAOMTHP
BAOREXP
BAPEIGP
BAPEQLP
BAPESDP
BAPTACP
BASAINP
BASAMSP
BASSAFP
BASSMSP
BS@CIFP
CHBKTRP
CHCABSP
CHCIDCP
CHCLMTP
CHCUSTP
CN@IDIP
CN@IDJP
CNALINP
CNBPCSP
CNFDSMP
CNFDSWP
CPCBRCP
CPCBRCP1
CPCBRJP1
CPCGEXP
CPCGEXP2
CPCUSTP
CPMACCP
CPOASTP1
CPSSTDP
CPTPCNP
CR@BSNP
CR@CFIP
CR@CFIP1
CR@CFOP1
CR@CRLP
CR@TTWP1
CRBSEWP
CRBSEWP1
CRBSNMP
CRBSNTP
CRBSPBP
CRBSPBP1
CRBSPCP
CS@LPGP
CSAAMSP
CSAMGDP
CSMCBPP
DCACMSP
DCCRMNP
DCDRICP
DCPDCPP
DCUOEXP
DDACADP
DDACESP
DDACMCP
DDACMSP
DDACMSP1
DDBCRQP
DDBIAVP
DDBSCLP
DDCBPCP
DDCBPTP
DDCBPTPY
DDCISPP
DDCNOWP
DDCQALP
DDCQBKP
DDCQIFP
DDCQSTP
DDCRCPP
DDCRINP
DDCRINP0
DDCSRQP
DDCTKUP
DDERINP
DDGCTTP
DDGMAPP
DDGMASP
DDGS1BP
DDGSAPP
DDGSASP
DDIAMJP
DDINACP
DDINACP1
DDINAVP
DDINSRP
DDLBBEP
DDMSCMP
DDOTKUP
DDPASTP
DDPDCPP
DDPIRCP
DDRAACP
DDRAAMP
DDRAAMP1
DDRHXQP
DDRHXQP1
DDSMCJP
DDSMCPP
DDSPCPP
DDSPCQP
DDSTMTP
DDSTMTPPR
DDSVSTP
DDSVSTP1
DDSWCLP
DDUWINP
DDVLBLP
DNMIAAP
DNMIACP
DNMIACP1
DNMIACP2
DNMIACPB
DNMIACPC
DNMIACPCB
DNMIACPE
DNMICSP
DNMICSP1
DNMICSPB
DNNADPP
EBAECLP
EBAEMMP
EBAERQP
EBAPINP
EBBPINP
EBBPINP1
EBCPINP
EBCQBRP
EBCRSTP
EBCUAAP
EBCUADP
EBCUARP
EBCUSTP
EBCUSTPH
EBDCNOP
EBEMRQP
EBFMARP
EBFMCUP
EBFMNAP
EBGMADP
EBGMCJP
EBLREFP
EBMIEXP
EBMIEXP1
EBMIEXP3
EBMIEXP4
EBPDPYP
EBTRSTP
EOMNLPPM
EP@BLMP
EPABAJP
EPACLMP
EPACLMP1
EPACLPP
EPACMSP
EPADCLP
EPADCPP
EPADCTP
EPADCTP1
EPADCTPV
EPADINPV
EPADPRPN
EPADPRPV
EPADRFP
EPALSFP
EPASMSP
EPASMSP1
EPASMSP2
EPATMTP
EPBACPP
EPBCRQP
EPBDCCP
EPBDRPP
EPBEFCP
EPBLCBP
EPBLDSP
EPBLDXP
EPBLHXP
EPBLIHP
EPBLMSP
EPBLMSP1
EPBLRCP
EPBLSFP
EPBLSTP
EPBLTOP
EPBLTOP1
EPBLTOP2
EPBLWAP
EPBLWXP
EPBPCPP
EPBRDRP
EPBRDSP
EPBRDSP1
EPBRDSP2
EPBRDWP
EPBSERP
EPBUAPP
EPCBBMP
EPCBBPP
EPCBBWP
EPCBCLP
EPCBCLP1
EPCBLFP
EPCBSTP
EPCCMAP
EPCCSMP
EPCFDJP
EPCFMAP
EPCFMSP
EPCFWAP
EPCHGPP
EPCHPMP
EPCHWAP
EPCLAUP
EPCLUSP
EPCMSTP
EPCNBBP
EPCNWAP
EPCON2P
EPCON2P5
EPCON2PD
EPCON2PD5
EPCON2PDS
EPCON2PS
EPCSRNP
EPCSRQP
EPCTLPP
EPCUWAP
EPDANSP
EPDBSCP
EPDBSCP1
EPDBSCP5
EPDBSTP
EPDBSTP1
EPDBSTP5
EPDCCBP
EPDCCPP
EPDCDSP
EPDCMSP
EPDCMSP3
EPDCSTP
EPDCSTP1
EPDCSTP2
EPDLWAP
EPDPDCP
EPDPITP
EPDPITP1
EPDPMSP
EPDPWAP
EPDSCRP
EPDSWAP
EPDVCLP
EPEBLFP
EPECILP
EPECILP1
EPEDCFP
EPEMRDP
EPEMRQP
EPFEXSP
EPFSIDP
EPFSIDP1
EPFSIDP2
EPGECPP
EPGFPRPT
EPGFXPP
EPGIPRPT
EPGMSCP
EPGPRDPT
EPHDRIP
EPHITMP
EPHITMP1
EPIBLFP
EPICMCP
EPICMSP
EPIDCFP
EPINAJP
EPINAJP1
EPINGSP
EPISGFP
EPLNDFP
EPMDCDP
EPMDCDP1
EPOCTDP
EPODMAP
EPODMSP
EPODWAP
EPOMNCP
EPPDCPP
EPPDUEP
EPPLLKP
EPPOWAP
EPQBRDP
EPSAAWP
EPSCWAP
EPSENTP
EPSENTP1
EPSENTP2
EPSIMSP
EPSIWAP
EPSIWIP
EPSPINP
EPSPMSP
EPSPNCP
EPSPWAP
EPSPWIP
EPSRCFP
EPSRCPP
EPSTMSP
EPSTSRP
EPSTSRP1
EPSTWAP
EPSVPRP
EPSYCPP
EPTATPP
EPTLFCP
EPTRCLP
EPTRDCP
EPTXRNP
EPUPCLP
EPUPGPP
EPUPIFP
EPXDCCP
EPXMTHP
EPXTCLP
EPXTIFP
HD@PODP
HD@POSP
HD@PRFP
HD@SMPCP
HD@SMPRP
HEACHCP
HEACIGP
HEACNMP
HEIIEXP
HEMGERP
HEMICLP
HEMIINP
HEMIREP
HEMOCLP
HEMOREP
HEMRDTP
HEMRECP
HEPINKP
HEPINSP
HOACTLP
HOOUTLP
HS@ACMSP
HS@ACTP
HS@AHDP
HS@ALCP
HS@ALFP
HS@ALSP
HS@ANCP
HS@ANFP
HS@ANSP
HS@APSP
HS@APSP1
HS@APSP2
HS@ASBP
HS@BKFP
HS@CEFP
HS@CIFP
HS@CMAP
HS@CNSP
HS@CPFP
HS@CTJP
HS@DIRAP
HS@DIRQP
HS@DMFP
HS@DMVP
HS@DTFP
HS@DWFP
HS@ENTFP
HS@HDMP
HS@HDMP1
HS@INSP
HS@INTFP
HS@INTTP
HS@MDRP
HS@MKPP
HS@MPMP
HS@MSJP
HS@MSMP
HS@MSSP
HS@PORTFP
HS@QD1P
HS@QFIP
HS@QFMP
HS@QFXP
HS@QRYP
HS@RCBP
HS@RCBP1
HS@RDAP
HS@RDNP
HS@RDTP
HS@RMBP
HS@SCIP
HS@SCIP1
HS@SCRP
HS@SMAP
HS@STNP
HS@TOTFP
HS@WHTP
HSAAOUP
HSAASAP
HSAASCP
HSACAAP
HSACADP
HSACAEP
HSACAWP
HSACHDP
HSACIMP
HSACMAP
HSACMSP
HSACMVP
HSACPSP
HSACRAP
HSACSPP
HSACSTP
HSAHCAP
HSAHCGP
HSALVLP
HSAMCAP
HSAOAAP
HSAOACP
HSASAAP
HSASACP
HSATCWP
HSAVBQP
HSAVCAP
HSAVDAP
HSAVRHP
HSAVRHP1
HSAVRHP2
HSAVRHP3
HSBWAAP
HSCALWP
HSCBPAP
HSCDHWP
HSCDSAP
HSCDSLP
HSCDSNP
HSCEAAP
HSCEABP
HSCEAHP
HSCEANP
HSCEARP
HSCEBAP
HSCEBBP
HSCECAP
HSCECCP
HSCEDAP
HSCEDDP
HSCEEAP
HSCEETP
HSCEETP1
HSCEIFP
HSCEIJP
HSCEIJP9
HSCELAP
HSCELJP
HSCELJP9
HSCELRP
HSCEMAP
HSCEMJP
HSCEMRP
HSCENAP
HSCEOAP
HSCEOJP
HSCEOJP9
HSCEORP
HSCEPMP
HSCEPMP2
HSCEQAP
HSCEQLP
HSCERCP
HSCESAP
HSCESTP
HSCETAP
HSCETNP
HSCETYP
HSCEUAP
HSCEUBP
HSCEVAP
HSCEVPP
HSCEXAP
HSCEXRP
HSCEYAP
HSCEYBP
HSCEYCP
HSCEYDP
HSCGALP
HSCGCLP
HSCGHAP
HSCGHDP
HSCGHJP
HSCGLAP
HSCGSAP
HSCGSTP
HSCIEAP
HSCIEHP
HSCISGP
HSCIUAP
HSCIUCP
HSCIUEP
HSCPAAP
HSCPCAP
HSCPCJP
HSCPCLP
HSCPPAP
HSCPPTP
HSCPTAP
HSCPTYP
HSCRQCP
HSCSRQP
HSCUSAP
HSCUSTP
HSDBHAP
HSDBHCP
HSDFTWP
HSDICAP
HSDICHP
HSDICQP
HSDIDAP
HSDIDHP
HSDIDQP
HSDIEAP
HSDIEHP
HSDIEQP
HSDINAP
HSDINQP
HSDISAP
HSDISHP
HSDISQP
HSDITAP
HSDITHP
HSDITTP
HSDIXAP
HSDIXQP
HSDLARP
HSDLJNP
HSDORAP
HSDORHP
HSDORQP
HSDOTAP
HSDOTTP
HSENRAP
HSENRPP
HSESLGP
HSESPQP
HSESRQP
HSEXCTP
HSEXCTP1
HSEXMAP
HSFNCTP
HSFSCCP
HSGASAP
HSGASCP
HSGASJP
HSGMNSP
HSGMNSP1
HSGRAMP
HSGRMAP
HSHDMNP
HSHDMNP1
HSHDMNP3
HSHDMVP
HSHDMVP1
HSHLD2PC
HSHLDAP
HSHLDRP
HSHPEAP
HSHPEWP
HSIAOLP
HSINFCP
HSMBCDP
HSNIALP
HSODCAP
HSODCGP
HSOMGCP
HSPAPCP
HSRDAWP
HSRDCWP
HSRDILP
HSRDWWP
HSRHXCP
HSRHXDP
HSRHXTP
HSRHXTP1
HSRMPSP
HSRTALP
HSSCAAP
HSSCALP
HSSCIAP
HSSCINP
HSSCMAP
HSSCMSP
HSSCPAP
HSSCPCP
HSSCTYP
HSSEGAP
HSSEGRP
HSSFLAP
HSSFLMP
HSSRCAP
HSSRDMP
HSSRDSP
HSSRMAP
HSSRMKP
HSTAALP
HSTICKP
HSTXBAP
HSTXBTP
HSUPCLP
HSUPLAP
HSUPLCP
HSXTCLP
HSXTCLP1
HSXTMTP
HSXTTAP
HSXTTHP
HSZACPP
HSZANSP
HSZBTOP
HSZCCAP
HSZCCMP
HSZCEEP
HSZCESP
HSZCGIP
HSZCGYP
HSZCGYP1
HSZDMGP
HSZIMDP
HSZIMRP
HSZIMSP
HSZIMTP
HSZRDFP
HSZRDTP
HSZRFDP
HSZSASP
HTALSFP
HTBCHCP
HTBCHCP5
HTBCHCP9
HTMQLCP
HTTLMTP
HTTSLMP
LDACMSP1
LDMSDTP
LDTMSTP
LP@3PFP
LP@BNFP
LP@CCFP
LP@CEFP
LP@CHGP
LP@CHLP
LP@MBRP
LP@PBJP
LP@VASP
LSACMCP
LSACMSP
LSACMWP
LSARLEP
LSARMEP
LSBSCPP
LSCBPCP
LSCBPTP
LSCHGCP
LSCLPSP
LSCSRQP
LSEXATP
LSGFPRPT
LSGIPRPT
LSGPRDCP
LSGPRDPT
LSGPRFPT
LSICSLP
LSICSLP1
LSILRJP
LSILRSP
LSINACP
LSINACP1
LSINACP9
LSINSLP
LSINSLP1
LSOFACP
LSOIACP
LSOIACP9
LSPDCPP
LSRCDHP
LSRCDTP
LSRPACP
LSRPJNP
LSRPSCP
LSRPSLP
LSRPSLP1
LSSHLCP
LSSMCPP
LSSPCPP
LSSTMTP
LSTRJNP
MGCBAWP
MGCBAWP1
MGCBSNP
MKADIDP
MKASCTP
MKASCTP1
MKAVCZP
MKCMCTP
MKCOCTP
MKCRAIP
MKCRAIP0
MKCRCIP
MKCRCIP0
MKCRSAP
MKCRSAP0
MKDCACP
MKDCACP0
MKDDACP
MKDICTP
MKDMCTP
MKDSCTP
MKELCTP
MKEMCTP
MKGACTP
MKHICTP
MKHOCTP
MKIPCTP
MKJSCTP
MKLCCTP
MKLCYCP
MKLTCTP
MKMCCTP
MKMECTP
MKMGCTP
MKMICTP
MKOCCTP
MKPICTP
MKRCYCP
MKRICTP
MKRICTP1
MKRICTP2
MKRLCTP
MKROCTP
MKSDRKP
MKSDRKP0
MKSDSTP
MKTACTP
MKTDACP
MKTOCTP
MKTRCTP
MKTTCTP
MKXTCTP
MKYYMMP
MKYYMMP0
ORADVSP
ORBBCJP
ORBBCPP
ORCBLDP
ORCMGPP
ORCOMSP
ORCOUSP
ORCQTSP
ORDSMSP
ORDSMSP1
ORDSMSP2
ORDTMSP
ORFMTSP
ORLVLSP
ORMGSTP
ORMGSTP2
ORMSGJP
ORPDCPP
ORRMIPP
ORSAUSP
ORSKJDP
ORSTKJP
ORSTKSP
ORTAUSP
ORTCCPP
ORTCQDP
PACCARP
PACFGFP
PAMPLGP1
PBACIDP
PBAVRQP
PBCALLP
PBCDRLP
PBCFCLP
PBCRIDP
PBCRIUP
PBPYARP
PHCUSTP
PLACMSP
PLAINSP
PLBSCPP
PLCBPCP
PLCBPTP
PLCMCCP
PLCSRQP
PLGSCPP
PLGSCPP1
PLGSCPP2
PLPDCPP
PLSETIP
PLSPCPP
PLSTATP
PLSTATP1
RPRPDTP
RSPRCEP
RXACMSP
RXBCRQP
RXCSRQP
RXCTLMP
RXCTMSP
RXCTMSPA
RXCTMSPB
RXCTMSPC1
RXCTMSPC2
RXCYIFP
RXDAWAP
RXEXPLP
RXFMLCP
RXFMLPP
RXFMTPP
RXFTOSP
RXGCMSP
RXGCMSP1
RXGCMWP
RXGFPRPT
RXGHALP
RXGHALP0
RXGHALP1
RXGHAUP
RXGHIEP
RXGHIEP0
RXGHIUP
RXGHIUP0
RXGHSTP
RXGIPRPT
RXGPRDPT
RXGTPRPT
RXMREXP
RXSENTP
RXSENTP1
RXSENTPA
RXSMCPP
RXSMPRP
RXSMRCP
RXSMRCP1
SGDBPCP
SGSGDNP
SGSGUPP
SGTMSTP
SGUDPRP
SGUPRQP
SS@231BP
SS@233AP
SS@233BP
SS@84WP
SS@87WP1
SS@90WP1
SS@90WP4
SS@91WP9
SS@93WP
SS@95WP
SS@ADJFP
SS@BMDP
SS@BMFP
SS@BRCXP
SS@CMJFP
SS@CRGP
SS@DFAP
SS@DFBP
SS@DNSP
SS@EFTP
SS@ELDP
SS@ELMP
SS@ELPP
SS@ELSP
SS@EXEXP
SS@EXPSP
SS@EXPSP1
SS@EXTOP
SS@EXTUP
SS@EXTUP1
SS@FEXP
SS@FFXP
SS@FSOP
SS@FSRP
SS@FSTP
SS@FXBFP
SS@GLFP
SS@GRRFP
SS@GRRFP2
SS@HDFP
SS@INSP
SS@IPLP
SS@MXFP
SS@MXRP
SS@NBFP
SS@ODRP
SS@ODTP
SS@OFFP
SS@PBDRP
SS@PBOCSP1
SS@PBOCSP2
SS@PLQP
SS@PMRP
SS@PMRP1
SS@PMRP2
SS@PTCP
SS@PTJP
SS@RDJP
SS@RSDP
SS@RSHP
SS@SAFD1
SS@SAFD2
SS@SAFM1
SS@SAFM2
SS@SAFM3
SS@SAFM4
SS@SAFS1
SS@SAFS2
SS@SAFW1
SS@SAFW2
SS@SDPRP
SS@SFWBP
SS@SOMP
SS@SWRP
SS@TCQP
SS@TRSFP
SS@TRSFP2
SS@TSACP
SS@TSACP2
SSABAJP
SSACCPP
SSACINP
SSACIRP
SSACSTP
SSADAYP
SSADCLP
SSADD2P
SSADDHP
SSADDRP
SSAFIFP
SSAFRTP
SSAGACP
SSAGACP1
SSAGACP3
SSAGACP4
SSALBFP
SSALCFP
SSALFBP
SSALGBP
SSALGBP1
SSALGBP5
SSALGBP7
SSALHIP
SSAPCJP
SSAPCPP
SSASLBP
SSATTBP
SSATTCP1
SSATTCP2
SSATTCP4
SSATTCP5
SSATTCP6
SSATTCP7
SSAVRPP
SSBCPRP1
SSBCPRP2
SSBCPRP7
SSBCPRP8
SSBKLSP
SSBLCFP
SSBLSTP
SSBRCPP
SSCAIFP
SSCARPP
SSCBBHP
SSCBBKP
SSCBBNP
SSCBBPP
SSCBCCP
SSCBDLP
SSCBHBP
SSCBHBPQ
SSCBKUP
SSCBLBP
SSCBLIP
SSCBNUP
SSCBPRP
SSCBTPP
SSCHCLP
SSCHCLP1
SSCHDAP
SSCHGCP
SSCHPFP
SSCLACP
SSCLADP
SSCLFMP
SSCLMTP
SSCLSTP
SSCMSRP
SSCPDCP
SSCPFCP
SSCRADP
SSCRAEP
SSCRAMP
SSCRASP
SSCRATP
SSCRAYP
SSCRBRP
SSCRCCP
SSCRCDP
SSCRCOP
SSCRCTP
SSCRDGP
SSCRDVP
SSCRNGP
SSCRPGP
SSCRRGP
SSCRSCP
SSCRSIP
SSCRTCP
SSCRTTP
SSCSDDP
SSCLSIP
SSSECJP
SSCPFJP
SSACEXP3
SSACEXP
SSTREXP2
SSTREXP
SSCUETP
SSCUSTP
SSCUWOP
SSCVFXP
SSCVFXP0
SSCVFXP4
SSCVFXP7
SSCVFXP8
SSCVFXPM
SSCYIFP
SSCYIJP
SSDFACP
SSDFUUP
SSEANFP
SSEDIHP
SSEDINP
SSEDTOP
SSEIAMP
SSEIAMPB
SSEIAMPZ
SSEIASP
SSEIASPZ
SSEICMP
SSEICMPZ
SSEIEXP
SSEIEXP8
SSEIMRP
SSEIPCP
SSEIPIP
SSEIRDP
SSEIRIP
SSEIRJP
SSEISRP
SSEISRPB
SSEISRPZ
SSEPPRP
SSEPPRP1
SSEPPRP2
SSEPPRP4
SSEPPRP5
SSEPPRP8
SSEPPRP9
SSEPPRPQ
SSERUSP
SSESPCP
SSESPCP9
SSESSTP
SSESSTP9
SSESTPP
SSEXMPP
SSEXMTP
SSEXPLP
SSEXPLP1
SSEXPSP
SSEXPSP1
SSEXRTP
SSEXTOP
SSFAXRP
SSFAXRP8
SSFAXRPB
SSFNRTP
SSFRMWP
SSGACCP
SSGACCP1
SSGACPP
SSGBAGP
SSGBAIP
SSGBCPP
SSGBNMP
SSGBPBP
SSGCCJP
SSGCCTP
SSGHCGP
SSGHCLP
SSGMCPP
SSGPCLP
SSGPNMP
SSGPRLP
SSGSCPP
SSGSCPP1
SSGSCPP2
SSGSCPP4
SSGSCPP7
SSGSCPP8
SSGSCPPM
SSGSCPPQ
SSGSPDP
SSGTPOP
SSHBCLP
SSHBCLP1
SSHBODP
SSHBODP1
SSHCCPP
SSHDSQP
SSHFDEP
SSHFDEP1
SSHLDRWDWN
SSHOLDP
SSICADP
SSIMPLP
SSINARP
SSINARP1
SSINCIP
SSINRTP
SSIRMDP
SSIRTRNCNT
SSLGNMP
SSLGRLP
SSLIPDP
SSLIPJP
SSLMTRP
SSLMTRPD
SSLOCFP
SSLPDTP
SSLPDTPC
SSLTYPP
SSMCLPP
SSMCLPP1
SSMCLPPM
SSMGRAP
SSMLCCP
SSMLRCP
SSMLRPP
SSMNLPP
SSMNLPPM
SSMREXP
SSMTXMP
SSNACCTOPN
SSNHMLACCT
SSNICIP
SSNODAP
SSNODAP1
SSNODAP4
SSNODAP6
SSNODAP7
SSNODAP8
SSOCCPP
SSOCPPP
SSODACP
SSODACP1
SSODACP3
SSODACP4
SSODACP5
SSODACP6
SSODACP7
SSODACP8
SSODCUP
SSODUEP
SSODUEP1
SSOFRAP
SSOLMEP
SSOLMEP1
SSOPACP
SSOPCMP
SSORTRNCNT
SSOUQQP
SSPASLP
SSPCUSP
SSPDTPP
SSPEXWP
SSPFCLP
SSPFMWP
SSPFPCP
SSPFPCP1
SSPFPTP
SSPFTBP
SSPFULP
SSPKAJP
SSPKAWP
SSPKCMP
SSPKCMP9
SSPKEVP
SSPNICP
SSPRJIP
SSPTYCP
SSPTYHP
SSPTYTP
SSRCAPP2
SSREXPP
SSRLNNP
SSRLNNP1
SSRLNPP
SSRLNPP1
SSRMSTP
SSRMSTP1
SSRPSDP
SSRPSTP
SSRPSTPQ
SSRUDCP
SSSCCIP
SSSCRLP
SSSDCPP
SSSECHP
SSSECHP2
SSSFATP
SSSLMTP
SSSMANP
SSSMBCP
SSSMCLP
SSSMFIP
SSSMPSP
SSSPVAP
SSSTMRP
SSSTTCP
SSSTTCP1
SSSTTCP2
SSSTTPP
SSTFNPP
SSTIAVP
SSTIRJP
SSTIRTP
SSTNSTP
SSTRBIP
SSTTONCCNT
SSTXCPP
SSTXCPPH
SSTXTHP
SSUCMTP
SSULMCP
SSUODEP
SSUODEP1
SSUODEP2
SSUSDLP
SSUSERP
SSVCRPP
SSVSKDP
SSVSKHP
SSWAINP
SSWCMSP
SSWOCLP
SSWOCLP1
SSWOCLP2
SSWOMSP
SSWONCP
SSWORPP
TCACMSP
TCACRSP
TCAINSP
TCINCPP
TCPDCPP
TCSTMTP
TDACADP
TDACMSP
TDACSDP
TDBCRQP
TDBSCPP
TDCBPCP
TDCBPTP
TDCSRQP
TDPDCPP
TDPIRCP
TDSDMSP
TDSDPYP
TDSPCPP
TNCRBPP
TNCRBPP1
TTERATP
TTIRATP
TTLDPDP
TTPDCTP
ZUCAMSP1
IRDLRJP
LSIRHFP
BAIMGCP
DDTNJNP
SSENQLP
DDDLJNP
SSICAJP
LP@OGHP
CNFDDWPA
BAOMGHP
BAIMGJP
CPMPPXP
CSDSPJP
CSDSPWP
LP@OPHP
SSCUWJP
SSCUSJP
SSINCJP
BS@OPHP
PBACIJP
DDACMJP
SSCLMJP
CNFDDWMPE
CNFDDWPE
SSADDJP
IBACIJP
SS@EFJP
HSRDTEP
SSCAIJP
BS@IPHP
HSDINHP
HS@DIRHP
EBPGRJP
DDMSCJP
AFASMJP
HSDLHSP
IBTNJNP
EPALMHP
IPLNDHP
EPBLDHP
EBCUSJP
GLACMJP
IBURAJP
EPDCDHP
IBCMBJP
LSDLJNP
HSRDNJP9
SSCLSJP
HSACHJP9
SS@ABHP
SSINRJP
IPALMHP
IBURSJP
LSSHLJP
HSRDPJP9
TDACMJP
SSCHDJP
SSCHCJP
LSACMJP
CNFDDWPD
DDMSGJP
RXCTHSP
PLACMJP
HSRDCJP9
SSHDJNP
PBCFCJP
IBACSJP
SS@CLHP
LP@OGJP
PLDLJNP
SSPRJJP
HD@TNHP
LSPRPJP
SSEXMJP
LP@OPJP
SSNICJP
IPBLDHP
HSRDHJP9
CNFDDWPC
LSPMHSP
BS@OPJP
DCACMJP
LP@IPJP
LP@VAJP
SSDFUJP
EBPDPJP
DDUWIJP
EPACMHP
HSDBHHP
SSBKLJP
IBAPJNP
EPSADAP
DDCQBJP
SSUBSTP
PLAINJP
EPCCMHP
EPPCMHP
HSCENJP9
SSUSRJP
HSRDTJP
HSRDTJP9
IRCBJNP
IRDDJNP
IRTDJNP
ORDLJNP
RXDLJNP
TDAMIJP
TDEALJP
EBDCNJP
BAIMGHP
HSRDNHP
TDACMHP
EPHITFP
HSRDGHP
HSRDHHP
HSRDPHP
HSRDTHP
LSRHSLP
HSCENHP
ADTRANP
HSCETHP
IBDLIFP
HSCEBHP
IBDLRJP
HSPSTHP
HSCEEHP
HSCECHP
SSVCHPP
HSCIUHP
SSPFRJP
HSTRSNP
HSCEVHP
SSESTTP
LSRHSWP
DDIRHFP
HETRSNP
HD@HOLP
DDIAJHP
EPBAWAP
HSRDTNP1
IPBAWAP
IPDCWAP
IE@TNHDP2
SS@SAFEP
IE@TNTDP2
IRDLIFP
DDTNJXP
LP@IPHP
BASSTNP
SS@ELHP
AFASTJP
SS@ELTP
SSCRTRP
SS@SAFEP1
AFSITJP
SS@TMFP1
SS@PBOCDP
SS@TMFP
GLTNJNP
IETNJNP
LSTNJNP
PLTNJNP
TDTRNJP
EBSVJNP
EPBLHSP
EPDCHSP
IPLNHSP
IPBLHSP
IPDCHSP
SSFXCSP
HSHLDHP
HSSTBJP1
HSSTMJP
HSSTMJP2
HSSTMJPB
HSSTBJP
HS@SCXP
SS@RHJP
HSCHRGP
EWALRDP
EWAULDP
EWBOAULP
EWCCSNWP
EWCCSNWSP
EWCHNPP
EWCLSDT
EWCMIDP
EWDCMMP
EWEAMSP
EWEAMSP1
EWETARP
EWEXTCUP1
EWHSSADXP1
EWLEXPP
EWMCMMP1
EWMCMMP9
EWMCONCTP1
EWMCONCTP9
EWMCONDP9
EWMCONTP1
EWMCONTP9
EWMEXTP
EWMREFP1
EWMREFP9
EWOACARP9
EWOADRP9
EWOARARP9
EWOARIPP9
EWOARP9
EWOCAARP9
EWOCSTP9
EWOIDDPP9
EWOIDVP9
EWOIIPP9
EWOIPEMAP9
EWOIPP9
EWOIPTELP9
EWOORGP9
EWOPDARP9
EWOPDP9
EWOSVARP9
EWPOCUMAP
EWSBUSMP
EWSBUSP
EWSDCPP
EWSEXPP
EWSLDSTP
EWSTDPP
EWTRCDP
EWUEXPP
EWUEXPP1
EWUEXPP9
EWUSRMAP
FICNTPF
GHACMSP
GHACMSPD
GHALSFP
GHALSFPD
GHBCHCP
GHBDIFP
GHBDIWP
GHBDIWP9
GHCLMTP
GHCLMTP7
GHCLMTP8
GHCLMTPD
GHCLMTPD7
GHCLMTPD8
GHCNISP
GHCNISPD
GHCON2P
GHCON2P7
GHCON2P8
GHCON2P9
GHCON2PD
GHCON2PD7
GHCON2PD8
GHCON2PD9
GHCON2PH
GHCON3P
GHCON3P1
GHCON3P9
GHCPFCP
GHCPFCP2
GHCPFCP3
GHCPFCPD
GHCPFCPD2
GHCPFCPD3
GHCPFGP
GHCPFGPD
GHCSHRP
GHCUSTP
GHCUSTP3
GHCUSTPD
GHDTARP
GHEPJNP
GHIEAWP
GHIEAWPA
GHIEAWPM
GHIEISP
GHIERSP
GHIETNP
GHIPJNP
GHLMTRP
GHLMTRP1
GHLMTRPD
GHLMTRPD1
GHPIEIP
GHPIEIP1
GHPIEIP9
GHPYMIP
GHPYMIP1
GHPYMIP9
GHSECHP
GHSECHPD
GLACMSP
GLANCLP
GLATCLP
GLBDINP
GLCBPCP
GLCBPTP
GLCBPTPY
GLCHACP
GLDRACP
GLEXDLP
GLEXSTP
GLLBBEP
GLNACLP
GLNAIFP
GLNAREP
GLOACJP
GLOAJNP
GLOPADP
GLOPIAP
GLOPICP
GLOPISP
GLORDJP
GLSBACP
GLSBATP
GLSBATP1
GLSBSCP
GLSSCLP
GLSTATP
GLSTATP1
GLSTAUP
GLSYCLP
GLTRSTP
GLTRSTP1
GRALINP
GRALLCP
GRAPCLP
GRBDBWP
GRBDGWP
GRBDIDP
GRBDIFP
GRBDIFP0
GRBDIFP1
GRBDIMP
GRBDSTP
GRBDSTP0
GRBDSUP
GRCLMTP
GRCSIEP
GRDCBPP
GRFEIGP
GRFEIGP0
GRFEIIP
GRFEIIP0
GRGLIEP
GRGPCLP
GRIGDWP
GRIGDWP1
GRINEPP
GRINEPP1
GRLMTYP
GRLQINP
GRLQLCP
GRRTCLP
GRRTNMP
GRRTTHP
GRRTTPP
GRRTTPP7
GRSYCLP
GRTEIDP
GRTRAEP
GRUODIP
GRUODIP1
GRUODSP
GRUODSP0
GXCLMTP
GXCNSPP
GXCRPCP
GXCTLPP
GXGRCAP
GXLOGPP
GXPRFTP
IBACIDP
IBACSDP
IBAHEXP
IBAMSGP
IBAVONP
IBAVRQP
IBAVRQP1
IBCMBTP
IBCMINP
IBCRIUP
IBCSSTP
IBESMCP
IBINAWP
IBINAWP1
IBIWCSP
IBIWERPA
IBIWERPB
IBKEYCP
IBKEYPP
IBMXMTP2
IBOTPDP
IBPBKDP
IBPREXP
IBSIEXP
IBSMADP
IBSMADP1
IBSMANP
IBSMANP1
IBTKCSP
IBTKMIP
IBURADP
IBURADP1
IBURSVP
IBURSVP1
IE@RECWP
IE@TNJNP
IEACMSP
IEASCLP
IEBSCLP
IECBPCP
IECBPTP
IECBPTPY
IECCDIP
IECHACP
IECHPRP
IECMCSP
IECMCSP1
IECMCSP9
IECMSTP
IECMSTP1
IECMSTP8
IECMSTP9
IEDPACP
IEDPACP1
IEPDIFP
IEPLBDP
IEPLBDP1
IEPLBLP
IEPLHLP
IEPLPCP
IEPLPNP
IESBACP
IESBAGP
IESBAGP0
IESYCLP
IETRSTP
IETRSTP1
IP@BLMP
IP@LNMP
IPABAJP
IPACLMP
IPACLMP1
IPACMJP
IPACMJP1
IPACMSP
IPACMSP1
IPACMSP2
IPACMSP3
IPADCPP
IPBACPP
IPBCRQP
IPBDCCP
IPBDINP
IPBDITP
IPBDSCP
IPBLCBP
IPBLDSP
IPBLDXP
IPBLHXP
IPBLIHP
IPBLMSP
IPBLMSP1
IPBLRRP
IPBLSTP
IPBLWAP
IPBLWXP
IPBPCPP
IPBSERP
IPCCSMP
IPCHGPP
IPCHPMP
IPCHWAP
IPCMSTP
IPCNWAP
IPCON2P
IPCON2P5
IPCON2PD
IPCON2PDS
IPCON2PS
IPCSRQP
IPDACNHBCB
IPDACNHBSH
IPDACNHSBC
IPDBSCP
IPDBSCP1
IPDBSCP5
IPDBSTP
IPDBSTP1
IPDBSTP5
IPDCALP
IPDCCBP
IPDCDJP
IPDCDJP1
IPDCDSP
IPDCFCP
IPDCMSP
IPDCMSP1
IPDCSTP
IPDCSTP1
IPDCSTP2
IPDLWAP
IPDPITP
IPDPITP1
IPDPIWP
IPDSCRP
IPFSIDP
IPFSIDP1
IPFSIDP2
IPGECPP
IPGSCPP
IPGSCPP1
IPHEXBP
IPHEXWP
IPICLXP
IPINGSP
IPLLWAP
IPLMODP
IPLNCSP
IPLNIHP
IPLNMSP
IPLNMSP1
IPLNSRP
IPLNWAP
IPLNWAP1
IPLNWAP2
IPLTCPP
IPMSCLP
IPPDCPP
IPPDUEP
IPPDUEP1
IPPRGDP
IPPRWAP
IPRMBCP
IPSGCBP
IPSGHSP
IPSGMSP
IPSGMSP1
IPSGRTP
IPSGWAP
IPSHADP
IPSIGNP
IPSLWAP
IPSTDCP
IPSTWCP
IPSYCPP
IPWACLP
IPXMTHP
IRCBESP
IRCBMSP
IRCBMSP1
IRDLWDP
IRDMMSP
IRDMMSP1
IRDPIPP
IRDPWCP
IRMGSTP
IRMGSTP2
IRRSMSP
IRRSMSP1
IRRSMSP2
IRSHRFP
IRSHRFP1
IRSRCPP
IRSTCPP
IRTCPPP
IRTTMSP
IRTTMSP1
ITABMSP
ITACSLP
ITALDTP
ITALRSP
ITBINAP
ITBINWP
ITCMMSP
ITDCSTP
ITDCSTP1
ITDCSTP2
ITDGMDP
ITDPITP
ITESRRP
ITESRRP1
ITINCAP
ITINCSP
ITINTAP
ITINTWP
ITTCAWP
ITTCNAP
