dpr_orc_prd2 SSCTMHP
dpr_orc_prd2 SSCUETP
dpr_orc_prd2 SSCUSTP
dpr_orc_prd2 SSCUWOP
dpr_orc_prd2 SSCVFXP
dpr_orc_prd2 SSCVFXP0
dpr_orc_prd2 SSCVFXP2
dpr_orc_prd2 SSCVFXP3
dpr_orc_prd2 SSCVFXP4
dpr_orc_prd2 SSCVFXP7
dpr_orc_prd2 SSCVFXP8
dpr_orc_prd2 SSCVFXPM
dpr_orc_prd2 SSCWRDP
dpr_orc_prd2 SSCYIFP
dpr_orc_prd2 SSCYIJP
dpr_orc_prd2 SSDFACP
dpr_orc_prd2 SSDFUUP
dpr_orc_prd2 SSEANFP
dpr_orc_prd2 SSEDIHP
dpr_orc_prd2 SSEDINP
dpr_orc_prd2 SSEDTOP
dpr_orc_prd2 SSEIAMP
dpr_orc_prd2 SSEIAMPA
dpr_orc_prd2 SSEIAMPB
dpr_orc_prd2 SSEIAMPZ
dpr_orc_prd2 SSEIASP
dpr_orc_prd2 SSEIASPA
dpr_orc_prd2 SSEIASPZ
dpr_orc_prd2 SSEICMP
dpr_orc_prd2 SSEICMP1
dpr_orc_prd2 SSEICMPA
dpr_orc_prd2 SSEICMPZ
dpr_orc_prd2 SSEIEXP
dpr_orc_prd2 SSEIEXP1
dpr_orc_prd2 SSEIEXP2
dpr_orc_prd2 SSEIEXP3
dpr_orc_prd2 SSEIEXP8
dpr_orc_prd2 SSEIEXP8A
dpr_orc_prd2 SSEIEXPQ
dpr_orc_prd2 SSEIMRP
dpr_orc_prd2 SSEIPCP
dpr_orc_prd2 SSEIPIP
dpr_orc_prd2 SSEIRDP
dpr_orc_prd2 SSEIRIP
dpr_orc_prd2 SSEIRJP
dpr_orc_prd2 SSEISRP
dpr_orc_prd2 SSEISRPA
dpr_orc_prd2 SSEISRPB
dpr_orc_prd2 SSEISRPZ
dpr_orc_prd2 SSEPPRP
dpr_orc_prd2 SSEPPRP1
dpr_orc_prd2 SSEPPRP2
dpr_orc_prd2 SSEPPRP3
dpr_orc_prd2 SSEPPRP4
dpr_orc_prd2 SSEPPRP5
dpr_orc_prd2 SSEPPRP8
dpr_orc_prd2 SSEPPRP9
dpr_orc_prd2 SSEPPRPM
dpr_orc_prd2 SSEPPRPQ
dpr_orc_prd2 SSERSSP
dpr_orc_prd2 SSERUSP
dpr_orc_prd2 SSESPCP
dpr_orc_prd2 SSESPCP9
dpr_orc_prd2 SSESRQP
dpr_orc_prd2 SSESSCP
dpr_orc_prd2 SSESSTP
dpr_orc_prd2 SSESSTP9
dpr_orc_prd2 SSESTPP
dpr_orc_prd2 SSEURFP
dpr_orc_prd2 SSEXMPP
dpr_orc_prd2 SSEXMTP
dpr_orc_prd2 SSEXPLP
dpr_orc_prd2 SSEXPLP1
dpr_orc_prd2 SSEXPSP
dpr_orc_prd2 SSEXPSP1
dpr_orc_prd2 SSEXRJP
dpr_orc_prd2 SSEXRSP
dpr_orc_prd2 SSEXRTP
dpr_orc_prd2 SSEXTOP
dpr_orc_prd2 SSFAXRP
dpr_orc_prd2 SSFAXRP2
dpr_orc_prd2 SSFAXRP3
dpr_orc_prd2 SSFAXRP718
dpr_orc_prd2 SSFAXRP8
dpr_orc_prd2 SSFAXRPB
dpr_orc_prd2 SSFBCPP
dpr_orc_prd2 SSFCCLP
dpr_orc_prd2 SSFNRTP
dpr_orc_prd2 SSFPCLPPR
dpr_orc_prd2 SSFRCCP
dpr_orc_prd2 SSFRCCP1
dpr_orc_prd2 SSFRCCPZ
dpr_orc_prd2 SSFRMWP
dpr_orc_prd2 SSGACCP
dpr_orc_prd2 SSGACCP1
dpr_orc_prd2 SSGACCPZ
dpr_orc_prd2 SSGACPP
dpr_orc_prd2 SSGAWKP
dpr_orc_prd2 SSGBAGP
dpr_orc_prd2 SSGBAIP
dpr_orc_prd2 SSGBCPP
dpr_orc_prd2 SSGBCPP1
dpr_orc_prd2 SSGBCYP
dpr_orc_prd2 SSGBNMP
dpr_orc_prd2 SSGBNTP
dpr_orc_prd2 SSGBPBP
dpr_orc_prd2 SSGCCJP
dpr_orc_prd2 SSGCCTP
dpr_orc_prd2 SSGHCGP
dpr_orc_prd2 SSGHCLP
dpr_orc_prd2 SSGHCUP
dpr_orc_prd2 SSGMCPP
dpr_orc_prd2 SSGPBRP
dpr_orc_prd2 SSGPCLP
dpr_orc_prd2 SSGPNMP
dpr_orc_prd2 SSGPR1P
dpr_orc_prd2 SSGPR2P
dpr_orc_prd2 SSGPRLP
dpr_orc_prd2 SSGRRPP
dpr_orc_prd2 SSGSCPP
dpr_orc_prd2 SSGSCPP1
dpr_orc_prd2 SSGSCPP2
dpr_orc_prd2 SSGSCPP3
dpr_orc_prd2 SSGSCPP4
dpr_orc_prd2 SSGSCPP7
dpr_orc_prd2 SSGSCPP8
dpr_orc_prd2 SSGSCPPM
dpr_orc_prd2 SSGSCPPQ
dpr_orc_prd2 SSGSPDP
dpr_orc_prd2 SSGTPOP
dpr_orc_prd2 SSGWDLP
dpr_orc_prd2 SSHBCLP
dpr_orc_prd2 SSHBCLP1
dpr_orc_prd2 SSHBODP
dpr_orc_prd2 SSHBODP1
dpr_orc_prd2 SSHCCPP
dpr_orc_prd2 SSHDSQP
dpr_orc_prd2 SSHFDEP
dpr_orc_prd2 SSHFDEP1
dpr_orc_prd2 SSHLDRWDWN
dpr_orc_prd2 SSHOLDP
dpr_orc_prd2 SSIBKPP
dpr_orc_prd2 SSIBRPP
dpr_orc_prd2 SSICADP
dpr_orc_prd2 SSIFXRP
dpr_orc_prd2 SSIGADP
dpr_orc_prd2 SSIMPLP
dpr_orc_prd2 SSINARP
dpr_orc_prd2 SSINARP1
dpr_orc_prd2 SSINCIP
dpr_orc_prd2 SSINCIP1
dpr_orc_prd2 SSINCIP5
dpr_orc_prd2 SSINCRP
dpr_orc_prd2 SSINRTP
dpr_orc_prd2 SSIRMDP
dpr_orc_prd2 SSIRTRNCNT
dpr_orc_prd2 SSJAEXP
dpr_orc_prd2 SSLGNMP
dpr_orc_prd2 SSLGRLP
dpr_orc_prd2 SSLGRLQ1
dpr_orc_prd2 SSLIACP
dpr_orc_prd2 SSLIFIP
dpr_orc_prd2 SSLIHSP
dpr_orc_prd2 SSLIPDP
dpr_orc_prd2 SSLIPJP
dpr_orc_prd2 SSLMTRP
dpr_orc_prd2 SSLMTRPD
dpr_orc_prd2 SSLNERP
dpr_orc_prd2 SSLNSLP
dpr_orc_prd2 SSLOANP
dpr_orc_prd2 SSLOCFP
dpr_orc_prd2 SSLPDTP
dpr_orc_prd2 SSLPDTPC
dpr_orc_prd2 SSLTYPP
dpr_orc_prd2 SSMCLPP
dpr_orc_prd2 SSMCLPP1
dpr_orc_prd2 SSMCLPPM
dpr_orc_prd2 SSMGRAP
dpr_orc_prd2 SSMGRCP
dpr_orc_prd2 SSMGRTP
dpr_orc_prd2 SSMIDSP
dpr_orc_prd2 SSMLCCP
dpr_orc_prd2 SSMLCCP1
dpr_orc_prd2 SSMLLCP
dpr_orc_prd2 SSMLPMP
dpr_orc_prd2 SSMLRCP
dpr_orc_prd2 SSMLRPP
dpr_orc_prd2 SSMLRPP1
dpr_orc_prd2 SSMLTNP
dpr_orc_prd2 SSMMLJP
dpr_orc_prd2 SSMNLPP
dpr_orc_prd2 SSMNLPPM
dpr_orc_prd2 SSMREXP
dpr_orc_prd2 SSMTXMP
dpr_orc_prd2 SSNAARP
dpr_orc_prd2 SSNACCTOPN
dpr_orc_prd2 SSNARAP
dpr_orc_prd2 SSNCEXP
dpr_orc_prd2 SSNHMLACCT
dpr_orc_prd2 SSNICIP
dpr_orc_prd2 SSNICIP5
dpr_orc_prd2 SSNODAP
dpr_orc_prd2 SSNODAP1
dpr_orc_prd2 SSNODAP3
dpr_orc_prd2 SSNODAP4
dpr_orc_prd2 SSNODAP6
dpr_orc_prd2 SSNODAP7
dpr_orc_prd2 SSNODAP8
dpr_orc_prd2 SSNODAPQ
dpr_orc_prd2 SSNPLNACCT
dpr_orc_prd2 SSOCCPP
dpr_orc_prd2 SSOCPPP
dpr_orc_prd2 SSODACP
dpr_orc_prd2 SSODACP1
dpr_orc_prd2 SSODACP3
dpr_orc_prd2 SSODACP4
dpr_orc_prd2 SSODACP5
dpr_orc_prd2 SSODACP6
dpr_orc_prd2 SSODACP7
dpr_orc_prd2 SSODACP8
dpr_orc_prd2 SSODACPQ
dpr_orc_prd2 SSODACQ2
dpr_orc_prd2 SSODCUP
dpr_orc_prd2 SSODCUPQ
dpr_orc_prd2 SSODUEP
dpr_orc_prd2 SSODUEP1
dpr_orc_prd2 SSOFRAP
dpr_orc_prd2 SSOFRCP
dpr_orc_prd2 SSOFRTP
dpr_orc_prd2 SSOLMEP
dpr_orc_prd2 SSOLMEP1
dpr_orc_prd2 SSOPACP
dpr_orc_prd2 SSOPACP1
dpr_orc_prd2 SSOPCMP
dpr_orc_prd2 SSOPCPP
dpr_orc_prd2 SSORTRNCNT
dpr_orc_prd2 SSOUQQP
dpr_orc_prd2 SSPASLP
dpr_orc_prd2 SSPCAPP
dpr_orc_prd2 SSPCHIP
dpr_orc_prd2 SSPCNTP
dpr_orc_prd2 SSPCUSP
dpr_orc_prd2 SSPDTPP
dpr_orc_prd2 SSPEXWP
dpr_orc_prd2 SSPFCLP
dpr_orc_prd2 SSPFMWP
dpr_orc_prd2 SSPFPCP
dpr_orc_prd2 SSPFPCP1
dpr_orc_prd2 SSPFPTP
dpr_orc_prd2 SSPFTBP
dpr_orc_prd2 SSPFULP
dpr_orc_prd2 SSPIDSP
dpr_orc_prd2 SSPIRCP
dpr_orc_prd2 SSPKAJP
dpr_orc_prd2 SSPKAWP
dpr_orc_prd2 SSPKCMP
dpr_orc_prd2 SSPKCMP9
dpr_orc_prd2 SSPKEVP
dpr_orc_prd2 SSPLDRWDWN
dpr_orc_prd2 SSPNICP
dpr_orc_prd2 SSPPRJP
dpr_orc_prd2 SSPRJIP
dpr_orc_prd2 SSPRMGP
dpr_orc_prd2 SSPRTAP
dpr_orc_prd2 SSPTYCP
dpr_orc_prd2 SSPTYGP
dpr_orc_prd2 SSPTYHP
dpr_orc_prd2 SSPTYTP
dpr_orc_prd2 SSRAMGP
dpr_orc_prd2 SSRAUCP
dpr_orc_prd2 SSRCAPP
dpr_orc_prd2 SSRCAPP0
dpr_orc_prd2 SSRCAPP1
dpr_orc_prd2 SSRCAPP2
dpr_orc_prd2 SSRCAPP3
dpr_orc_prd2 SSRCAPP4
dpr_orc_prd2 SSRCAPP7
dpr_orc_prd2 SSRCAPP8
dpr_orc_prd2 SSRCUSP
dpr_orc_prd2 SSREXPP
dpr_orc_prd2 SSRFLSP
dpr_orc_prd2 SSRLNNP
dpr_orc_prd2 SSRLNNP1
dpr_orc_prd2 SSRLNNPM
dpr_orc_prd2 SSRLNPP
dpr_orc_prd2 SSRLNPP1
dpr_orc_prd2 SSRMSTP
dpr_orc_prd2 SSRMSTP1
dpr_orc_prd2 SSRPSDP
dpr_orc_prd2 SSRPSTP
dpr_orc_prd2 SSRPSTPQ
dpr_orc_prd2 SSRPWKP
dpr_orc_prd2 SSRUDCP
dpr_orc_prd2 SSSCCIP
dpr_orc_prd2 SSSCRLP
dpr_orc_prd2 SSSCRLQ4
dpr_orc_prd2 SSSDCPP
dpr_orc_prd2 SSSECHP
dpr_orc_prd2 SSSECHP1
dpr_orc_prd2 SSSECHP2
dpr_orc_prd2 SSSFATP
dpr_orc_prd2 SSSLMTP
dpr_orc_prd2 SSSMANP
dpr_orc_prd2 SSSMBCP
dpr_orc_prd2 SSSMCLP
dpr_orc_prd2 SSSMFIP
dpr_orc_prd2 SSSMLMP
dpr_orc_prd2 SSSMPSP
dpr_orc_prd2 SSSPVAP
dpr_orc_prd2 SSSPVCP
dpr_orc_prd2 SSSPVTP
dpr_orc_prd2 SSSTMRP
dpr_orc_prd2 SSSTMRP1
dpr_orc_prd2 SSSTTCP
dpr_orc_prd2 SSSTTCP1
dpr_orc_prd2 SSSTTCP2
dpr_orc_prd2 SSSTTCPZ
dpr_orc_prd2 SSSTTPP
dpr_orc_prd2 SSTCGSP
dpr_orc_prd2 SSTFNPP
dpr_orc_prd2 SSTIAVP
dpr_orc_prd2 SSTIRJP
dpr_orc_prd2 SSTIRTP
dpr_orc_prd2 SSTLFCP
dpr_orc_prd2 SSTLRCP
dpr_orc_prd2 SSTLRTP
dpr_orc_prd2 SSTNJBP
dpr_orc_prd2 SSTNJBPQ
dpr_orc_prd2 SSTNSTP
dpr_orc_prd2 SSTRBIP
dpr_orc_prd2 SSTRFJP
dpr_orc_prd2 SSTRM1P
dpr_orc_prd2 SSTRM2P
dpr_orc_prd2 SSTRM3P
dpr_orc_prd2 SSTRM4P
dpr_orc_prd2 SSTRM5P
dpr_orc_prd2 SSTRM6P
dpr_orc_prd2 SSTRM7P
dpr_orc_prd2 SSTTINCCN1
dpr_orc_prd2 SSTTINCCNT
dpr_orc_prd2 SSTTONCCN1
dpr_orc_prd2 SSTTONCCNT
dpr_orc_prd2 SSTXCPP
dpr_orc_prd2 SSTXCPPH
dpr_orc_prd2 SSTXTHP
dpr_orc_prd2 SSUCMTP
dpr_orc_prd2 SSULMCP
dpr_orc_prd2 SSUODEP
dpr_orc_prd2 SSUODEP1
dpr_orc_prd2 SSUODEP2
dpr_orc_prd2 SSUSDLP
dpr_orc_prd2 SSUSERP
dpr_orc_prd2 SSVCRPP
dpr_orc_prd2 SSVSKDP
dpr_orc_prd2 SSVSKHP
dpr_orc_prd2 SSWACPP
dpr_orc_prd2 SSWAINP
dpr_orc_prd2 SSWAIWP
dpr_orc_prd2 SSWARJP
dpr_orc_prd2 SSWARRP
dpr_orc_prd2 SSWCCFP
dpr_orc_prd2 SSWCCFP2
dpr_orc_prd2 SSWCMSP
dpr_orc_prd2 SSWCSVP
dpr_orc_prd2 SSWCSVP2
dpr_orc_prd2 SSWOCLP
dpr_orc_prd2 SSWOCLP1
dpr_orc_prd2 SSWOCLP2
dpr_orc_prd2 SSWOMSP
dpr_orc_prd2 SSWONCP
dpr_orc_prd2 SSWORPP
dpr_orc_prd2 SSWTTCP
dpr_orc_prd2 SSXBICP
dpr_orc_prd2 SSXGLMP
dpr_orc_prd2 TCABLHP
dpr_orc_prd2 TCACMSP
dpr_orc_prd2 TCACMSP1
dpr_orc_prd2 TCACMSPA
dpr_orc_prd2 TCACMWP
dpr_orc_prd2 TCACRJP
dpr_orc_prd2 TCACRSP
dpr_orc_prd2 TCACRSPA
dpr_orc_prd2 TCACRXP
dpr_orc_prd2 TCAINSP
dpr_orc_prd2 TCAINSPA
dpr_orc_prd2 TCBCRQP
dpr_orc_prd2 TCBSCPP
dpr_orc_prd2 TCCBPCP
dpr_orc_prd2 TCCBPTP
dpr_orc_prd2 TCCFCPP
dpr_orc_prd2 TCCHGCP
dpr_orc_prd2 TCCRIHP
dpr_orc_prd2 TCCSRQP
dpr_orc_prd2 TCCSRQPF
dpr_orc_prd2 TCINACP
dpr_orc_prd2 TCINACP1
dpr_orc_prd2 TCINACP2
dpr_orc_prd2 TCINCPP
dpr_orc_prd2 TCINRTP
dpr_orc_prd2 TCINSRP
dpr_orc_prd2 TCISACP
dpr_orc_prd2 TCISPCP
dpr_orc_prd2 TCISPCP9
dpr_orc_prd2 TCISTRP
dpr_orc_prd2 TCMAPJP
dpr_orc_prd2 TCMAPSP
dpr_orc_prd2 TCOIACP
dpr_orc_prd2 TCOIACP1
dpr_orc_prd2 TCOIACP2
dpr_orc_prd2 TCPDCPP
dpr_orc_prd2 TCSMCPP
dpr_orc_prd2 TCSPCPP
dpr_orc_prd2 TCSTMTP
dpr_orc_prd2 TCSTMTPPR
dpr_orc_prd2 TCTRNDP
dpr_orc_prd2 TDACADP
dpr_orc_prd2 TDACMSP
dpr_orc_prd2 TDACSDP
dpr_orc_prd2 TDBCRQP
dpr_orc_prd2 TDBSCPP
dpr_orc_prd2 TDCBPCP
dpr_orc_prd2 TDCBPTP
dpr_orc_prd2 TDCSRQP
dpr_orc_prd2 TDCSRQPF
dpr_orc_prd2 TDINT2P
dpr_orc_prd2 TDPDCPP
dpr_orc_prd2 TDPIRCP
dpr_orc_prd2 TDSDMSP
dpr_orc_prd2 TDSDPYP
dpr_orc_prd2 TDSLMDP
dpr_orc_prd2 TDSPCPP
dpr_orc_prd2 TDTRNDP
dpr_orc_prd2 TDTRNEP
dpr_orc_prd2 TDVOFSP
dpr_orc_prd2 TMDLIST
dpr_orc_prd2 TNCRBPP
dpr_orc_prd2 TNCRBPP1
dpr_orc_prd2 TREXTIP
dpr_orc_prd2 TRHUBDP
dpr_orc_prd2 TRHUBIP
dpr_orc_prd2 TRPOCDP
dpr_orc_prd2 TRPOCIP
dpr_orc_prd2 TTERATP
dpr_orc_prd2 TTIRATP
dpr_orc_prd2 TTLDPDP
dpr_orc_prd2 TTPDCTP
dpr_orc_prd2 VT6IEPJP
dpr_orc_prd2 VTACCLP
dpr_orc_prd2 VTCCAPP
dpr_orc_prd2 VTCCTCP
dpr_orc_prd2 VTCLNCP
dpr_orc_prd2 VTCTGCP
dpr_orc_prd2 VTGLPJP
dpr_orc_prd2 VTMCNTP
dpr_orc_prd2 VTPAYCP
dpr_orc_prd2 VTPYHCP
dpr_orc_prd2 VTRAWTP
dpr_orc_prd2 VTRETNP
dpr_orc_prd2 VTSFLCP
dpr_orc_prd2 VTSHRDP
dpr_orc_prd2 VTSHRTP
dpr_orc_prd2 VTSTAAP
dpr_orc_prd2 VTSTATP
dpr_orc_prd2 VTSTEXTP
dpr_orc_prd2 VTSYSCP
dpr_orc_prd2 VTTRNAP
dpr_orc_prd2 VTVCPYP
dpr_orc_prd2 ZUACCTP
dpr_orc_prd2 ZUATCTP
dpr_orc_prd2 ZUBDTFP
dpr_orc_prd2 ZUCAD2P
dpr_orc_prd2 ZUCADRP
dpr_orc_prd2 ZUCAMSP
dpr_orc_prd2 ZUCAMSP1
dpr_orc_prd2 ZUCECPP
dpr_orc_prd2 ZUCEXTP
dpr_orc_prd2 ZUCEXTP1
dpr_orc_prd2 ZUCLCPP
dpr_orc_prd2 ZUCLCYP
dpr_orc_prd2 ZUCOLSP
dpr_orc_prd2 ZUCRPTP
dpr_orc_prd2 ZUCTATP
dpr_orc_prd2 ZUHLDYP
dpr_orc_prd2 IRDLRJP
dpr_orc_prd2 LSIRHFP
dpr_orc_prd2 BAIMGCP
dpr_orc_prd2 DDTNJNP
dpr_orc_prd2 SSENQLP
dpr_orc_prd2 DDDLJNP
dpr_orc_prd2 SSICAJP
dpr_orc_prd2 LP@OGHP
dpr_orc_prd2 CNFDDWPA
dpr_orc_prd2 BAOMGHP
dpr_orc_prd2 BAIMGJP
dpr_orc_prd2 CPMPPXP
dpr_orc_prd2 CSDSPJP
dpr_orc_prd2 CSDSPWP
dpr_orc_prd2 LP@OPHP
dpr_orc_prd2 SSCUWJP
dpr_orc_prd2 SSCUSJP
dpr_orc_prd2 SSINCJP
dpr_orc_prd2 BS@OPHP
dpr_orc_prd2 PBACIJP
dpr_orc_prd2 DDACMJP
dpr_orc_prd2 SSCLMJP
dpr_orc_prd2 CNFDDWMPE
dpr_orc_prd2 CNFDDWPE
dpr_orc_prd2 SSADDJP
dpr_orc_prd2 IBACIJP
dpr_orc_prd2 SS@EFJP
dpr_orc_prd2 HSRDTEP
dpr_orc_prd2 SSCAIJP
dpr_orc_prd2 BS@IPHP
dpr_orc_prd2 HSDINHP
dpr_orc_prd2 HS@DIRHP
dpr_orc_prd2 EBPGRJP
dpr_orc_prd2 DDMSCJP
dpr_orc_prd2 AFASMJP
dpr_orc_prd2 HSDLHSP
dpr_orc_prd2 IBTNJNP
dpr_orc_prd2 EPALMHP
dpr_orc_prd2 IPLNDHP
dpr_orc_prd2 EPBLDHP
dpr_orc_prd2 EBCUSJP
dpr_orc_prd2 TCPMHSP
dpr_orc_prd2 GLACMJP
dpr_orc_prd2 IBURAJP
dpr_orc_prd2 EPDCDHP
dpr_orc_prd2 IBCMBJP
dpr_orc_prd2 LSDLJNP
dpr_orc_prd2 HSRDNJP9
dpr_orc_prd2 SSCLSJP
dpr_orc_prd2 HSACHJP9
dpr_orc_prd2 SS@ABHP
dpr_orc_prd2 SSINRJP
dpr_orc_prd2 IPALMHP
dpr_orc_prd2 IBURSJP
dpr_orc_prd2 LSSHLJP
dpr_orc_prd2 HSRDPJP9
dpr_orc_prd2 TDACMJP
dpr_orc_prd2 SSCHDJP
dpr_orc_prd2 SSCHCJP
dpr_orc_prd2 LSACMJP
dpr_orc_prd2 CNFDDWPD
dpr_orc_prd2 DDMSGJP
dpr_orc_prd2 RXCTHSP
dpr_orc_prd2 PLACMJP
dpr_orc_prd2 HSRDCJP9
dpr_orc_prd2 SSHDJNP
dpr_orc_prd2 PBCFCJP
dpr_orc_prd2 IBACSJP
dpr_orc_prd2 SS@CLHP
dpr_orc_prd2 LP@OGJP
dpr_orc_prd2 PLDLJNP
dpr_orc_prd2 SSPRJJP
dpr_orc_prd2 HD@TNHP
dpr_orc_prd2 LSPRPJP
dpr_orc_prd2 SSEXMJP
dpr_orc_prd2 CPFINJP
dpr_orc_prd2 LP@OPJP
dpr_orc_prd2 SSNICJP
dpr_orc_prd2 IPBLDHP
dpr_orc_prd2 HSRDHJP9
dpr_orc_prd2 CNFDDWPC
dpr_orc_prd2 LSPMHSP
dpr_orc_prd2 BS@OPJP
dpr_orc_prd2 DCACMJP
dpr_orc_prd2 LP@IPJP
dpr_orc_prd2 LP@VAJP
dpr_orc_prd2 SSDFUJP
dpr_orc_prd2 EBPDPJP
dpr_orc_prd2 DDUWIJP
dpr_orc_prd2 EPACMHP
dpr_orc_prd2 HSDBHHP
dpr_orc_prd2 SSBKLJP
dpr_orc_prd2 IBAPJNP
dpr_orc_prd2 EPSADAP
dpr_orc_prd2 DDCQBJP
dpr_orc_prd2 SSUBSTP
dpr_orc_prd2 PLAINJP
dpr_orc_prd2 EPCCMHP
dpr_orc_prd2 EPPCMHP
dpr_orc_prd2 CPFADJP
dpr_orc_prd2 HSCENJP9
dpr_orc_prd2 SSUSRJP
dpr_orc_prd2 HSRDTJP
dpr_orc_prd2 HSRDTJP9
dpr_orc_prd2 IRCBJNP
dpr_orc_prd2 IRDDJNP
dpr_orc_prd2 IRTDJNP
dpr_orc_prd2 ORDLJNP
dpr_orc_prd2 RXDLJNP
dpr_orc_prd2 TDAMIJP
dpr_orc_prd2 TDEALJP
dpr_orc_prd2 EBDCNJP
dpr_orc_prd2 BAIMGHP
dpr_orc_prd2 HSRDNHP
dpr_orc_prd2 TDACMHP
dpr_orc_prd2 EPHITFP
dpr_orc_prd2 HSRDGHP
dpr_orc_prd2 HSRDHHP
dpr_orc_prd2 HSRDPHP
dpr_orc_prd2 HSRDTHP
dpr_orc_prd2 LSRHSLP
dpr_orc_prd2 HSCENHP
dpr_orc_prd2 ADTRANP
dpr_orc_prd2 HSCETHP
dpr_orc_prd2 IBDLIFP
dpr_orc_prd2 HSCEBHP
dpr_orc_prd2 IBDLRJP
dpr_orc_prd2 HSPSTHP
dpr_orc_prd2 HSCEEHP
dpr_orc_prd2 HSCECHP
dpr_orc_prd2 SSVCHPP
dpr_orc_prd2 HSCIUHP
dpr_orc_prd2 SSPFRJP
dpr_orc_prd2 HSTRSNP
dpr_orc_prd2 HSCEVHP
dpr_orc_prd2 SSESTTP
dpr_orc_prd2 LSRHSWP
dpr_orc_prd2 DDIRHFP
dpr_orc_prd2 HETRSNP
dpr_orc_prd2 HD@HOLP
dpr_orc_prd2 DDIAJHP
dpr_orc_prd2 EPBAWAP
dpr_orc_prd2 HSRDTNP1
dpr_orc_prd2 IPBAWAP
dpr_orc_prd2 IPDCWAP
dpr_orc_prd2 IE@TNHDP2
dpr_orc_prd2 SS@SAFEP
dpr_orc_prd2 IE@TNTDP2
dpr_orc_prd2 IRDLIFP
dpr_orc_prd2 DDTNJXP
dpr_orc_prd2 LP@IPHP
dpr_orc_prd2 BASSTNP
dpr_orc_prd2 SS@ELHP
dpr_orc_prd2 AFASTJP
dpr_orc_prd2 SS@ELTP
dpr_orc_prd2 SSCRTRP
dpr_orc_prd2 SS@SAFEP1
dpr_orc_prd2 AFSITJP
dpr_orc_prd2 SS@TMFP1
dpr_orc_prd2 SS@PBOCDP
dpr_orc_prd2 SS@TMFP
dpr_orc_prd2 DD@TNJNP
dpr_orc_prd2 GLTNJNP
dpr_orc_prd2 IETNJNP
dpr_orc_prd2 LSTNJNP
dpr_orc_prd2 PLTNJNP
dpr_orc_prd2 TDTRNJP
dpr_orc_prd2 EBSVJNP
dpr_orc_prd2 EPBLHSP
dpr_orc_prd2 EPDCHSP
dpr_orc_prd2 IPLNHSP
dpr_orc_prd2 IPBLHSP
dpr_orc_prd2 IPDCHSP
dpr_orc_prd2 SSFXCSP
dpr_orc_prd2 HSHLDHP
dpr_orc_prd2 HSSTBJP1
dpr_orc_prd2 HSSTMJP
dpr_orc_prd2 HSSTMJP2
dpr_orc_prd2 HSSTMJPB
dpr_orc_prd2 HSSTBJP
dpr_orc_prd2 HS@SCXP
dpr_orc_prd2 SS@RHJP
dpr_orc_prd2 HSCHRGP
