dpr_orc_prd2 DDSVSTP
dpr_orc_prd2 EOMNLPPM
dpr_orc_prd2 IE@TNJNP
dpr_orc_prd2 BAIMTHP
dpr_orc_prd2 ADIPDJP
dpr_orc_prd2 ADIPHJP
dpr_orc_prd2 ADITMJP
dpr_orc_prd2 ADTICKP0
dpr_orc_prd2 ADTNJMP
dpr_orc_prd2 ADTRAJP
dpr_orc_prd2 AFADMJP
dpr_orc_prd2 AFAFAJP
dpr_orc_prd2 AFAFMJP
dpr_orc_prd2 AFAFTJP
dpr_orc_prd2 AFAFXJP
dpr_orc_prd2 AFAMMJP
dpr_orc_prd2 AFAOTJP
dpr_orc_prd2 AFDBECP
dpr_orc_prd2 AFDBTCP
dpr_orc_prd2 AFDDCJP
dpr_orc_prd2 AFSDMJP
dpr_orc_prd2 AFSGAHP
dpr_orc_prd2 AFSGAJP
dpr_orc_prd2 AFSGCHP
dpr_orc_prd2 AFSGCJP
dpr_orc_prd2 AFSIBJP
dpr_orc_prd2 AFSIMJP
dpr_orc_prd2 AFSITJPH
dpr_orc_prd2 AFSTMJP
dpr_orc_prd2 AFSTMJP1
dpr_orc_prd2 AFSTMJP2
dpr_orc_prd2 AFSTTJP
dpr_orc_prd2 AFTTRFP
dpr_orc_prd2 AI@DALP
dpr_orc_prd2 BAABLJP
dpr_orc_prd2 BAACIHP
dpr_orc_prd2 BAFTCJP
dpr_orc_prd2 BANADJP
dpr_orc_prd2 BAPEQJP
dpr_orc_prd2 BAPSLJP
dpr_orc_prd2 BASAMJP
dpr_orc_prd2 BASATBP
dpr_orc_prd2 BASATNP
dpr_orc_prd2 BASSMJP
dpr_orc_prd2 BS@IPJP
dpr_orc_prd2 CN@PAJP
dpr_orc_prd2 CN@PAOP
dpr_orc_prd2 CNBPEX01JP
dpr_orc_prd2 CNBPEX01P
dpr_orc_prd2 CNBPEX02JP
dpr_orc_prd2 CNBPEX02P
dpr_orc_prd2 CNBPEX03JP
dpr_orc_prd2 CNBPEX03P
dpr_orc_prd2 CNBPEX04JP
dpr_orc_prd2 CNBPEX04P
dpr_orc_prd2 CNBPEX05P
dpr_orc_prd2 CNBPEX09P
dpr_orc_prd2 CNBPEX10P
dpr_orc_prd2 CNBPEX11P
dpr_orc_prd2 CNBPEX21P
dpr_orc_prd2 CNBPEX22P
dpr_orc_prd2 CNBPEX23P
dpr_orc_prd2 CNBPEX24P
dpr_orc_prd2 CNBPEX25P
dpr_orc_prd2 CNBPEX26P
dpr_orc_prd2 CNBPEX6DP
dpr_orc_prd2 CNBPEX6MP
dpr_orc_prd2 CNBPEX7DP
dpr_orc_prd2 CNBPEX7MP
dpr_orc_prd2 CNBPEX8DP
dpr_orc_prd2 CNBPEX8MP
dpr_orc_prd2 CNBPGCP
dpr_orc_prd2 CNBPLGP
dpr_orc_prd2 CNBPSDP
dpr_orc_prd2 CNFDDWPB
dpr_orc_prd2 CNSS49WP
dpr_orc_prd2 CPBAWAP
dpr_orc_prd2 CPCMPHP
dpr_orc_prd2 CPDDSAP
dpr_orc_prd2 CPDDSHP
dpr_orc_prd2 CPDDSHP1
dpr_orc_prd2 CPDDSHQ1
dpr_orc_prd2 CPDDSTP
dpr_orc_prd2 CPEXDCP
dpr_orc_prd2 CPEXDCP1
dpr_orc_prd2 CPEXTCP
dpr_orc_prd2 CPEXTCP1
dpr_orc_prd2 CPFCUJP
dpr_orc_prd2 CPPCBJP
dpr_orc_prd2 CPPDMJP
dpr_orc_prd2 CPTPXDP
dpr_orc_prd2 CPTPXDP1
dpr_orc_prd2 CPTPXDP2
dpr_orc_prd2 CSAAMJP
dpr_orc_prd2 CSCDPTP
dpr_orc_prd2 CSMBCJP
dpr_orc_prd2 DCPLCJP
dpr_orc_prd2 DD@HTAP
dpr_orc_prd2 DD@HTEP
dpr_orc_prd2 DD@HTXP
dpr_orc_prd2 DD@IADJP
dpr_orc_prd2 DD@IAJNP
dpr_orc_prd2 DD@LGTNP
dpr_orc_prd2 DD@SVXP
dpr_orc_prd2 DDCISJP
dpr_orc_prd2 DDCQRJP
dpr_orc_prd2 DDDLJNP0
dpr_orc_prd2 DDDLJNP1
dpr_orc_prd2 DDGMAJP
dpr_orc_prd2 DDGPCJP
dpr_orc_prd2 DDGPOJP
dpr_orc_prd2 DDGSAJP
dpr_orc_prd2 DDIAJHP9
dpr_orc_prd2 DDICIHP
dpr_orc_prd2 DDICMJP
dpr_orc_prd2 DDINSJP
dpr_orc_prd2 DDIRBJP
dpr_orc_prd2 DDIVSJP
dpr_orc_prd2 DDNAAJP
dpr_orc_prd2 DDNADHP
dpr_orc_prd2 DDSADJP
dpr_orc_prd2 DDSAMJP
dpr_orc_prd2 DDSPQJP
dpr_orc_prd2 DDSWMJP
dpr_orc_prd2 DDTNCJP
dpr_orc_prd2 DDTNCLP
dpr_orc_prd2 DDTNWOP
dpr_orc_prd2 DDTNWOPPR
dpr_orc_prd2 EBCUSJPT
dpr_orc_prd2 EBEMMGP
dpr_orc_prd2 EBMHMJP
dpr_orc_prd2 EBPLCJP
dpr_orc_prd2 EBSCCJP
dpr_orc_prd2 EBSVJDP
dpr_orc_prd2 EBSVJNP1
dpr_orc_prd2 EBTRSTP0
dpr_orc_prd2 EBTRSTP1
dpr_orc_prd2 EBTRSTP2
dpr_orc_prd2 EPACMAP
dpr_orc_prd2 EPACMJP
dpr_orc_prd2 EPACMJP1
dpr_orc_prd2 EPALMAP
dpr_orc_prd2 EPALMJP
dpr_orc_prd2 EPALMJP1
dpr_orc_prd2 EPASMJP
dpr_orc_prd2 EPASMJP1
dpr_orc_prd2 EPBAWAP1
dpr_orc_prd2 EPBLDAP
dpr_orc_prd2 EPBLDJP
dpr_orc_prd2 EPBLDJP1
dpr_orc_prd2 EPBLDXP1
dpr_orc_prd2 EPBRMJP
dpr_orc_prd2 EPBTCPP
dpr_orc_prd2 EPCBMAP
dpr_orc_prd2 EPCBMHP
dpr_orc_prd2 EPCBMJP
dpr_orc_prd2 EPCBMJP1
dpr_orc_prd2 EPCBSHP
dpr_orc_prd2 EPCCMJP
dpr_orc_prd2 EPCCMJP1
dpr_orc_prd2 EPDBSHP
dpr_orc_prd2 EPDCDAP
dpr_orc_prd2 EPDCDJP
dpr_orc_prd2 EPDCDJP1
dpr_orc_prd2 EPDCWAP
dpr_orc_prd2 EPDCWAP1
dpr_orc_prd2 EPDTCPP
dpr_orc_prd2 EPECMAP
dpr_orc_prd2 EPECMHP
dpr_orc_prd2 EPECMJP
dpr_orc_prd2 EPECMJP1
dpr_orc_prd2 EPGMSHP
dpr_orc_prd2 EPGMSJP
dpr_orc_prd2 EPGMSJP1
dpr_orc_prd2 EPLTCPP
dpr_orc_prd2 EPOCTNP
dpr_orc_prd2 EPOCTNPN
dpr_orc_prd2 EPODDAP
dpr_orc_prd2 EPODDJP
dpr_orc_prd2 EPPCMAP
dpr_orc_prd2 EPPCMJP
dpr_orc_prd2 EPPCMJP1
dpr_orc_prd2 EPPFMHP
dpr_orc_prd2 EPPODAP
dpr_orc_prd2 EPPODHP
dpr_orc_prd2 EPPODJP
dpr_orc_prd2 EPROAAP
dpr_orc_prd2 EPROAHP
dpr_orc_prd2 EPROAJP
dpr_orc_prd2 EPROAJP1
dpr_orc_prd2 EPSADJP
dpr_orc_prd2 EPSTDAP
dpr_orc_prd2 EPSTDJP
dpr_orc_prd2 EPTICAP
dpr_orc_prd2 EPTICAP1
dpr_orc_prd2 EWCUJNP
dpr_orc_prd2 EWCUJNP9
dpr_orc_prd2 EWETRNP
dpr_orc_prd2 EWHUBEP
dpr_orc_prd2 EWHUBOP
dpr_orc_prd2 EWICCTNHP
dpr_orc_prd2 EWPLTNWP
dpr_orc_prd2 EWTDTNWP
dpr_orc_prd2 GHEPJNPD
dpr_orc_prd2 GHIETNP1
dpr_orc_prd2 GHIETNP9
dpr_orc_prd2 GHIPJNPD
dpr_orc_prd2 GHTNJNP
dpr_orc_prd2 GHTNJNP1
dpr_orc_prd2 GHTNJNP5
dpr_orc_prd2 GHTNJNP6
dpr_orc_prd2 GHTNJNP9
dpr_orc_prd2 GHTNJNPA
dpr_orc_prd2 GHTNJNPD9
dpr_orc_prd2 GLASMJP
dpr_orc_prd2 GLSAMJP
dpr_orc_prd2 GLSASJP
dpr_orc_prd2 GXCTLJP
dpr_orc_prd2 GXGRCJP
dpr_orc_prd2 GXMMTBP
dpr_orc_prd2 HD@MKVP
dpr_orc_prd2 HD@RXJP
dpr_orc_prd2 HD@TNJP
dpr_orc_prd2 HEIIMNP
dpr_orc_prd2 HEMGEHP
dpr_orc_prd2 HEMHMJP
dpr_orc_prd2 HFCYCJP
dpr_orc_prd2 HFCYEJP
dpr_orc_prd2 HFCYRJP
dpr_orc_prd2 HFERTJP
dpr_orc_prd2 HFEXUJP
dpr_orc_prd2 HFTFRHP
dpr_orc_prd2 HS@MPJP
dpr_orc_prd2 HS@QMJP
dpr_orc_prd2 HS@RMXP
dpr_orc_prd2 HS@SAFP
dpr_orc_prd2 HS@STJP
dpr_orc_prd2 HS@STTP
dpr_orc_prd2 HSAASJP
dpr_orc_prd2 HSACAJL11
dpr_orc_prd2 HSACAJP
dpr_orc_prd2 HSACATP
dpr_orc_prd2 HSACHJP
dpr_orc_prd2 HSACMJP
dpr_orc_prd2 HSACRJP
dpr_orc_prd2 HSAGLJP
dpr_orc_prd2 HSAGNJP
dpr_orc_prd2 HSAHCJP
dpr_orc_prd2 HSAMCJP
dpr_orc_prd2 HSAOAJP
dpr_orc_prd2 HSAOSJP
dpr_orc_prd2 HSAPYJP
dpr_orc_prd2 HSASAJP
dpr_orc_prd2 HSASTJP
dpr_orc_prd2 HSAVCJP
dpr_orc_prd2 HSAVDJP
dpr_orc_prd2 HSAVPJP
dpr_orc_prd2 HSBAMJP
dpr_orc_prd2 HSBCHJP
dpr_orc_prd2 HSBCRJP
dpr_orc_prd2 HSBCVJP
dpr_orc_prd2 HSBDRJP
dpr_orc_prd2 HSBSRJP
dpr_orc_prd2 HSBTCHP
dpr_orc_prd2 HSBTCJP
dpr_orc_prd2 HSBTCLP
dpr_orc_prd2 HSBTDHP
dpr_orc_prd2 HSBTDJP
dpr_orc_prd2 HSBTDTP
dpr_orc_prd2 HSBWAJP
dpr_orc_prd2 HSCCHTP
dpr_orc_prd2 HSCDCJP
dpr_orc_prd2 HSCDFJP
dpr_orc_prd2 HSCDSJP
dpr_orc_prd2 HSCEBJP
dpr_orc_prd2 HSCECJP
dpr_orc_prd2 HSCEDHP
dpr_orc_prd2 HSCEDJP
dpr_orc_prd2 HSCEEJP
dpr_orc_prd2 HSCEKJP
dpr_orc_prd2 HSCENJP
dpr_orc_prd2 HSCEQJP
dpr_orc_prd2 HSCERHP
dpr_orc_prd2 HSCERJP
dpr_orc_prd2 HSCESJP
dpr_orc_prd2 HSCETJP
dpr_orc_prd2 HSCEUJP
dpr_orc_prd2 HSCEVHP1
dpr_orc_prd2 HSCEVJP
dpr_orc_prd2 HSCEXJP
dpr_orc_prd2 HSCEYJP
dpr_orc_prd2 HSCGALP1
dpr_orc_prd2 HSCGBHP
dpr_orc_prd2 HSCGLJP
dpr_orc_prd2 HSCGSJP
dpr_orc_prd2 HSCHRJP
dpr_orc_prd2 HSCPAJP
dpr_orc_prd2 HSCPMJP
dpr_orc_prd2 HSCPPJP
dpr_orc_prd2 HSCPSJP
dpr_orc_prd2 HSCPTJP
dpr_orc_prd2 HSCUSJP
dpr_orc_prd2 HSDBHHP1
dpr_orc_prd2 HSDIHCP1
dpr_orc_prd2 HSDIHDP
dpr_orc_prd2 HSDINHP1
dpr_orc_prd2 HSDITHP1
dpr_orc_prd2 HSDIXHP
dpr_orc_prd2 HSDLHSP1
dpr_orc_prd2 HSDOHCP
dpr_orc_prd2 HSDOHDP
dpr_orc_prd2 HSDOTHP1
dpr_orc_prd2 HSDPTJP
dpr_orc_prd2 HSESNJP
dpr_orc_prd2 HSESPHP
dpr_orc_prd2 HSEVTHP
dpr_orc_prd2 HSEVTJP
dpr_orc_prd2 HSEXMJP
dpr_orc_prd2 HSGRMJP
dpr_orc_prd2 HSINFJP
dpr_orc_prd2 HSINSJP
dpr_orc_prd2 HSLKCTP
dpr_orc_prd2 HSLKTHP
dpr_orc_prd2 HSLKTJP
dpr_orc_prd2 HSLKTNP
dpr_orc_prd2 HSLKTNP1
dpr_orc_prd2 HSLOCJP
dpr_orc_prd2 HSLOHJP
dpr_orc_prd2 HSMSSJP
dpr_orc_prd2 HSNSCHP
dpr_orc_prd2 HSNSCJP
dpr_orc_prd2 HSNSCPP
dpr_orc_prd2 HSNSDJP
dpr_orc_prd2 HSODCJP
dpr_orc_prd2 HSPAPJP
dpr_orc_prd2 HSPRSJP
dpr_orc_prd2 HSPSHDP
dpr_orc_prd2 HSPSHDP1
dpr_orc_prd2 HSPSHHP
dpr_orc_prd2 HSPSHJP
dpr_orc_prd2 HSPSNAP
dpr_orc_prd2 HSPSNHP
dpr_orc_prd2 HSPSNJP
dpr_orc_prd2 HSPSNVP
dpr_orc_prd2 HSPSTHP1
dpr_orc_prd2 HSPSTJP
dpr_orc_prd2 HSPSTNP
dpr_orc_prd2 HSPSTNP1
dpr_orc_prd2 HSPSTNP2
dpr_orc_prd2 HSPSTNPB
dpr_orc_prd2 HSPTCJP
dpr_orc_prd2 HSPXSJP
dpr_orc_prd2 HSRCLKP
dpr_orc_prd2 HSRDCHP
dpr_orc_prd2 HSRDCJP
dpr_orc_prd2 HSRDCTP
dpr_orc_prd2 HSRDGHP1
dpr_orc_prd2 HSRDHDP
dpr_orc_prd2 HSRDHDP1
dpr_orc_prd2 HSRDHHP1
dpr_orc_prd2 HSRDHJP
dpr_orc_prd2 HSRDNAP
dpr_orc_prd2 HSRDNHP1
dpr_orc_prd2 HSRDNJP
dpr_orc_prd2 HSRDNVP
dpr_orc_prd2 HSRDPHP1
dpr_orc_prd2 HSRDPJP
dpr_orc_prd2 HSRDPYP
dpr_orc_prd2 HSRDPYP1
dpr_orc_prd2 HSRDTEP9
dpr_orc_prd2 HSRDTHP1
dpr_orc_prd2 HSRDTHPB
dpr_orc_prd2 HSRDTHPGIB
dpr_orc_prd2 HSRDTNP
dpr_orc_prd2 HSRDTNP2
dpr_orc_prd2 HSRDTNP9
dpr_orc_prd2 HSRDTNPB
dpr_orc_prd2 HSRDWJP
dpr_orc_prd2 HSREGJP
dpr_orc_prd2 HSRGBHP
dpr_orc_prd2 HSRGBJP
dpr_orc_prd2 HSRGCJP
dpr_orc_prd2 HSRGDHP
dpr_orc_prd2 HSRGDJP
dpr_orc_prd2 HSRGGHP
dpr_orc_prd2 HSRGHHP
dpr_orc_prd2 HSRGHJP
dpr_orc_prd2 HSRGNHP
dpr_orc_prd2 HSRGNJP
dpr_orc_prd2 HSRGNVP
dpr_orc_prd2 HSRGTHP
dpr_orc_prd2 HSRGTJP
dpr_orc_prd2 HSRGTNP
dpr_orc_prd2 HSRGTNP1
dpr_orc_prd2 HSRGTNP2
dpr_orc_prd2 HSRGTNP3
dpr_orc_prd2 HSRNAJP
dpr_orc_prd2 HSRNCJP
dpr_orc_prd2 HSSCAJP
dpr_orc_prd2 HSSCIJP
dpr_orc_prd2 HSSCMJP
dpr_orc_prd2 HSSCPHP
dpr_orc_prd2 HSSCPJP
dpr_orc_prd2 HSSCTJP
dpr_orc_prd2 HSSEGJP
dpr_orc_prd2 HSSFAJP
dpr_orc_prd2 HSSFLJP
dpr_orc_prd2 HSSFMJP
dpr_orc_prd2 HSSFRJP
dpr_orc_prd2 HSSHAJP
dpr_orc_prd2 HSSINJP
dpr_orc_prd2 HSSRCJP
dpr_orc_prd2 HSSRMJP
dpr_orc_prd2 HSSTCJP
dpr_orc_prd2 HSSTPJP
dpr_orc_prd2 HSSTRJP
dpr_orc_prd2 HSSTSJP
dpr_orc_prd2 HSSWTJP
dpr_orc_prd2 HSSYTJP
dpr_orc_prd2 HSTSFLP
dpr_orc_prd2 HSTSTCP
dpr_orc_prd2 HSTSTJP
dpr_orc_prd2 HSTXBJP
dpr_orc_prd2 HSUNTJP
dpr_orc_prd2 HSUPLHP
dpr_orc_prd2 HSUPRHP
dpr_orc_prd2 HSUPRJP
dpr_orc_prd2 HSUTCJP
dpr_orc_prd2 HSWHTJP
dpr_orc_prd2 HSZCBJP
dpr_orc_prd2 HSZMSJP
dpr_orc_prd2 HSZPSTP1
dpr_orc_prd2 HSZRDTP1
dpr_orc_prd2 HSZRGTP1
dpr_orc_prd2 HTCBBJP
dpr_orc_prd2 HTONCHP
dpr_orc_prd2 HTONEHP
dpr_orc_prd2 HTTLMJP
dpr_orc_prd2 HTTREUP
dpr_orc_prd2 HTTREXP
dpr_orc_prd2 IB2TPJP
dpr_orc_prd2 IBCARJP
dpr_orc_prd2 IBCAUJP
dpr_orc_prd2 IBCSJNP
dpr_orc_prd2 IBDCUJP
dpr_orc_prd2 IBERRJP
dpr_orc_prd2 IBHRSJP
dpr_orc_prd2 IBKYAJP
dpr_orc_prd2 IBKYCJP
dpr_orc_prd2 IBMSGJP
dpr_orc_prd2 IBOTPJP
dpr_orc_prd2 IBPAJNP
dpr_orc_prd2 IBSMAJP
dpr_orc_prd2 IBTKCJP
dpr_orc_prd2 IBTNJNP1
dpr_orc_prd2 IE@TREUP
dpr_orc_prd2 IECCSJP
dpr_orc_prd2 IECMSJP
dpr_orc_prd2 IEPDIJP
dpr_orc_prd2 IEPPJNPG
dpr_orc_prd2 IESAMJP
dpr_orc_prd2 IPACMAP
dpr_orc_prd2 IPACMHP
dpr_orc_prd2 IPALMAP
dpr_orc_prd2 IPALMJP
dpr_orc_prd2 IPALMJP1
dpr_orc_prd2 IPAPMJP
dpr_orc_prd2 IPBAWAP1
dpr_orc_prd2 IPBLDAP
dpr_orc_prd2 IPBLDJP
dpr_orc_prd2 IPBLDJP1
dpr_orc_prd2 IPBLDXP1
dpr_orc_prd2 IPBTCPP
dpr_orc_prd2 IPCAMAP
dpr_orc_prd2 IPCAMHP
dpr_orc_prd2 IPCAMJP
dpr_orc_prd2 IPCAMJP1
dpr_orc_prd2 IPCCMAP
dpr_orc_prd2 IPCCMHP
dpr_orc_prd2 IPCCMJP
dpr_orc_prd2 IPCCMJP1
dpr_orc_prd2 IPDBSHP
dpr_orc_prd2 IPDCDAP
dpr_orc_prd2 IPDCDHP
dpr_orc_prd2 IPDCMJP
dpr_orc_prd2 IPDCWAP1
dpr_orc_prd2 IPDTCPP
dpr_orc_prd2 IPEDIBOP
dpr_orc_prd2 IPEDICOP
dpr_orc_prd2 IPEDIDOP
dpr_orc_prd2 IPEDISOP
dpr_orc_prd2 IPHEXDP
dpr_orc_prd2 IPIAHPP
dpr_orc_prd2 IPLNDJP
dpr_orc_prd2 IPLNDJP1
dpr_orc_prd2 IPLNDJP2
dpr_orc_prd2 IPOCTNP
dpr_orc_prd2 IPPCMAP
dpr_orc_prd2 IPPCMHP
dpr_orc_prd2 IPPCMJP
dpr_orc_prd2 IPPCMJP1
dpr_orc_prd2 IPSGDAP
dpr_orc_prd2 IPSGDHP
dpr_orc_prd2 IPSGDJP
dpr_orc_prd2 IPSGDJP1
dpr_orc_prd2 IPSTCPP
dpr_orc_prd2 IPTATPP
dpr_orc_prd2 IPTICAP
dpr_orc_prd2 IPTICAP1
dpr_orc_prd2 IRHIMJP
dpr_orc_prd2 IRRDMJP
dpr_orc_prd2 IRSRMJP
dpr_orc_prd2 IRSTMJP
dpr_orc_prd2 ITEDDHP
dpr_orc_prd2 ITFULHP
dpr_orc_prd2 ITFULSP
dpr_orc_prd2 LDMSDJP
dpr_orc_prd2 LDSYCJP
dpr_orc_prd2 LP@BKJP
dpr_orc_prd2 LP@IBSIP
dpr_orc_prd2 LP@IBSOP
dpr_orc_prd2 LP@IPJFP
dpr_orc_prd2 LP@RBJP
dpr_orc_prd2 LP@VAMP
dpr_orc_prd2 LSBOFHP
dpr_orc_prd2 LSCRIHP
dpr_orc_prd2 LSEHSLP
dpr_orc_prd2 LSEXAJP
dpr_orc_prd2 LSIOFHP
dpr_orc_prd2 LSIRBJP
dpr_orc_prd2 LSLPHSP
dpr_orc_prd2 LSRHUJP
dpr_orc_prd2 LSTNWOP
dpr_orc_prd2 MFHUBTR
dpr_orc_prd2 MGCBGCP
dpr_orc_prd2 MKCCRJP
dpr_orc_prd2 MKCCRJP1
dpr_orc_prd2 MKCRDJP
dpr_orc_prd2 MKCRDJP1
dpr_orc_prd2 MKTDMHQ1
dpr_orc_prd2 ORBRMJP
dpr_orc_prd2 ORCBRJP
dpr_orc_prd2 ORCTCJP
dpr_orc_prd2 ORCVDJP
dpr_orc_prd2 ORDAFHP
dpr_orc_prd2 ORDLAJP
dpr_orc_prd2 ORGSMJP
dpr_orc_prd2 ORRCCJP
dpr_orc_prd2 ORSCMJP
dpr_orc_prd2 ORTCQCP
dpr_orc_prd2 ORTCQCP1
dpr_orc_prd2 ORTCQTP
dpr_orc_prd2 ORUCMJP
dpr_orc_prd2 PBCENJP
dpr_orc_prd2 PBCRIJP
dpr_orc_prd2 PBETIJP
dpr_orc_prd2 PBVQCJP
dpr_orc_prd2 PHACMJP
dpr_orc_prd2 PHCUSJP
dpr_orc_prd2 PLCDSJP
dpr_orc_prd2 PLCUDJP
dpr_orc_prd2 PLMSGJP
dpr_orc_prd2 RSBKEJP
dpr_orc_prd2 RSBKIAP
dpr_orc_prd2 RSBKIHP
dpr_orc_prd2 RSBKIJP
dpr_orc_prd2 RSBKIJP1
dpr_orc_prd2 RSBSSHP
dpr_orc_prd2 RSDACJP
dpr_orc_prd2 RSDCTJP
dpr_orc_prd2 RSDTRJP
dpr_orc_prd2 RSIRMHP
dpr_orc_prd2 RSIRMHP1
dpr_orc_prd2 RSPSRJP
dpr_orc_prd2 RSPSRJP2
dpr_orc_prd2 RSSHCJP
dpr_orc_prd2 RSSYTJP
dpr_orc_prd2 RSTCTJP
dpr_orc_prd2 RSTHCJP
dpr_orc_prd2 RSTTLGP
dpr_orc_prd2 RSTTLGP1
dpr_orc_prd2 RXACMJP
dpr_orc_prd2 RXADPRP
dpr_orc_prd2 RXFWDJP
dpr_orc_prd2 RXSMCJP
dpr_orc_prd2 SGSIGJP
dpr_orc_prd2 SGSIGJP1
dpr_orc_prd2 SS@EMJP
dpr_orc_prd2 SS@EPJP
dpr_orc_prd2 SS@ESJP
dpr_orc_prd2 SS@PTHP
dpr_orc_prd2 SS@SAFEP0
dpr_orc_prd2 SS@SAFEP9
dpr_orc_prd2 SS@SAFJP
dpr_orc_prd2 SS@TXHP
dpr_orc_prd2 SS@UCDTP
dpr_orc_prd2 SS@WTFP
dpr_orc_prd2 SSACEXP0
dpr_orc_prd2 SSACEXP1
dpr_orc_prd2 SSACEXP2
dpr_orc_prd2 SSACEXP9
dpr_orc_prd2 SSADCJP
dpr_orc_prd2 SSADDJPG
dpr_orc_prd2 SSAGAJP
dpr_orc_prd2 SSALSFP
dpr_orc_prd2 SSALSJP
dpr_orc_prd2 SSASLJP
dpr_orc_prd2 SSATBCP
dpr_orc_prd2 SSATDPP
dpr_orc_prd2 SSBKLJP2
dpr_orc_prd2 SSBKLJPG
dpr_orc_prd2 SSBLCJP
dpr_orc_prd2 SSCBAJP
dpr_orc_prd2 SSCBCJP
dpr_orc_prd2 SSCBHJP
dpr_orc_prd2 SSCBKJP
dpr_orc_prd2 SSCBLJP
dpr_orc_prd2 SSCBNJP
dpr_orc_prd2 SSCBPJP
dpr_orc_prd2 SSCCFJP
dpr_orc_prd2 SSCDTJP
dpr_orc_prd2 SSCFADP
dpr_orc_prd2 SSCHGJP
dpr_orc_prd2 SSCHPJP
dpr_orc_prd2 SSCHTJP
dpr_orc_prd2 SSCLAJP
dpr_orc_prd2 SSCPUHP
dpr_orc_prd2 SSCPUTP
dpr_orc_prd2 SSCRCEP
dpr_orc_prd2 SSCRTEP
dpr_orc_prd2 SSCRTYP
dpr_orc_prd2 SSCRWTP
dpr_orc_prd2 SSCSAJP
dpr_orc_prd2 SSCTMHP1
dpr_orc_prd2 SSDATEP
dpr_orc_prd2 SSEIAJP
dpr_orc_prd2 SSERTJP
dpr_orc_prd2 SSESTTP9
dpr_orc_prd2 SSFBCJP
dpr_orc_prd2 SSFCCJP
dpr_orc_prd2 SSFNMJP
dpr_orc_prd2 SSGPBJP
dpr_orc_prd2 SSGPNJP
dpr_orc_prd2 SSGPRJP
dpr_orc_prd2 SSHDYJP
dpr_orc_prd2 SSIFXJP
dpr_orc_prd2 SSIGAJP
dpr_orc_prd2 SSINMJP
dpr_orc_prd2 SSJAEJP
dpr_orc_prd2 SSLGNJP
dpr_orc_prd2 SSLGRJP
dpr_orc_prd2 SSLIAJP
dpr_orc_prd2 SSNARJP
dpr_orc_prd2 SSNBTCP
dpr_orc_prd2 SSNBTDP
dpr_orc_prd2 SSNBTSP
dpr_orc_prd2 SSNHCLP
dpr_orc_prd2 SSNHPBP
dpr_orc_prd2 SSNICJP1
dpr_orc_prd2 SSNICJP2
dpr_orc_prd2 SSNICJP5
dpr_orc_prd2 SSNICJPG
dpr_orc_prd2 SSOFFJP
dpr_orc_prd2 SSOFFRP
dpr_orc_prd2 SSPFTJP
dpr_orc_prd2 SSPIRHP
dpr_orc_prd2 SSPIRJP
dpr_orc_prd2 SSPKAJP1
dpr_orc_prd2 SSPRMJP
dpr_orc_prd2 SSRAUJP
dpr_orc_prd2 SSRCUJP
dpr_orc_prd2 SSRTRCP
dpr_orc_prd2 SSSCCJP
dpr_orc_prd2 SSSCRJP
dpr_orc_prd2 SSSMCJP
dpr_orc_prd2 SSSMLJP
dpr_orc_prd2 SSSTCJP
dpr_orc_prd2 SSSTDPP
dpr_orc_prd2 SSSTPJP
dpr_orc_prd2 SSTICAPQ
dpr_orc_prd2 SSTNJIP
dpr_orc_prd2 SSTNJNP
dpr_orc_prd2 SSTNSTP1
dpr_orc_prd2 SSTRBBP
dpr_orc_prd2 SSTREUP
dpr_orc_prd2 SSTREUP0
dpr_orc_prd2 SSTREUP1
dpr_orc_prd2 SSTREUP2
dpr_orc_prd2 SSTREXP0
dpr_orc_prd2 SSTREXP1
dpr_orc_prd2 SSVJEDP
dpr_orc_prd2 SSWAIJP
dpr_orc_prd2 SSXBCFP
dpr_orc_prd2 SSXBCFP1
dpr_orc_prd2 SSXBTTP
dpr_orc_prd2 TD@CBMFP
dpr_orc_prd2 TD@CBPCP
dpr_orc_prd2 TDMSGJP
dpr_orc_prd2 TDPIRJP
dpr_orc_prd2 TDSDMJP
dpr_orc_prd2 TDSLMHP
dpr_orc_prd2 TDSLMJP
dpr_orc_prd2 TRHUBEP
dpr_orc_prd2 TRHUBOP
dpr_orc_prd2 VTSTAJP
dpr_orc_prd2 VTSTLMP
dpr_orc_prd2 VTSTMHP
dpr_orc_prd2 VTTRLMP
dpr_orc_prd2 VTTRMHP
dpr_orc_prd2 VTTRNJP
dpr_orc_prd2 ZUCECJP
dpr_orc_prd2 ZUCLCJP
dpr_orc_prd3 AC418GP
dpr_orc_prd3 AC419GP
dpr_orc_prd3 ACACMAP
dpr_orc_prd3 ACACMHP
dpr_orc_prd3 ACACTAP
dpr_orc_prd3 ACACTGP
dpr_orc_prd3 ACCMALP
dpr_orc_prd3 ACCMMAP
dpr_orc_prd3 ACCMMHP
dpr_orc_prd3 ACDDSPP
dpr_orc_prd3 ACDDSRP
dpr_orc_prd3 ACDFSTP
dpr_orc_prd3 ACJBSTP
dpr_orc_prd3 ACONAEP
dpr_orc_prd3 ACONCHP
dpr_orc_prd3 ACONCTP
dpr_orc_prd3 ACONCWP
dpr_orc_prd3 ACONDTP
dpr_orc_prd3 ACONDWP
dpr_orc_prd3 ACONJTP
dpr_orc_prd3 ACPCMAP
dpr_orc_prd3 ACPCMHP
dpr_orc_prd3 ACPCTRP
dpr_orc_prd3 ACPDRDP
dpr_orc_prd3 ACPDRGP
dpr_orc_prd3 ACPDRGP#1
dpr_orc_prd3 ACRACEP0
dpr_orc_prd3 ACRACEP1
dpr_orc_prd3 ACRACEP2
dpr_orc_prd3 ACRACEP3
dpr_orc_prd3 ACRACEP4
dpr_orc_prd3 ACRACEP5
dpr_orc_prd3 ACRACEP6
dpr_orc_prd3 ACRACEP7
dpr_orc_prd3 ACRACEP8
dpr_orc_prd3 ACRACEP9
dpr_orc_prd3 ACSAIMP
dpr_orc_prd3 AEAMTDP
dpr_orc_prd3 AEEXBRP
dpr_orc_prd3 AEEXSTP
dpr_orc_prd3 AESATRP
dpr_orc_prd3 AESLCGP
dpr_orc_prd3 AESQLPP
dpr_orc_prd3 AESTBKP
dpr_orc_prd3 AESTEXP
dpr_orc_prd3 AESTGCP
dpr_orc_prd3 AESTYMP
dpr_orc_prd3 AEXCTPP
dpr_orc_prd3 AM@LAFP6
dpr_orc_prd3 AM@LAFP7
dpr_orc_prd3 AMLMPMNMCP
dpr_orc_prd3 AMLMPMZCPP
dpr_orc_prd3 APRTCLP
dpr_orc_prd3 APRTCLP1
dpr_orc_prd3 APRTCLPC
dpr_orc_prd3 APRTTPP
dpr_orc_prd3 BRBKAGP
dpr_orc_prd3 BRBKBAP
dpr_orc_prd3 BRBKDGP
dpr_orc_prd3 BRBKDPP
dpr_orc_prd3 BRBKHSP
dpr_orc_prd3 BRBKHSP9
dpr_orc_prd3 BRBKPDP
dpr_orc_prd3 BRBKREP
dpr_orc_prd3 BRBKRPP
dpr_orc_prd3 BRBKRTP
dpr_orc_prd3 BRBKSTP
dpr_orc_prd3 BRBKTBP
dpr_orc_prd3 BRBRCPP
dpr_orc_prd3 BRFUCTP
dpr_orc_prd3 BRFUEQP
dpr_orc_prd3 BRFUEQP1
dpr_orc_prd3 BRGVUPP
dpr_orc_prd3 BRSTPHP
dpr_orc_prd3 BRSYPMP
dpr_orc_prd3 CBEXTTP
dpr_orc_prd3 CBPDTMP
dpr_orc_prd3 CECRRCP
dpr_orc_prd3 CECRRHP
dpr_orc_prd3 CECRRIP
dpr_orc_prd3 CECRRVP
dpr_orc_prd3 CECRSCP
dpr_orc_prd3 CECRSHP
dpr_orc_prd3 CECRSIP
dpr_orc_prd3 CECRSVP
dpr_orc_prd3 CEILDCP
dpr_orc_prd3 CEILDHP
dpr_orc_prd3 CEILDIP
dpr_orc_prd3 CEILDVP
dpr_orc_prd3 CEIRMCP
dpr_orc_prd3 CEIRMHP
dpr_orc_prd3 CEIRMIP
dpr_orc_prd3 CEIRMVP
dpr_orc_prd3 CEIRPCP
dpr_orc_prd3 CEIRPHP
dpr_orc_prd3 CEIRPIP
dpr_orc_prd3 CEIRPVP
dpr_orc_prd3 CEPXCLP
dpr_orc_prd3 CEPXCRP
dpr_orc_prd3 CESIRCP
dpr_orc_prd3 CESIRHP
dpr_orc_prd3 CESIRIP
dpr_orc_prd3 CESIRVP
dpr_orc_prd3 CFBLOTP
dpr_orc_prd3 CFCLSDP
dpr_orc_prd3 CFLADDP
dpr_orc_prd3 CFLADDP1
dpr_orc_prd3 CFLADDP2
dpr_orc_prd3 CFNOSCP
dpr_orc_prd3 CFONRDP
dpr_orc_prd3 CFTDPSP
dpr_orc_prd3 CIBLOTP1
dpr_orc_prd3 CICFDFP
dpr_orc_prd3 CICFDLP
dpr_orc_prd3 CICFIDP
dpr_orc_prd3 CICMSFP
dpr_orc_prd3 CICPDLP
dpr_orc_prd3 CIDLCIP
dpr_orc_prd3 CIFLOPP
dpr_orc_prd3 CIFXCLP
dpr_orc_prd3 CIFXDHP
dpr_orc_prd3 CIFXDLP
dpr_orc_prd3 CIFXDLPH
dpr_orc_prd3 CIFXHHP
dpr_orc_prd3 CIFXHRP
dpr_orc_prd3 CIFXHRPH
dpr_orc_prd3 CIFXHSP
dpr_orc_prd3 CIFXHSPH
dpr_orc_prd3 CIFXMRP
dpr_orc_prd3 CIFXRHP
dpr_orc_prd3 CIFXSFP
dpr_orc_prd3 CIFXSFPH
dpr_orc_prd3 CIFXSHP
dpr_orc_prd3 CIFXTTP
dpr_orc_prd3 CILFDCP
dpr_orc_prd3 CILFDCP1
dpr_orc_prd3 CILFDDP1
dpr_orc_prd3 CILFPOP
dpr_orc_prd3 CILTRCP
dpr_orc_prd3 CILTRDP
dpr_orc_prd3 CINSHDP
dpr_orc_prd3 CIP101
dpr_orc_prd3 CIPINCP2
dpr_orc_prd3 CIRINCP
dpr_orc_prd3 CIRPTGP
dpr_orc_prd3 CIRPTGP1
dpr_orc_prd3 CISFRTP
dpr_orc_prd3 CISKPCP
dpr_orc_prd3 CISSWPP
dpr_orc_prd3 CISWAPP
dpr_orc_prd3 CISWCLP
dpr_orc_prd3 CISWTCP
dpr_orc_prd3 CISWTCP1
dpr_orc_prd3 CISZNIP
dpr_orc_prd3 CITXLTP
dpr_orc_prd3 CIZCNIP
dpr_orc_prd3 CKBLOTP
dpr_orc_prd3 CKBLOTP1
dpr_orc_prd3 CKBLOTP2
dpr_orc_prd3 CKBLOTP3
dpr_orc_prd3 CKBLOTP5
dpr_orc_prd3 CKBLOTP6
dpr_orc_prd3 CKBLOTP9
dpr_orc_prd3 CKBLOTPW
dpr_orc_prd3 CKBSKTP
dpr_orc_prd3 CKCDAJPY
dpr_orc_prd3 CKCDAUP
dpr_orc_prd3 CKCMTMP
dpr_orc_prd3 CKCPAGP
dpr_orc_prd3 CKCPCWP
dpr_orc_prd3 CKCPIWP
dpr_orc_prd3 CKCPTDP
dpr_orc_prd3 CKCRAJP
dpr_orc_prd3 CKCRAJP1
dpr_orc_prd3 CKCRAJPY
dpr_orc_prd3 CKCRBTP
dpr_orc_prd3 CKCRCAP
dpr_orc_prd3 CKCRCHP
dpr_orc_prd3 CKCRCPP
dpr_orc_prd3 CKCRMOP
dpr_orc_prd3 CKCRSBP
dpr_orc_prd3 CKCWTBP
dpr_orc_prd3 CKCYWTP
dpr_orc_prd3 CKDLAJPY
dpr_orc_prd3 CKDSLDP
dpr_orc_prd3 CKDSNCP
dpr_orc_prd3 CKEXCPP
dpr_orc_prd3 CKEXCPP1
dpr_orc_prd3 CKEXCPPT
dpr_orc_prd3 CKEXCPPY
dpr_orc_prd3 CKEXPDP
dpr_orc_prd3 CKEXPHP
dpr_orc_prd3 CKEXPLP
dpr_orc_prd3 CKEXPLPY
dpr_orc_prd3 CKFECLP
dpr_orc_prd3 CKFESCP
dpr_orc_prd3 CKFEXJPT
dpr_orc_prd3 CKGHCLP
dpr_orc_prd3 CKGLALP
dpr_orc_prd3 CKGLECP
dpr_orc_prd3 CKGLEDP
dpr_orc_prd3 CKGLEXP
dpr_orc_prd3 CKGLFBP
dpr_orc_prd3 CKGLFBPD
dpr_orc_prd3 CKGLFBPN
dpr_orc_prd3 CKGLFBPY
dpr_orc_prd3 CKGLFDPN
dpr_orc_prd3 CKGLFOPD
dpr_orc_prd3 CKGLFSP
dpr_orc_prd3 CKGLFSPD
dpr_orc_prd3 CKGLFSPN
dpr_orc_prd3 CKGLFSPY
dpr_orc_prd3 CKGLHCP
dpr_orc_prd3 CKGLHDP
dpr_orc_prd3 CKGLICP
dpr_orc_prd3 CKGLIDP
dpr_orc_prd3 CKGLKCP
dpr_orc_prd3 CKGLKDP
dpr_orc_prd3 CKGLMAP
dpr_orc_prd3 CKGLMCP
dpr_orc_prd3 CKGLMDP
dpr_orc_prd3 CKGLOCP
dpr_orc_prd3 CKGLODP
dpr_orc_prd3 CKGLOGP
dpr_orc_prd3 CKGLTCP
dpr_orc_prd3 CKGLTDP
dpr_orc_prd3 CKGLUCP
dpr_orc_prd3 CKGLUDP
dpr_orc_prd3 CKGLXPP
dpr_orc_prd3 CKGRLMP
dpr_orc_prd3 CKGSTDP
dpr_orc_prd3 CKGSTLP
dpr_orc_prd3 CKHDLSP
dpr_orc_prd3 CKINFCP
dpr_orc_prd3 CKIRACP
dpr_orc_prd3 CKIRDCP
dpr_orc_prd3 CKIRECP
dpr_orc_prd3 CKIRGCP
dpr_orc_prd3 CKIRHCP
dpr_orc_prd3 CKIRSPP
dpr_orc_prd3 CKLMCGP
dpr_orc_prd3 CKMAAGP
dpr_orc_prd3 CKMADAP
dpr_orc_prd3 CKMADHP
dpr_orc_prd3 CKMADLP
dpr_orc_prd3 CKMAHAP
dpr_orc_prd3 CKMAHDP
dpr_orc_prd3 CKMAHHP
dpr_orc_prd3 CKMPDGP
dpr_orc_prd3 CKNACPP
dpr_orc_prd3 CKNHAAP
dpr_orc_prd3 CKRSCLP
dpr_orc_prd3 CKSCENP
dpr_orc_prd3 CKSPHDP
dpr_orc_prd3 CKSTCKP
dpr_orc_prd3 CNCICFIDP
dpr_orc_prd3 CNCICPADP
dpr_orc_prd3 CNCICPIPP
dpr_orc_prd3 CNCICPSIP
dpr_orc_prd3 CNCICPSJP
dpr_orc_prd3 CNCICSDIP
dpr_orc_prd3 CNCILFDDP
dpr_orc_prd3 CNCILFDDP1
dpr_orc_prd3 CNERATP
dpr_orc_prd3 CNEXBLP
dpr_orc_prd3 CNFDDTWP
dpr_orc_prd3 CNFDDTWPE
dpr_orc_prd3 CNFDSTWP
dpr_orc_prd3 CNFEFWP
dpr_orc_prd3 CNFPRCP
dpr_orc_prd3 CNFTCTP
dpr_orc_prd3 CNFTSTP
dpr_orc_prd3 CNFUEXP
dpr_orc_prd3 CNFUTCP
dpr_orc_prd3 CNIDBTP
dpr_orc_prd3 CNIDCTP
dpr_orc_prd3 CNIRATP
dpr_orc_prd3 CNLDPDP
dpr_orc_prd3 CNLPOSIP
dpr_orc_prd3 CNLPTOHP
dpr_orc_prd3 CNLPTOJP
dpr_orc_prd3 CNMM456WP
dpr_orc_prd3 CNOPEXP
dpr_orc_prd3 CNOPRCP
dpr_orc_prd3 CNOPTCP
dpr_orc_prd3 CNOWTRP
dpr_orc_prd3 CNREMKP
dpr_orc_prd3 CNRPSQP
dpr_orc_prd3 CNSDCPP
dpr_orc_prd3 CNSEDLSIP
dpr_orc_prd3 CNSRATP
dpr_orc_prd3 CNSSSDP1
dpr_orc_prd3 CNSSSDP2
dpr_orc_prd3 CNSTDPP
dpr_orc_prd3 CNTT05P
dpr_orc_prd3 CNTT05P1
dpr_orc_prd3 CNTT05P402
dpr_orc_prd3 CNTTCYP
dpr_orc_prd3 CNTTPQP
dpr_orc_prd3 CNTTPQP402
dpr_orc_prd3 CNTTSPP
dpr_orc_prd3 CNTTTRP
dpr_orc_prd3 CNTTTVP
dpr_orc_prd3 CNYDCVP
dpr_orc_prd3 CTAXCTP
dpr_orc_prd3 CTAXCTP1
dpr_orc_prd3 CTCBRHP
dpr_orc_prd3 CTCBRLP
dpr_orc_prd3 CTCRHAP
dpr_orc_prd3 CTCRHHP
dpr_orc_prd3 CTDBLHP
dpr_orc_prd3 CTDHCTP
dpr_orc_prd3 CTDIAHP
dpr_orc_prd3 CTDIRHP
dpr_orc_prd3 CTDIRLP
dpr_orc_prd3 DB360MP1
dpr_orc_prd3 DB360MP2
dpr_orc_prd3 DB360MP3
dpr_orc_prd3 DB360MP4
dpr_orc_prd3 DB360ZP1
dpr_orc_prd3 DB360ZP2
dpr_orc_prd3 DB360ZP3
dpr_orc_prd3 DB360ZP4
dpr_orc_prd3 DBACSTP
dpr_orc_prd3 DBALDWP
dpr_orc_prd3 DBALDWP1
dpr_orc_prd3 DBALDWPH
dpr_orc_prd3 DBALGLP
dpr_orc_prd3 DBALGMP
dpr_orc_prd3 DBALGMPH
dpr_orc_prd3 DBALGWP
dpr_orc_prd3 DBALGWPH
dpr_orc_prd3 DBCKLMP
dpr_orc_prd3 DBCKLWP
dpr_orc_prd3 DBCOLAP
dpr_orc_prd3 DBCOLWP
dpr_orc_prd3 DBCPIPP
dpr_orc_prd3 DBCSSTP
dpr_orc_prd3 DBDLSTP
dpr_orc_prd3 DBDLSWP
dpr_orc_prd3 DBDMCPP
dpr_orc_prd3 DBDMDPP
dpr_orc_prd3 DBEXBRP
dpr_orc_prd3 DBEXMGP
dpr_orc_prd3 DBEXSTP
dpr_orc_prd3 DBHCRLP
dpr_orc_prd3 DBICEWP
dpr_orc_prd3 DBICEXP
dpr_orc_prd3 DBLDPDP
dpr_orc_prd3 DBLMSTP
dpr_orc_prd3 DBNIMAP
dpr_orc_prd3 DBNMSTP
dpr_orc_prd3 DBNMSTPOLD
dpr_orc_prd3 DBNZSTP
dpr_orc_prd3 DBNZSTPOLD
dpr_orc_prd3 DBPCTRP
dpr_orc_prd3 DBPDCTP
dpr_orc_prd3 DBSPTMP
dpr_orc_prd3 DBSTDPP
dpr_orc_prd3 DDDAMEP
dpr_orc_prd3 DDPDCPP
dpr_orc_prd3 DDPPJNP
dpr_orc_prd3 DDPPJSP
dpr_orc_prd3 DDPPJZP
dpr_orc_prd3 DEAPFFP
dpr_orc_prd3 DEBSCFP
dpr_orc_prd3 DECAMFP
dpr_orc_prd3 DECDIFP
dpr_orc_prd3 DECMPFP
dpr_orc_prd3 DECPMFP
dpr_orc_prd3 DECSDIP
dpr_orc_prd3 DEDFDVP
dpr_orc_prd3 DEDLBFP
dpr_orc_prd3 DEDLBHP
dpr_orc_prd3 DEDLSIP
dpr_orc_prd3 DEDSAGP
dpr_orc_prd3 DEDSIPP
dpr_orc_prd3 DEDVCTP
dpr_orc_prd3 DEEUCFP
dpr_orc_prd3 DEEXERP
dpr_orc_prd3 DEFMTFP
dpr_orc_prd3 DEHOPRP
dpr_orc_prd3 DEINPFP
dpr_orc_prd3 DEISOFP
dpr_orc_prd3 DELBAFP
dpr_orc_prd3 DELBDFP
dpr_orc_prd3 DELBPFP
dpr_orc_prd3 DEMFTPP
dpr_orc_prd3 DEMSESP
dpr_orc_prd3 DEOMCHP
dpr_orc_prd3 DEOMSCP
dpr_orc_prd3 DEOMSCP1
dpr_orc_prd3 DEOMSFP
dpr_orc_prd3 DEOMSHP
dpr_orc_prd3 DEOSDIP
dpr_orc_prd3 DEPRTFP
dpr_orc_prd3 DEQENTP
dpr_orc_prd3 DEQEVP
dpr_orc_prd3 DEQREP
dpr_orc_prd3 DESCMFP
dpr_orc_prd3 DESESFP
dpr_orc_prd3 DESTPFP
dpr_orc_prd3 DESTPHP
dpr_orc_prd3 DETBCP
dpr_orc_prd3 DEULBFP
dpr_orc_prd3 DGDHDCP
dpr_orc_prd3 DGDHDDP
dpr_orc_prd3 DGDHDSP
dpr_orc_prd3 DGDLQUP
dpr_orc_prd3 DGEPTXP1
dpr_orc_prd3 DGERRFP
dpr_orc_prd3 DGIPDTP
dpr_orc_prd3 DGIPECP
dpr_orc_prd3 DGIPLTP
dpr_orc_prd3 DGIPPTP
dpr_orc_prd3 DGIPPTP1
dpr_orc_prd3 DGIPTFP
dpr_orc_prd3 DGMAPTP
dpr_orc_prd3 DGNMLNP
dpr_orc_prd3 DGPDMPP
dpr_orc_prd3 DGSDMAP
dpr_orc_prd3 DGSDMHP
dpr_orc_prd3 DGSSYAP
dpr_orc_prd3 DGSSYCP
dpr_orc_prd3 DGSSYSP
dpr_orc_prd3 DIHSCFP
dpr_orc_prd3 DIHSCFP1
dpr_orc_prd3 DIHSDLP
dpr_orc_prd3 DIHSLGP
dpr_orc_prd3 DIHSPDP
dpr_orc_prd3 DIHSPMP
dpr_orc_prd3 DIMCACP
dpr_orc_prd3 DIMNZCP
dpr_orc_prd3 DIMSTLP
dpr_orc_prd3 DINMRSP
dpr_orc_prd3 DINZLNP
dpr_orc_prd3 DINZRSP
dpr_orc_prd3 DIRMDNP
dpr_orc_prd3 DIRNI2P
dpr_orc_prd3 DIRNI2PH
dpr_orc_prd3 DIRSMTP
dpr_orc_prd3 DIRXRFP
dpr_orc_prd3 EPSYCPP
dpr_orc_prd3 ET401W0001
dpr_orc_prd3 ET402W0001
dpr_orc_prd3 ET403W0001
dpr_orc_prd3 ET404W0001
dpr_orc_prd3 ET406W0001
dpr_orc_prd3 ET408W0001
dpr_orc_prd3 ET409W0001
dpr_orc_prd3 ET411W0001
dpr_orc_prd3 ET411X0001
dpr_orc_prd3 ET411XP
dpr_orc_prd3 ET411XP1Z
dpr_orc_prd3 ET417W0001
dpr_orc_prd3 ET418W0001
dpr_orc_prd3 ET419W0001
dpr_orc_prd3 ETBSKTP
dpr_orc_prd3 ETBSKTPY
dpr_orc_prd3 ETCPIPP
dpr_orc_prd3 ETCPIPPY
dpr_orc_prd3 ETCPSIP
dpr_orc_prd3 ETCPSIPY
dpr_orc_prd3 ETCRATP
dpr_orc_prd3 ETDEALP
dpr_orc_prd3 ETDEALPY
dpr_orc_prd3 ETDLTBP
dpr_orc_prd3 ETDLTBPY
dpr_orc_prd3 ETDSLMP
dpr_orc_prd3 ETDSLMPY
dpr_orc_prd3 ETDSLUP
dpr_orc_prd3 ETDSLUPY
dpr_orc_prd3 ETERATP
dpr_orc_prd3 ETERATPY
dpr_orc_prd3 ETFTPLP
dpr_orc_prd3 ETFXALP
dpr_orc_prd3 ETFXALPY
dpr_orc_prd3 ETFXEMP
dpr_orc_prd3 ETHLDCP
dpr_orc_prd3 ETLDPDP
dpr_orc_prd3 ETLDPDPY
dpr_orc_prd3 ETMMKFP
dpr_orc_prd3 ETMMKFPY
dpr_orc_prd3 ETOVLMP
dpr_orc_prd3 ETOVLMPY
dpr_orc_prd3 ETOVLUP
dpr_orc_prd3 ETOVLUPY
dpr_orc_prd3 ETSBLMP
dpr_orc_prd3 ETSBLMPY
dpr_orc_prd3 ETSBLUP
dpr_orc_prd3 ETSBLUPY
dpr_orc_prd3 ETSPHDP
dpr_orc_prd3 ETSPHDPY
dpr_orc_prd3 ETSUPDP
dpr_orc_prd3 ETSUPDPY
dpr_orc_prd3 ETTENRP
dpr_orc_prd3 ETTENRPY
dpr_orc_prd3 ETXDFPP
dpr_orc_prd3 ETXHDRP
dpr_orc_prd3 ETXSTSP
dpr_orc_prd3 EXBLOTP
dpr_orc_prd3 EXBLOTP1
dpr_orc_prd3 EXBLOTP2
dpr_orc_prd3 EXBLOTP3
dpr_orc_prd3 EXBLOTP4
dpr_orc_prd3 EXBLOTP5
dpr_orc_prd3 EXBLOTP6
dpr_orc_prd3 EXBLOTP9
dpr_orc_prd3 EXCCRYP
dpr_orc_prd3 EXDLMAP
dpr_orc_prd3 EXDLMHP
dpr_orc_prd3 EXDLTBP
dpr_orc_prd3 EXDLTBP0
dpr_orc_prd3 EXDLTBP1
dpr_orc_prd3 EXDLTBP2
dpr_orc_prd3 EXMTMSP
dpr_orc_prd3 EXMTMVP
dpr_orc_prd3 EXPLDLP
dpr_orc_prd3 EXRDYBP
dpr_orc_prd3 EXRDYPP
dpr_orc_prd3 EXRMBTP
dpr_orc_prd3 EXRMBTP1
dpr_orc_prd3 EXRMDTP
dpr_orc_prd3 EXRMPLP
dpr_orc_prd3 EXRMRYP
dpr_orc_prd3 EXSLADP
dpr_orc_prd3 FEFWBTP
dpr_orc_prd3 FEFWBTP1
dpr_orc_prd3 FEFWBTP2
dpr_orc_prd3 FEFWBTPT
dpr_orc_prd3 FEFWBTPY
dpr_orc_prd3 FEFWBTQ1
dpr_orc_prd3 FEFWDLP
dpr_orc_prd3 FEFWEUP
dpr_orc_prd3 FEFWEUP1
dpr_orc_prd3 FOEPTXP
dpr_orc_prd3 FOERATP
dpr_orc_prd3 FOERATP1
dpr_orc_prd3 FOERATP2
dpr_orc_prd3 FOERATP3
dpr_orc_prd3 FOERATP4
dpr_orc_prd3 FOERATP5
dpr_orc_prd3 FOERATP6
dpr_orc_prd3 FOEXCTP
dpr_orc_prd3 FOFDRQP
dpr_orc_prd3 FOFFMUP
dpr_orc_prd3 FOFFREP
dpr_orc_prd3 FOFFREPX
dpr_orc_prd3 FOFFREPY
dpr_orc_prd3 FOFFRUP
dpr_orc_prd3 FOFPRCP
dpr_orc_prd3 FOFPRUP
dpr_orc_prd3 FOFTPDP
dpr_orc_prd3 FOFTPLP
dpr_orc_prd3 FOFUDEP
dpr_orc_prd3 FOFUDEPX
dpr_orc_prd3 FOFUDEPY
dpr_orc_prd3 FOFUDUP
dpr_orc_prd3 FOFUREP
dpr_orc_prd3 FOFUREPX
dpr_orc_prd3 FOFUREPY
dpr_orc_prd3 FOFURUP
dpr_orc_prd3 FOFWDLP
dpr_orc_prd3 FOFXDUP
dpr_orc_prd3 FOFXMUP
dpr_orc_prd3 FOFXRUP
dpr_orc_prd3 FOHDLSP
dpr_orc_prd3 FOIFDEP
dpr_orc_prd3 FOIFDEPX
dpr_orc_prd3 FOIFDEPY
dpr_orc_prd3 FOIFDIP
dpr_orc_prd3 FOIFDUP
dpr_orc_prd3 FOIFREP
dpr_orc_prd3 FOIFREPX
dpr_orc_prd3 FOIFREPY
dpr_orc_prd3 FOIFRIP
dpr_orc_prd3 FOIFRUP
dpr_orc_prd3 FOIPTXP
dpr_orc_prd3 FOIRATP
dpr_orc_prd3 FOMMDUP
dpr_orc_prd3 FOMMMUP
dpr_orc_prd3 FOMMRUP
dpr_orc_prd3 FONETUP
dpr_orc_prd3 FORCCTP
dpr_orc_prd3 FORCCTP1
dpr_orc_prd3 FORCEXP
dpr_orc_prd3 FORCFXP
dpr_orc_prd3 FORCMMP
dpr_orc_prd3 FOREQ1P
dpr_orc_prd3 FOREQ3P
dpr_orc_prd3 FOREQ4P
dpr_orc_prd3 FOREQ5P
dpr_orc_prd3 FOREQ5P1
dpr_orc_prd3 FOREQ6P
dpr_orc_prd3 FOREQ8P
dpr_orc_prd3 FOREQ9P
dpr_orc_prd3 FOREQAP
dpr_orc_prd3 FOREQDP
dpr_orc_prd3 FOREQEP
dpr_orc_prd3 FOREQFP
dpr_orc_prd3 FOREQGP
dpr_orc_prd3 FOREQHP
dpr_orc_prd3 FOREQIP
dpr_orc_prd3 FOREQKP
dpr_orc_prd3 FOREQLP
dpr_orc_prd3 FOREQMP
dpr_orc_prd3 FOREQNP
dpr_orc_prd3 FOREQOP
dpr_orc_prd3 FOREQPP
dpr_orc_prd3 FOREQQP
dpr_orc_prd3 FOREXFP
dpr_orc_prd3 FOREXMP
dpr_orc_prd3 FOREXNP
dpr_orc_prd3 FORFMUP
dpr_orc_prd3 FORFREP
dpr_orc_prd3 FORFREPX
dpr_orc_prd3 FORFREPY
dpr_orc_prd3 FORFRUP
dpr_orc_prd3 FORMPLP
dpr_orc_prd3 FORMSGP
dpr_orc_prd3 FOSFCTP
dpr_orc_prd3 FOSJLSP
dpr_orc_prd3 FOSODCP
dpr_orc_prd3 FOSPDLP
dpr_orc_prd3 FOSRATP
dpr_orc_prd3 FOTCSTP
dpr_orc_prd3 FOTWDLP
dpr_orc_prd3 FUCOLLP
dpr_orc_prd3 FUEXCHP
dpr_orc_prd3 FUFUBTP
dpr_orc_prd3 FUFUBTPM
dpr_orc_prd3 FUFUBTPN
dpr_orc_prd3 FUFUEXP
dpr_orc_prd3 FUFUEXPT
dpr_orc_prd3 FUFUEXPY
dpr_orc_prd3 FUFULMP
dpr_orc_prd3 FUFULQP
dpr_orc_prd3 FUFUTCP
dpr_orc_prd3 FUGPLMP
dpr_orc_prd3 FUISPRP
dpr_orc_prd3 FULADDP
dpr_orc_prd3 FUOPBTP
dpr_orc_prd3 FUOPBTPM
dpr_orc_prd3 FUOPEXP
dpr_orc_prd3 FUOPLQP
dpr_orc_prd3 FUOPTCP
dpr_orc_prd3 FUPARMP
dpr_orc_prd3 FUPARMP1
dpr_orc_prd3 FUSETMP
dpr_orc_prd3 FX@TTSFP
dpr_orc_prd3 GIFXCNP
dpr_orc_prd3 GIFXCNP1
dpr_orc_prd3 GITMDPP
dpr_orc_prd3 GITMDPP1
dpr_orc_prd3 GLTNARP1
dpr_orc_prd3 GLTRSTP1
dpr_orc_prd3 GLTRSTPM
dpr_orc_prd3 GSBRDFP
dpr_orc_prd3 GSCASHP
dpr_orc_prd3 GSCPGMP
dpr_orc_prd3 GSCPGNP
dpr_orc_prd3 GSCSHMP
dpr_orc_prd3 GSETPAP
dpr_orc_prd3 GSSTTLP
dpr_orc_prd3 GSSTTMP
dpr_orc_prd3 HTBCHCP
dpr_orc_prd3 HTBCHCP1
dpr_orc_prd3 HTBCHCP2
dpr_orc_prd3 HTBCHCP5
dpr_orc_prd3 HTBCHCP9
dpr_orc_prd3 HTBDTCP
dpr_orc_prd3 HTSKIPP
dpr_orc_prd3 HTTSLMP
dpr_orc_prd3 HXREQ1P
dpr_orc_prd3 HXREQ2P
dpr_orc_prd3 IECHACP
dpr_orc_prd3 IENPDIP
dpr_orc_prd3 IEPRDIP
dpr_orc_prd3 IETNARP1
dpr_orc_prd3 IFEVPCP
dpr_orc_prd3 IFMSGFP
dpr_orc_prd3 IKIREBP
dpr_orc_prd3 IKIRELP
dpr_orc_prd3 IKIRELP1
dpr_orc_prd3 IKIRLTP
dpr_orc_prd3 IKPSCYP
dpr_orc_prd3 IPSYCPP
dpr_orc_prd3 ISCPSAP
dpr_orc_prd3 ISCPSCP
dpr_orc_prd3 ISCPSIP
dpr_orc_prd3 ISNBFRP
dpr_orc_prd3 ISNMMAP
dpr_orc_prd3 ISNMMIP
dpr_orc_prd3 ISNMMSP
dpr_orc_prd3 ISNMMSPH
dpr_orc_prd3 ISNMMSPT
dpr_orc_prd3 ISNMMSPX
dpr_orc_prd3 ISNMMSPY
dpr_orc_prd3 ISNMPCP
dpr_orc_prd3 ISNMPCPH
dpr_orc_prd3 ISNMPHP
dpr_orc_prd3 ISNMPTP
dpr_orc_prd3 ISNMSDP
dpr_orc_prd3 ISNMSDPY
dpr_orc_prd3 ISNMSHP
dpr_orc_prd3 ISNMSIP
dpr_orc_prd3 ISNMSTP
dpr_orc_prd3 ISNZMSP
dpr_orc_prd3 ISNZMSPH
dpr_orc_prd3 ISNZPCP
dpr_orc_prd3 ISNZPCPH
dpr_orc_prd3 ISNZSDP
dpr_orc_prd3 ISNZSTP
dpr_orc_prd3 ISPCLGP
dpr_orc_prd3 LSOUTPUT
dpr_orc_prd3 MM450RP
dpr_orc_prd3 MMBDEAP
dpr_orc_prd3 MMBDEHP
dpr_orc_prd3 MMBDPMP
dpr_orc_prd3 MMBNFBP
dpr_orc_prd3 MMCABTP
dpr_orc_prd3 MMCABTP1
dpr_orc_prd3 MMCABTPY
dpr_orc_prd3 MMCODFP
dpr_orc_prd3 MMDLPSP
dpr_orc_prd3 MMDLPSP1
dpr_orc_prd3 MMDPMAP
dpr_orc_prd3 MMDPMHP
dpr_orc_prd3 MMFCTDP
dpr_orc_prd3 MMFEEUP
dpr_orc_prd3 MMFELDP
dpr_orc_prd3 MMFRBTP
dpr_orc_prd3 MMFRBTPN
dpr_orc_prd3 MMFRBTPY
dpr_orc_prd3 MMFRRTP
dpr_orc_prd3 MMFRRTPT
dpr_orc_prd3 MMFRRTPX
dpr_orc_prd3 MMFRRTPY
dpr_orc_prd3 MMGSMAP
dpr_orc_prd3 MMGSMHP
dpr_orc_prd3 MMGSPDP
dpr_orc_prd3 MMGSPDPT
dpr_orc_prd3 MMGSPDPY
dpr_orc_prd3 MMLDDRP1
dpr_orc_prd3 MMLDEUP1
dpr_orc_prd3 MMMADFP
dpr_orc_prd3 MMMCHAP
dpr_orc_prd3 MMMCHHP
dpr_orc_prd3 MMMCHSP
dpr_orc_prd3 MMMTMSP
dpr_orc_prd3 MMNMASP
dpr_orc_prd3 MMNMASPM
dpr_orc_prd3 MMNMBTP1
dpr_orc_prd3 MMNMBTPH
dpr_orc_prd3 MMNMBTPL
dpr_orc_prd3 MMNMBTPM
dpr_orc_prd3 MMNMEPP
dpr_orc_prd3 MMNMHAP
dpr_orc_prd3 MMNMHHP
dpr_orc_prd3 MMNMHSP
dpr_orc_prd3 MMNMLNP
dpr_orc_prd3 MMNMLNP1
dpr_orc_prd3 MMNMLNPH
dpr_orc_prd3 MMNMLNPM
dpr_orc_prd3 MMNMLNPN
dpr_orc_prd3 MMNMLNP_BK
dpr_orc_prd3 MMNMPBP
dpr_orc_prd3 MMNMPBPY
dpr_orc_prd3 MMNMRAP
dpr_orc_prd3 MMNMRHP
dpr_orc_prd3 MMNMRTP
dpr_orc_prd3 MMNMRTPT
dpr_orc_prd3 MMNMRTPX
dpr_orc_prd3 MMNMRTPY
dpr_orc_prd3 MMNMTJP
dpr_orc_prd3 MMNMZEP
dpr_orc_prd3 MMNSECP
dpr_orc_prd3 MMNZASP
dpr_orc_prd3 MMNZASPM
dpr_orc_prd3 MMNZBTP
dpr_orc_prd3 MMNZBTP1
dpr_orc_prd3 MMNZBTPH
dpr_orc_prd3 MMNZBTPL
dpr_orc_prd3 MMNZBTPM
dpr_orc_prd3 MMNZBTPN
dpr_orc_prd3 MMNZHAP
dpr_orc_prd3 MMNZHHP
dpr_orc_prd3 MMNZHSP
dpr_orc_prd3 MMNZLNP
dpr_orc_prd3 MMNZLNP1
dpr_orc_prd3 MMNZLNP2
dpr_orc_prd3 MMNZLNPH
dpr_orc_prd3 MMNZLNPM
dpr_orc_prd3 MMNZLNPN
dpr_orc_prd3 MMNZLNPY
dpr_orc_prd3 MMNZRTP
dpr_orc_prd3 MMNZRTPT
dpr_orc_prd3 MMNZRTPY
dpr_orc_prd3 MMPCMPP
dpr_orc_prd3 MMPOSMP
dpr_orc_prd3 MMPOSMPM
dpr_orc_prd3 MMPOSZP
dpr_orc_prd3 MMPOSZPM
dpr_orc_prd3 MMRESCP
dpr_orc_prd3 MMSCPOP
dpr_orc_prd3 MMSCTFP
dpr_orc_prd3 MMSDEUP
dpr_orc_prd3 MMSETMP
dpr_orc_prd3 MMSKPNP
dpr_orc_prd3 MMSLEUP
dpr_orc_prd3 MMSOHPP
dpr_orc_prd3 MMSSMAP
dpr_orc_prd3 MMSSMHP
dpr_orc_prd3 MMSSPDP
dpr_orc_prd3 MMSSPDPT
dpr_orc_prd3 MMSSPDPY
dpr_orc_prd3 MMSTFBP
dpr_orc_prd3 MMSWBTP1
dpr_orc_prd3 MMSWBTP2
dpr_orc_prd3 MMSWBTPL
dpr_orc_prd3 MMSWBTPM
dpr_orc_prd3 MMSWBTPP1
dpr_orc_prd3 MMSWBTPP2
dpr_orc_prd3 MMSWBTPP3
dpr_orc_prd3 MMSWBTPP4
dpr_orc_prd3 MMSWBTPP5
dpr_orc_prd3 MMSWBTPP6
dpr_orc_prd3 MMSWDLP
dpr_orc_prd3 MMSWLMP
dpr_orc_prd3 MMTDMPP
dpr_orc_prd3 MMTDRLP
dpr_orc_prd3 MMTDRPP
dpr_orc_prd3 MMYCMAP
dpr_orc_prd3 MMYDCVP
dpr_orc_prd3 MMYDCVP3
dpr_orc_prd3 MMYDCVPT
dpr_orc_prd3 MMYDCVPY
dpr_orc_prd3 MMZCBTPM
dpr_orc_prd3 MP515RP
dpr_orc_prd3 MPBRKCP
dpr_orc_prd3 MPBRKWP
dpr_orc_prd3 MPBTBIP
dpr_orc_prd3 MPCLBDP
dpr_orc_prd3 MPCLBHP
dpr_orc_prd3 MPCUCDP
dpr_orc_prd3 MPCYTBP
dpr_orc_prd3 MPDLMHP
dpr_orc_prd3 MPDLMHPY
dpr_orc_prd3 MPDLPPP
dpr_orc_prd3 MPDLTKP
dpr_orc_prd3 MPECKDP
dpr_orc_prd3 MPECMGP
dpr_orc_prd3 MPECMGP1
dpr_orc_prd3 MPECMGPY
dpr_orc_prd3 MPEFWDP9
dpr_orc_prd3 MPEFWDPM
dpr_orc_prd3 MPEFWDPT
dpr_orc_prd3 MPEFWHP
dpr_orc_prd3 MPESPTP
dpr_orc_prd3 MPESPTP9
dpr_orc_prd3 MPESPTPM
dpr_orc_prd3 MPEXAUP
dpr_orc_prd3 MPEXSCP
dpr_orc_prd3 MPFFUHP
dpr_orc_prd3 MPFFUJPM
dpr_orc_prd3 MPFFUTP
dpr_orc_prd3 MPFLACP
dpr_orc_prd3 MPFLAUP
dpr_orc_prd3 MPFLSCP
dpr_orc_prd3 MPFOPHP
dpr_orc_prd3 MPFOPJPM
dpr_orc_prd3 MPFOPTP
dpr_orc_prd3 MPFRCTP
dpr_orc_prd3 MPFRCTP1
dpr_orc_prd3 MPHPMAP
dpr_orc_prd3 MPHPMHP
dpr_orc_prd3 MPIDCOP
dpr_orc_prd3 MPIDCPP
dpr_orc_prd3 MPIDDWP1
dpr_orc_prd3 MPIDLHP
dpr_orc_prd3 MPIDSGP
dpr_orc_prd3 MPIDTXP
dpr_orc_prd3 MPIDXDP
dpr_orc_prd3 MPMCAHP
dpr_orc_prd3 MPMCAJPM
dpr_orc_prd3 MPMCALP
dpr_orc_prd3 MPMCALP1
dpr_orc_prd3 MPMCALPM
dpr_orc_prd3 MPMCALPY
dpr_orc_prd3 MPMFRAP
dpr_orc_prd3 MPMFRAPM
dpr_orc_prd3 MPMFRAPY
dpr_orc_prd3 MPMFRHP
dpr_orc_prd3 MPMFRJPM
dpr_orc_prd3 MPMMCHP
dpr_orc_prd3 MPMMCJPM
dpr_orc_prd3 MPMMCPP1
dpr_orc_prd3 MPMNMCP1
dpr_orc_prd3 MPMNMCP@07
dpr_orc_prd3 MPMNZCP
dpr_orc_prd3 MPMNZCP1
dpr_orc_prd3 MPMNZCP2
dpr_orc_prd3 MPMNZCPY
dpr_orc_prd3 MPMNZHP
dpr_orc_prd3 MPMSWHP
dpr_orc_prd3 MPMSWPP1
dpr_orc_prd3 MPMSWPP2
dpr_orc_prd3 MPMSWPPY
dpr_orc_prd3 MPMZCHP
dpr_orc_prd3 MPMZCPP1
dpr_orc_prd3 MPMZCPP@07
dpr_orc_prd3 MPNTFBP
dpr_orc_prd3 MPORSCP
dpr_orc_prd3 MPORSHP
dpr_orc_prd3 MPORSLP
dpr_orc_prd3 MPP261
dpr_orc_prd3 MPSFLCP
dpr_orc_prd3 MPSTKCP
dpr_orc_prd3 MPSWSCP1
dpr_orc_prd3 MRBLOIP
dpr_orc_prd3 MRBLOTP1
dpr_orc_prd3 MRBLOWP
dpr_orc_prd3 MRBUEWP
dpr_orc_prd3 MRBULEPE
dpr_orc_prd3 MRBULIP
dpr_orc_prd3 MRBULWP
dpr_orc_prd3 MRBULWP2
dpr_orc_prd3 MRBUMPP
dpr_orc_prd3 MRDALWP
dpr_orc_prd3 MRDALWP2
dpr_orc_prd3 MRDFCCP
dpr_orc_prd3 MRDFCCP_BK
dpr_orc_prd3 MRDFCCP_BX
dpr_orc_prd3 MRDFCDP
dpr_orc_prd3 MRDFCDP_BK
dpr_orc_prd3 MRDFCDP_BX
dpr_orc_prd3 MRDFLCP
dpr_orc_prd3 MRDFLCP1
dpr_orc_prd3 MRDFLCPC
dpr_orc_prd3 MRDFLCPT
dpr_orc_prd3 MRDFLCPX
dpr_orc_prd3 MRDFLCPY
dpr_orc_prd3 MRDFLCP_BK
dpr_orc_prd3 MRDFLCP_BX
dpr_orc_prd3 MRDFLDP
dpr_orc_prd3 MRDFLDP1
dpr_orc_prd3 MRDFLDPC
dpr_orc_prd3 MRDFLDPT
dpr_orc_prd3 MRDFLDPX
dpr_orc_prd3 MRDFLDPY
dpr_orc_prd3 MRDFLDP_BK
dpr_orc_prd3 MRDFLDP_BX
dpr_orc_prd3 MRDLBFP
dpr_orc_prd3 MRDLBNP
dpr_orc_prd3 MRDSKCP
dpr_orc_prd3 MRDSKDP
dpr_orc_prd3 MRECMGP
dpr_orc_prd3 MRFACTP
dpr_orc_prd3 MRGDKCP
dpr_orc_prd3 MRGDKDP
dpr_orc_prd3 MRGDLMP
dpr_orc_prd3 MRHRBTP
dpr_orc_prd3 MRHREWP
dpr_orc_prd3 MRHRIPP
dpr_orc_prd3 MRHRMXP
dpr_orc_prd3 MRHRUDP
dpr_orc_prd3 MRMRLMP
dpr_orc_prd3 MRORPMP
dpr_orc_prd3 MRPDGPP
dpr_orc_prd3 MRPDGPWP
dpr_orc_prd3 MRPXCLP
dpr_orc_prd3 MRSYPMP
dpr_orc_prd3 MRWSNDP
dpr_orc_prd3 MRYCMPP
dpr_orc_prd3 MRYCUSP
dpr_orc_prd3 MRYCUSWP
dpr_orc_prd3 MRYCUSWP2
dpr_orc_prd3 ORBBCPP
dpr_orc_prd3 PMCFDTP
dpr_orc_prd3 PMCFFTP
dpr_orc_prd3 PMCFHDP
dpr_orc_prd3 PMFTPCP
dpr_orc_prd3 PMFTPIP
dpr_orc_prd3 PMFTPOP
dpr_orc_prd3 PMTCMDP
dpr_orc_prd3 PMTGMDP
dpr_orc_prd3 PMTXCCP
dpr_orc_prd3 PMTXCFP
dpr_orc_prd3 PMTXPCP
dpr_orc_prd3 PMTXPFP
dpr_orc_prd3 RC402RP
dpr_orc_prd3 RCBPTTP
dpr_orc_prd3 RCCYTLP
dpr_orc_prd3 RCEEDLP
dpr_orc_prd3 RCFXPCP
dpr_orc_prd3 RCFXPDP
dpr_orc_prd3 RCPPRCP
dpr_orc_prd3 RCPROFP
dpr_orc_prd3 RCRFRTP
dpr_orc_prd3 SCSXRGP
dpr_orc_prd3 SEBRSIP
dpr_orc_prd3 SECPNDP
dpr_orc_prd3 SECPSDP
dpr_orc_prd3 SECPSIP1
dpr_orc_prd3 SEDFSIP
dpr_orc_prd3 SEDLSBP
dpr_orc_prd3 SEECCLP
dpr_orc_prd3 SEECEXP
dpr_orc_prd3 SEECLMP
dpr_orc_prd3 SEECNBP
dpr_orc_prd3 SEECSHP
dpr_orc_prd3 SEECSTP
dpr_orc_prd3 SEECSYP
dpr_orc_prd3 SEFTSDP
dpr_orc_prd3 SELCSIP1
dpr_orc_prd3 SEMFDTP
dpr_orc_prd3 SENETBP
dpr_orc_prd3 SENETBP1
dpr_orc_prd3 SENETBP2
dpr_orc_prd3 SENETGP
dpr_orc_prd3 SENETJP
dpr_orc_prd3 SENETJPM
dpr_orc_prd3 SENETMP
dpr_orc_prd3 SENODHP
dpr_orc_prd3 SEOSBDP
dpr_orc_prd3 SEOSBPP
dpr_orc_prd3 SESIRBP1
dpr_orc_prd3 SETTDTP
dpr_orc_prd3 SETXPCP1
dpr_orc_prd3 SETXPFP1
dpr_orc_prd3 SS@ETSP
dpr_orc_prd3 SS@GRRFP
dpr_orc_prd3 SS@RPATP
dpr_orc_prd3 SS@TRSFP
dpr_orc_prd3 SS@TSACP
dpr_orc_prd3 SSACEXP
dpr_orc_prd3 SSADAYP
dpr_orc_prd3 SSAFNAP
dpr_orc_prd3 SSAFNPP
dpr_orc_prd3 SSARFLP
dpr_orc_prd3 SSAUAPP
dpr_orc_prd3 SSBCDFP
dpr_orc_prd3 SSBHBCP
dpr_orc_prd3 SSBHBCP9
dpr_orc_prd3 SSBHGAP
dpr_orc_prd3 SSBHGAP1
dpr_orc_prd3 SSBHGCP
dpr_orc_prd3 SSBHGCP1
dpr_orc_prd3 SSBHGIP
dpr_orc_prd3 SSBHGIP1
dpr_orc_prd3 SSBHGMP
dpr_orc_prd3 SSBHGMP1
dpr_orc_prd3 SSBHGPP
dpr_orc_prd3 SSBHGVP
dpr_orc_prd3 SSBHJAP
dpr_orc_prd3 SSBHJAP1
dpr_orc_prd3 SSBHJCP
dpr_orc_prd3 SSBHJCP1
dpr_orc_prd3 SSBHJIP
dpr_orc_prd3 SSBHJIP1
dpr_orc_prd3 SSBHJMP
dpr_orc_prd3 SSBHJMP1
dpr_orc_prd3 SSBHJPP
dpr_orc_prd3 SSBHJVP
dpr_orc_prd3 SSBRCPP
dpr_orc_prd3 SSCBACP
dpr_orc_prd3 SSCBBHP
dpr_orc_prd3 SSCBBNP
dpr_orc_prd3 SSCBCBP
dpr_orc_prd3 SSCBHBP
dpr_orc_prd3 SSCBHBP1
dpr_orc_prd3 SSCBKBP
dpr_orc_prd3 SSCBLBP
dpr_orc_prd3 SSCBNBP
dpr_orc_prd3 SSCBPCP
dpr_orc_prd3 SSCBPRP
dpr_orc_prd3 SSCMFNP
dpr_orc_prd3 SSCTMHP
dpr_orc_prd3 SSCTMHP1
dpr_orc_prd3 SSCVFNP
dpr_orc_prd3 SSCVSTP
dpr_orc_prd3 SSCYIFP
dpr_orc_prd3 SSCYIFPY
dpr_orc_prd3 SSDATAP
dpr_orc_prd3 SSDATE0001
dpr_orc_prd3 SSDATE0002
dpr_orc_prd3 SSDATEP
dpr_orc_prd3 SSDATHP
dpr_orc_prd3 SSERSSP
dpr_orc_prd3 SSERUSP
dpr_orc_prd3 SSEXPSP
dpr_orc_prd3 SSEXRSP
dpr_orc_prd3 SSEXRTP
dpr_orc_prd3 SSFILEP
dpr_orc_prd3 SSFNCLP
dpr_orc_prd3 SSGEXFP
dpr_orc_prd3 SSGHCLP
dpr_orc_prd3 SSGMCPP
dpr_orc_prd3 SSHLDGP
dpr_orc_prd3 SSHLDGP#1
dpr_orc_prd3 SSINCRP
dpr_orc_prd3 SSLPDTP
dpr_orc_prd3 SSMCLPP
dpr_orc_prd3 SSMNCLP
dpr_orc_prd3 SSMNLPP
dpr_orc_prd3 SSPGSTP
dpr_orc_prd3 SSPWEXP
dpr_orc_prd3 SSREXPP
dpr_orc_prd3 SSRLNNP
dpr_orc_prd3 SSRLNPP
dpr_orc_prd3 SSRPAPP
dpr_orc_prd3 SSRPDTP
dpr_orc_prd3 SSRPDTPZ
dpr_orc_prd3 SSRPRPP
dpr_orc_prd3 SSSDCPP
dpr_orc_prd3 SSSTDPP
dpr_orc_prd3 SSTICAP
dpr_orc_prd3 SSULMCP
dpr_orc_prd3 SSUSERP
dpr_orc_prd3 SSUSRAP
dpr_orc_prd3 SSWSCAP
dpr_orc_prd3 SSWSCPP
dpr_orc_prd3 STCCPSPM
dpr_orc_prd3 STCPETP
dpr_orc_prd3 STFRTOP
dpr_orc_prd3 STPCPSP1
dpr_orc_prd3 TCPDCPP
dpr_orc_prd3 TDPDCPP
dpr_orc_prd3 TIBLRLP
dpr_orc_prd3 TIBLRMP
dpr_orc_prd3 TIDWLCP
dpr_orc_prd3 TIEVHMP
dpr_orc_prd3 TIFTPLP
dpr_orc_prd3 TIFTPMP
dpr_orc_prd3 TIHLTBP
dpr_orc_prd3 TIOCYGP
dpr_orc_prd3 TIRBKDP
dpr_orc_prd3 TIRBKDP1
dpr_orc_prd3 TIRBKFP
dpr_orc_prd3 TIRDLDP
dpr_orc_prd3 TIRDLDP1
dpr_orc_prd3 TIRDLFP
dpr_orc_prd3 TIRECIP
dpr_orc_prd3 TIREGNP
dpr_orc_prd3 TIRTASP
dpr_orc_prd3 TIRTAXP
dpr_orc_prd3 TIRTBMP
dpr_orc_prd3 TIRTCCP
dpr_orc_prd3 TIRTCMP
dpr_orc_prd3 TIRTEXP
dpr_orc_prd3 TIRTIDP
dpr_orc_prd3 TIRTPDP
dpr_orc_prd3 TIRTSDP
dpr_orc_prd3 TISTDPP
dpr_orc_prd3 TISYDTP
dpr_orc_prd3 TISYSDP
dpr_orc_prd3 TLDRATP
dpr_orc_prd3 TNBANOP
dpr_orc_prd3 TNBTCHP
dpr_orc_prd3 TNCASHP
dpr_orc_prd3 TNCPGNP
dpr_orc_prd3 TNEXCHP
dpr_orc_prd3 TNINTRP
dpr_orc_prd3 TNSTTLP
dpr_orc_prd3 TNTIMEP
dpr_orc_prd3 TOBECPP
dpr_orc_prd3 TOCMGFP
dpr_orc_prd3 TOCMGFPY
dpr_orc_prd3 TOCRLGP
dpr_orc_prd3 TOEXCLP
dpr_orc_prd3 TOJOBCP
dpr_orc_prd3 TRCFFDP
dpr_orc_prd3 TRCPIPP
dpr_orc_prd3 TRFLAGP
dpr_orc_prd3 TRTGMDP
dpr_orc_prd3 TRTMTBP
dpr_orc_prd3 TRTXPCP
dpr_orc_prd3 TRTXPFP
dpr_orc_prd3 TT906AP
dpr_orc_prd3 TT906TP
dpr_orc_prd3 TTABCTP
dpr_orc_prd3 TTABDCP
dpr_orc_prd3 TTABPMP
dpr_orc_prd3 TTADTHP
dpr_orc_prd3 TTALSFP
dpr_orc_prd3 TTALSFP#1
dpr_orc_prd3 TTAMIDP
dpr_orc_prd3 TTBCDUP
dpr_orc_prd3 TTBKSPP
dpr_orc_prd3 TTBRATP
dpr_orc_prd3 TTBSPPP
dpr_orc_prd3 TTBUDCP1
dpr_orc_prd3 TTBUDDP1
dpr_orc_prd3 TTCAPMP
dpr_orc_prd3 TTCAWTP
dpr_orc_prd3 TTCCPLP
dpr_orc_prd3 TTCEPDP
dpr_orc_prd3 TTCLMCP
dpr_orc_prd3 TTCLMCPY
dpr_orc_prd3 TTCLMTP
dpr_orc_prd3 TTCLMTPY
dpr_orc_prd3 TTCLQGP
dpr_orc_prd3 TTCLQGPY
dpr_orc_prd3 TTCLSMP
dpr_orc_prd3 TTCLSYP
dpr_orc_prd3 TTCMPTP
dpr_orc_prd3 TTCPADP
dpr_orc_prd3 TTCPAHP
dpr_orc_prd3 TTCPIGP
dpr_orc_prd3 TTCPIPP
dpr_orc_prd3 TTCPIPPN
dpr_orc_prd3 TTCPIPPT
dpr_orc_prd3 TTCPMAP
dpr_orc_prd3 TTCPMHP
dpr_orc_prd3 TTCPMIP
dpr_orc_prd3 TTCPPCP
dpr_orc_prd3 TTCPR1P
dpr_orc_prd3 TTCPR2P
dpr_orc_prd3 TTCPYFP
dpr_orc_prd3 TTCRATP
dpr_orc_prd3 TTCRATPT
dpr_orc_prd3 TTCRATPY
dpr_orc_prd3 TTCRCFP
dpr_orc_prd3 TTCTREP
dpr_orc_prd3 TTCYIFP
dpr_orc_prd3 TTDFCCP
dpr_orc_prd3 TTDGDFP
dpr_orc_prd3 TTDMNCP
dpr_orc_prd3 TTDPEXP
dpr_orc_prd3 TTDSPJP
dpr_orc_prd3 TTEMUPP
dpr_orc_prd3 TTEPAVP
dpr_orc_prd3 TTEPFMP
dpr_orc_prd3 TTEPWKP
dpr_orc_prd3 TTERAGP
dpr_orc_prd3 TTERAGP#1
dpr_orc_prd3 TTERATP
dpr_orc_prd3 TTERATPT
dpr_orc_prd3 TTERATPX
dpr_orc_prd3 TTERATPY
dpr_orc_prd3 TTESDCP
dpr_orc_prd3 TTESTDP
dpr_orc_prd3 TTEURRP
dpr_orc_prd3 TTEXPCP
dpr_orc_prd3 TTFEBCP
dpr_orc_prd3 TTFFDSP
dpr_orc_prd3 TTFLPCP
dpr_orc_prd3 TTFPRCP
dpr_orc_prd3 TTFPRCP1
dpr_orc_prd3 TTFPRCPT
dpr_orc_prd3 TTFPRCPX
dpr_orc_prd3 TTFPRCPY
dpr_orc_prd3 TTFTCD0001
dpr_orc_prd3 TTFTCDP
dpr_orc_prd3 TTFTCDP@HL
dpr_orc_prd3 TTFTHT0001
dpr_orc_prd3 TTFTHTP
dpr_orc_prd3 TTFTLG0001
dpr_orc_prd3 TTFTLGP
dpr_orc_prd3 TTFTPLP
dpr_orc_prd3 TTFURDP
dpr_orc_prd3 TTFURDPT
dpr_orc_prd3 TTFURDPY
dpr_orc_prd3 TTFXFGPH
dpr_orc_prd3 TTFXFHP
dpr_orc_prd3 TTFXFIP
dpr_orc_prd3 TTFXFLP
dpr_orc_prd3 TTFXFNP
dpr_orc_prd3 TTFXFOP
dpr_orc_prd3 TTFXFRP
dpr_orc_prd3 TTFXNCP
dpr_orc_prd3 TTFXNRP
dpr_orc_prd3 TTFXSYP
dpr_orc_prd3 TTGBDPP
dpr_orc_prd3 TTGBNSP
dpr_orc_prd3 TTGCDCP
dpr_orc_prd3 TTGCDCP#1
dpr_orc_prd3 TTGCDCPZ
dpr_orc_prd3 TTGCDPP
dpr_orc_prd3 TTGCDPPY
dpr_orc_prd3 TTGDCDP
dpr_orc_prd3 TTGDCDP#1
dpr_orc_prd3 TTGDCDPZ
dpr_orc_prd3 TTGDLSP
dpr_orc_prd3 TTGGCDP
dpr_orc_prd3 TTGGLDP
dpr_orc_prd3 TTGMCDP
dpr_orc_prd3 TTGMCDP#1
dpr_orc_prd3 TTGMCDPZ
dpr_orc_prd3 TTGMEIP
dpr_orc_prd3 TTGRELP
dpr_orc_prd3 TTGSICP
dpr_orc_prd3 TTGSICP1
dpr_orc_prd3 TTGSIDP
dpr_orc_prd3 TTGSPCP
dpr_orc_prd3 TTGSPCP1
dpr_orc_prd3 TTGSTCP
dpr_orc_prd3 TTGWMHP
dpr_orc_prd3 TTGXFPP
dpr_orc_prd3 TTHASKP
dpr_orc_prd3 TTHBACP
dpr_orc_prd3 TTHBAGP
dpr_orc_prd3 TTHBRMP
dpr_orc_prd3 TTHCRLP
dpr_orc_prd3 TTHSARP
dpr_orc_prd3 TTHSPDP
dpr_orc_prd3 TTIDRHP
dpr_orc_prd3 TTIDRTP
dpr_orc_prd3 TTIMCRP
dpr_orc_prd3 TTIPACP
dpr_orc_prd3 TTIPAVP
dpr_orc_prd3 TTIPDIP
dpr_orc_prd3 TTIPECP
dpr_orc_prd3 TTIPECP1
dpr_orc_prd3 TTIPFMP
dpr_orc_prd3 TTIPWKP
dpr_orc_prd3 TTIPWKP1
dpr_orc_prd3 TTIRATP
dpr_orc_prd3 TTIRATPX
dpr_orc_prd3 TTIRFSP
dpr_orc_prd3 TTIRMHP
dpr_orc_prd3 TTLCPLP
dpr_orc_prd3 TTLDPDPT
dpr_orc_prd3 TTMBKCP
dpr_orc_prd3 TTMKSDP
dpr_orc_prd3 TTMRATP
dpr_orc_prd3 TTNFWCFP
dpr_orc_prd3 TTOCTLP
dpr_orc_prd3 TTOFECP
dpr_orc_prd3 TTOFMAP
dpr_orc_prd3 TTOFMHP
dpr_orc_prd3 TTOFMKP
dpr_orc_prd3 TTOFOTP
dpr_orc_prd3 TTOFQYP
dpr_orc_prd3 TTOPMHP
dpr_orc_prd3 TTOPRCP
dpr_orc_prd3 TTOPRCP1
dpr_orc_prd3 TTOPRCPT
dpr_orc_prd3 TTOPRCPX
dpr_orc_prd3 TTOPRCPY
dpr_orc_prd3 TTORMHP
dpr_orc_prd3 TTPCPLP
dpr_orc_prd3 TTPDCGP
dpr_orc_prd3 TTPDCTP
dpr_orc_prd3 TTPDEXP
dpr_orc_prd3 TTPDMHP
dpr_orc_prd3 TTPDMPP
dpr_orc_prd3 TTPDSPP
dpr_orc_prd3 TTPLPPP
dpr_orc_prd3 TTQRYFP
dpr_orc_prd3 TTQRYFP@SS
dpr_orc_prd3 TTRPDPP
dpr_orc_prd3 TTRTCPP
dpr_orc_prd3 TTRVDSP
dpr_orc_prd3 TTRVPCP
dpr_orc_prd3 TTRXRBP
dpr_orc_prd3 TTSBDTP
dpr_orc_prd3 TTSDCPP
dpr_orc_prd3 TTSOBJD
dpr_orc_prd3 TTSPICP
dpr_orc_prd3 TTSPLFP
dpr_orc_prd3 TTSPMHP
dpr_orc_prd3 TTSRATP
dpr_orc_prd3 TTSRATPT
dpr_orc_prd3 TTSRATPX
dpr_orc_prd3 TTSRATPY
dpr_orc_prd3 TTSRMAP
dpr_orc_prd3 TTSRMHP
dpr_orc_prd3 TTSTDPP
dpr_orc_prd3 TTSWCLP
dpr_orc_prd3 TTTMSFP
dpr_orc_prd3 TTTRBHP
dpr_orc_prd3 TTTRBRP
dpr_orc_prd3 TTTRCCP
dpr_orc_prd3 TTTRDSP
dpr_orc_prd3 TTTRUDP
dpr_orc_prd3 TTTTTVP
dpr_orc_prd3 TTUSRPP
dpr_orc_prd3 TTXCTSP
dpr_orc_prd3 TTXDFPP
dpr_orc_prd3 TTXSTSP
dpr_orc_prd3 WSCCR1P
dpr_orc_prd3 ZHDGNCP
dpr_orc_prd3 ZHDGSPP
dpr_orc_prd2 ADBALFP
dpr_orc_prd2 ADENTJP
dpr_orc_prd2 ADENTRP
dpr_orc_prd2 ADEXASP
dpr_orc_prd2 ADEXGLP
dpr_orc_prd2 ADFAMJP
dpr_orc_prd2 ADFAMSP
dpr_orc_prd2 ADFAMVP
dpr_orc_prd2 ADFAXFP
dpr_orc_prd2 ADFAXJP
dpr_orc_prd2 ADFMANP
dpr_orc_prd2 ADIPDTP
dpr_orc_prd2 ADIPHDP
dpr_orc_prd2 ADITMCP
dpr_orc_prd2 ADMACJP
dpr_orc_prd2 ADMACLP
dpr_orc_prd2 ADPHLDP
dpr_orc_prd2 ADPTYCP
dpr_orc_prd2 ADPTYJP
dpr_orc_prd2 ADSUCRP
dpr_orc_prd2 ADSUPCP
dpr_orc_prd2 ADSUPJP
dpr_orc_prd2 ADTNFAP
dpr_orc_prd2 AFADDRP
dpr_orc_prd2 AFAFEJP
dpr_orc_prd2 AFAFESP
dpr_orc_prd2 AFAFMSP
dpr_orc_prd2 AFAFSTP
dpr_orc_prd2 AFAOEJP
dpr_orc_prd2 AFASEJP
dpr_orc_prd2 AFASESP
dpr_orc_prd2 AFASMSP
dpr_orc_prd2 AFGCMSP
dpr_orc_prd2 AFSIADP
dpr_orc_prd2 AFSICPP
dpr_orc_prd2 AFSIMSP
dpr_orc_prd2 AFSIRAP
dpr_orc_prd2 AFSTMSP
dpr_orc_prd2 AICRDFP
dpr_orc_prd2 AM@LAFP1
dpr_orc_prd2 AM@LAFP2
dpr_orc_prd2 AM@LAFP21
dpr_orc_prd2 AM@LAFP2B
dpr_orc_prd2 AM@LAFP3
dpr_orc_prd2 AM@LAFP4
dpr_orc_prd2 AM@LAFP5
dpr_orc_prd2 AM@SPFP1
dpr_orc_prd2 AM@SPFP10
dpr_orc_prd2 AM@SPFP11
dpr_orc_prd2 AM@SPFP12
dpr_orc_prd2 AM@SPFP13
dpr_orc_prd2 AM@SPFP13B
dpr_orc_prd2 AM@SPFP14
dpr_orc_prd2 AM@SPFP1B
dpr_orc_prd2 AM@SPFP2
dpr_orc_prd2 AM@SPFP3
dpr_orc_prd2 AM@SPFP3B
dpr_orc_prd2 AM@SPFP4
dpr_orc_prd2 AM@SPFP51
dpr_orc_prd2 AM@SPFP52
dpr_orc_prd2 AM@SPFP52B
dpr_orc_prd2 AM@SPFP6
dpr_orc_prd2 AM@SPFP7
dpr_orc_prd2 AM@SPFP9
dpr_orc_prd2 AT@LAFP1
dpr_orc_prd2 AT@LAFP2
dpr_orc_prd2 AT@LAFP3
dpr_orc_prd2 AT@LAFP4
dpr_orc_prd2 AT@SPFP2
dpr_orc_prd2 AT@SPFP5
dpr_orc_prd2 BAABLCP
dpr_orc_prd2 BAACIGP
dpr_orc_prd2 BABPRPP
dpr_orc_prd2 BABPSPP
dpr_orc_prd2 BADCPBP
dpr_orc_prd2 BAIMAHP
dpr_orc_prd2 BAIMECP
dpr_orc_prd2 BAIMGTP
dpr_orc_prd2 BAIMPHP
dpr_orc_prd2 BAIOBCP
dpr_orc_prd2 BAOMGCP
dpr_orc_prd2 BAOMPHP
dpr_orc_prd2 BAOMTHP
dpr_orc_prd2 BAPEIGP
dpr_orc_prd2 BAPTACP
dpr_orc_prd2 BASAINP
dpr_orc_prd2 BASAMSP
dpr_orc_prd2 BA@SMSP
dpr_orc_prd2 BASSAFP
dpr_orc_prd2 BASSMSP
dpr_orc_prd2 BS@CIFP
dpr_orc_prd2 CHBKTRP
dpr_orc_prd2 CHCABSP
dpr_orc_prd2 CHCIDCP
dpr_orc_prd2 CHCLMTP
dpr_orc_prd2 CHCUSTP
dpr_orc_prd2 CNALINP
dpr_orc_prd2 CNBPCSP
dpr_orc_prd2 CNFDSMP
dpr_orc_prd2 CN@IDIP
dpr_orc_prd2 CN@IDJP
dpr_orc_prd2 CPCBRCP
dpr_orc_prd2 CPCGEXP
dpr_orc_prd2 CPCGEXP2
dpr_orc_prd2 CPCUSTP
dpr_orc_prd2 CPMACCP
dpr_orc_prd2 CPOASTP1
dpr_orc_prd2 CPSSTDP
dpr_orc_prd2 CPTPCNP
dpr_orc_prd2 CRBSEWP
dpr_orc_prd2 CRBSEWP1
dpr_orc_prd2 CRBSNMP
dpr_orc_prd2 CR@BSNP
dpr_orc_prd2 CRBSNTP
dpr_orc_prd2 CRBSPBP
dpr_orc_prd2 CRBSPBP1
dpr_orc_prd2 CRBSPCP
dpr_orc_prd2 CR@CFIP
dpr_orc_prd2 CR@CFIP1
dpr_orc_prd2 CR@CFOP1
dpr_orc_prd2 CR@CRLP
dpr_orc_prd2 CR@TTWP1
dpr_orc_prd2 CSAAMSP
dpr_orc_prd2 CSAMGDP
dpr_orc_prd2 CS@LPGP
dpr_orc_prd2 CSMCBPP
dpr_orc_prd2 DCACMSP
dpr_orc_prd2 DCCRMNP
dpr_orc_prd2 DCDRICP
dpr_orc_prd2 DCPDCPP
dpr_orc_prd2 DCUOEXP
dpr_orc_prd2 DDACADP
dpr_orc_prd2 DDACESP
dpr_orc_prd2 DDACMCP
dpr_orc_prd2 DDACMSP
dpr_orc_prd2 DDBSCLP
dpr_orc_prd2 DDCBPCP
dpr_orc_prd2 DDCBPTP
dpr_orc_prd2 DDCISPP
dpr_orc_prd2 DDCNOWP
dpr_orc_prd2 DDCQALP
dpr_orc_prd2 DDCQBKP
dpr_orc_prd2 DDCQIFP
dpr_orc_prd2 DDCQSTP
dpr_orc_prd2 DDCRCPP
dpr_orc_prd2 DDCRINP
dpr_orc_prd2 DDCTKUP
dpr_orc_prd2 DDERINP
dpr_orc_prd2 DDGCTTP
dpr_orc_prd2 DDGMAPP
dpr_orc_prd2 DDGMASP
dpr_orc_prd2 DDGS1BP
dpr_orc_prd2 DDGSAPP
dpr_orc_prd2 DDGSASP
dpr_orc_prd2 DDIAMJP
dpr_orc_prd2 DDINACP
dpr_orc_prd2 DDINAVP
dpr_orc_prd2 DDINSRP
dpr_orc_prd2 DDLBBEP
dpr_orc_prd2 DDMSCMP
dpr_orc_prd2 DDOTKUP
dpr_orc_prd2 DDPASTP
dpr_orc_prd2 DDPDCPP
dpr_orc_prd2 DDPIRCP
dpr_orc_prd2 DDRAACP
dpr_orc_prd2 DDRAAMP
dpr_orc_prd2 DDRHXQP
dpr_orc_prd2 DDSMCJP
dpr_orc_prd2 DDSMCPP
dpr_orc_prd2 DDSPCPP
dpr_orc_prd2 DDSPCQP
dpr_orc_prd2 DDSTMTP
dpr_orc_prd2 DDSWCLP
dpr_orc_prd2 DDUWINP
dpr_orc_prd2 DDVLBLP
dpr_orc_prd2 DNMIAAP
dpr_orc_prd2 DNMIACP
dpr_orc_prd2 DNMICSP
dpr_orc_prd2 DNNADPP
dpr_orc_prd2 EBAECLP
dpr_orc_prd2 EBAEMMP
dpr_orc_prd2 EBAERQP
dpr_orc_prd2 EBAPINP
dpr_orc_prd2 EBBPINP
dpr_orc_prd2 EBCPINP
dpr_orc_prd2 EBCQBRP
dpr_orc_prd2 EBCRSTP
dpr_orc_prd2 EBCUAAP
dpr_orc_prd2 EBCUADP
dpr_orc_prd2 EBCUARP
dpr_orc_prd2 EBCUSTP
dpr_orc_prd2 EBDCNOP
dpr_orc_prd2 EBEMRQP
dpr_orc_prd2 EBFMARP
dpr_orc_prd2 EBFMCUP
dpr_orc_prd2 EBFMNAP
dpr_orc_prd2 EBGMADP
dpr_orc_prd2 EBGMCJP
dpr_orc_prd2 EBLREFP
dpr_orc_prd2 EBMIEXP
dpr_orc_prd2 EBPDPYP
dpr_orc_prd2 EBTRSTP
dpr_orc_prd2 EPABAJP
dpr_orc_prd2 EPACLMP
dpr_orc_prd2 EPACLMP1
dpr_orc_prd2 EPACLPP
dpr_orc_prd2 EPACMSP
dpr_orc_prd2 EPALSFP
dpr_orc_prd2 EPASMSP
dpr_orc_prd2 EPBDCCP
dpr_orc_prd2 EPBEFCP
dpr_orc_prd2 EPBLCBP
dpr_orc_prd2 EPBLDSP
dpr_orc_prd2 EPBLDXP
dpr_orc_prd2 EPBLHXP
dpr_orc_prd2 EPBLIHP
dpr_orc_prd2 EP@BLMP
dpr_orc_prd2 EPBLMSP
dpr_orc_prd2 EPBLRCP
dpr_orc_prd2 EPBLSFP
dpr_orc_prd2 EPBLSTP
dpr_orc_prd2 EPBLTOP
dpr_orc_prd2 EPBLWAP
dpr_orc_prd2 EPBLWXP
dpr_orc_prd2 EPBPCPP
dpr_orc_prd2 EPBRDRP
dpr_orc_prd2 EPBRDSP
dpr_orc_prd2 EPBRDWP
dpr_orc_prd2 EPBUAPP
dpr_orc_prd2 EPCBBMP
dpr_orc_prd2 EPCBCLP
dpr_orc_prd2 EPCBLFP
dpr_orc_prd2 EPCBSTP
dpr_orc_prd2 EPCCSMP
dpr_orc_prd2 EPCFDJP
dpr_orc_prd2 EPCFMAP
dpr_orc_prd2 EPCFMSP
dpr_orc_prd2 EPCFWAP
dpr_orc_prd2 EPCHGPP
dpr_orc_prd2 EPCHPMP
dpr_orc_prd2 EPCHWAP
dpr_orc_prd2 EPCLAUP
dpr_orc_prd2 EPCLUSP
dpr_orc_prd2 EPCMSTP
dpr_orc_prd2 EPCNBBP
dpr_orc_prd2 EPCNWAP
dpr_orc_prd2 EPCON2P
dpr_orc_prd2 EPCSRNP
dpr_orc_prd2 EPCTLPP
dpr_orc_prd2 EPCUWAP
dpr_orc_prd2 EPDANSP
dpr_orc_prd2 EPDBSCP
dpr_orc_prd2 EPDBSTP
dpr_orc_prd2 EPDCCBP
dpr_orc_prd2 EPDCCPP
dpr_orc_prd2 EPDCDSP
dpr_orc_prd2 EPDCMSP
dpr_orc_prd2 EPDCSTP
dpr_orc_prd2 EPDLWAP
dpr_orc_prd2 EPDPDCP
dpr_orc_prd2 EPDPITP
dpr_orc_prd2 EPDPMSP
dpr_orc_prd2 EPDPWAP
dpr_orc_prd2 EPDSCRP
dpr_orc_prd2 EPDSWAP
dpr_orc_prd2 EPEBLFP
dpr_orc_prd2 EPECILP
dpr_orc_prd2 EPEDCFP
dpr_orc_prd2 EPEMRDP
dpr_orc_prd2 EPEMRQP
dpr_orc_prd2 EPFEXSP
dpr_orc_prd2 EPFSIDP
dpr_orc_prd2 EPGECPP
dpr_orc_prd2 EPGFPRPT
dpr_orc_prd2 EPGFXPP
dpr_orc_prd2 EPGIPRPT
dpr_orc_prd2 EPGMSCP
dpr_orc_prd2 EPGPRDPT
dpr_orc_prd2 EPHDRIP
dpr_orc_prd2 EPHITMP
dpr_orc_prd2 EPIBLFP
dpr_orc_prd2 EPICMCP
dpr_orc_prd2 EPICMSP
dpr_orc_prd2 EPIDCFP
dpr_orc_prd2 EPINAJP
dpr_orc_prd2 EPINGSP
dpr_orc_prd2 EPISGFP
dpr_orc_prd2 EPLNDFP
dpr_orc_prd2 EPMDCDP
dpr_orc_prd2 EPOCTDP
dpr_orc_prd2 EPODMAP
dpr_orc_prd2 EPODMSP
dpr_orc_prd2 EPODWAP
dpr_orc_prd2 EPPDCPP
dpr_orc_prd2 EPPDUEP
dpr_orc_prd2 EPPLLKP
dpr_orc_prd2 EPPOWAP
dpr_orc_prd2 EPQBRDP
dpr_orc_prd2 EPSAAWP
dpr_orc_prd2 EPSCWAP
dpr_orc_prd2 EPSENTP
dpr_orc_prd2 EPSIMSP
dpr_orc_prd2 EPSIWAP
dpr_orc_prd2 EPSPINP
dpr_orc_prd2 EPSPMSP
dpr_orc_prd2 EPSPNCP
dpr_orc_prd2 EPSPWAP
dpr_orc_prd2 EPSPWIP
dpr_orc_prd2 EPSTMSP
dpr_orc_prd2 EPSTSRP
dpr_orc_prd2 EPSTWAP
dpr_orc_prd2 EPSVPRP
dpr_orc_prd2 EPSYCPP
dpr_orc_prd2 EPTATPP
dpr_orc_prd2 EPTLFCP
dpr_orc_prd2 EPTRCLP
dpr_orc_prd2 EPTRDCP
dpr_orc_prd2 EPTXRNP
dpr_orc_prd2 EPXDCCP
dpr_orc_prd2 EPXMTHP
dpr_orc_prd2 EPXTCLP
dpr_orc_prd2 EPXTIFP
dpr_orc_prd2 HD@PODP
dpr_orc_prd2 HD@POSP
dpr_orc_prd2 HD@PRFP
dpr_orc_prd2 HOACTLP
dpr_orc_prd2 HOOUTLP
dpr_orc_prd2 HSAAOUP
dpr_orc_prd2 HSAASCP
dpr_orc_prd2 HSACADP
dpr_orc_prd2 HSACAEP
dpr_orc_prd2 HSACAWP
dpr_orc_prd2 HSACHDP
dpr_orc_prd2 HSACIMP
dpr_orc_prd2 HSACMSP
dpr_orc_prd2 HS@ACMSP
dpr_orc_prd2 HSACMVP
dpr_orc_prd2 HSACPSP
dpr_orc_prd2 HSACSPP
dpr_orc_prd2 HSACSTP
dpr_orc_prd2 HS@ACTP
dpr_orc_prd2 HSAHCGP
dpr_orc_prd2 HS@AHDP
dpr_orc_prd2 HS@ALCP
dpr_orc_prd2 HS@ALFP
dpr_orc_prd2 HS@ALSP
dpr_orc_prd2 HSALVLP
dpr_orc_prd2 HS@ANCP
dpr_orc_prd2 HS@ANFP
dpr_orc_prd2 HS@ANSP
dpr_orc_prd2 HSAOACP
dpr_orc_prd2 HS@APSP
dpr_orc_prd2 HSASACP
dpr_orc_prd2 HS@ASBP
dpr_orc_prd2 HSATCWP
dpr_orc_prd2 HSAVBQP
dpr_orc_prd2 HSAVRHP
dpr_orc_prd2 HS@BKFP
dpr_orc_prd2 HSCALWP
dpr_orc_prd2 HSCDHWP
dpr_orc_prd2 HSCDSLP
dpr_orc_prd2 HSCDSNP
dpr_orc_prd2 HSCEABP
dpr_orc_prd2 HSCEAHP
dpr_orc_prd2 HSCEANP
dpr_orc_prd2 HSCEARP
dpr_orc_prd2 HSCEBBP
dpr_orc_prd2 HSCECCP
dpr_orc_prd2 HSCEDDP
dpr_orc_prd2 HSCEETP
dpr_orc_prd2 HS@CEFP
dpr_orc_prd2 HSCEIFP
dpr_orc_prd2 HSCEIJP
dpr_orc_prd2 HSCELJP
dpr_orc_prd2 HSCELRP
dpr_orc_prd2 HSCEMJP
dpr_orc_prd2 HSCEMRP
dpr_orc_prd2 HSCENAP
dpr_orc_prd2 HSCEOJP
dpr_orc_prd2 HSCEORP
dpr_orc_prd2 HSCEPMP
dpr_orc_prd2 HSCEQLP
dpr_orc_prd2 HSCERCP
dpr_orc_prd2 HSCESTP
dpr_orc_prd2 HSCETNP
dpr_orc_prd2 HSCETYP
dpr_orc_prd2 HSCEUBP
dpr_orc_prd2 HSCEVPP
dpr_orc_prd2 HSCEXRP
dpr_orc_prd2 HSCEYBP
dpr_orc_prd2 HSCEYCP
dpr_orc_prd2 HSCEYDP
dpr_orc_prd2 HSCGALP
dpr_orc_prd2 HSCGCLP
dpr_orc_prd2 HSCGHDP
dpr_orc_prd2 HSCGHJP
dpr_orc_prd2 HSCGSTP
dpr_orc_prd2 HSCIEHP
dpr_orc_prd2 HS@CIFP
dpr_orc_prd2 HSCISGP
dpr_orc_prd2 HSCIUCP
dpr_orc_prd2 HSCIUEP
dpr_orc_prd2 HS@CMAP
dpr_orc_prd2 HS@CNSP
dpr_orc_prd2 HSCPCJP
dpr_orc_prd2 HSCPCLP
dpr_orc_prd2 HS@CPFP
dpr_orc_prd2 HSCPPTP
dpr_orc_prd2 HSCPTYP
dpr_orc_prd2 HSCRQCP
dpr_orc_prd2 HSCSRQP
dpr_orc_prd2 HS@CTJP
dpr_orc_prd2 HSCUSTP
dpr_orc_prd2 HSDBHCP
dpr_orc_prd2 HSDFTWP
dpr_orc_prd2 HSDICHP
dpr_orc_prd2 HSDICQP
dpr_orc_prd2 HSDIDHP
dpr_orc_prd2 HSDIDQP
dpr_orc_prd2 HSDIEHP
dpr_orc_prd2 HSDIEQP
dpr_orc_prd2 HSDINQP
dpr_orc_prd2 HS@DIRQP
dpr_orc_prd2 HSDISHP
dpr_orc_prd2 HSDISQP
dpr_orc_prd2 HSDITHP
dpr_orc_prd2 HSDITTP
dpr_orc_prd2 HSDIXQP
dpr_orc_prd2 HSDLARP
dpr_orc_prd2 HSDLJNP
dpr_orc_prd2 HS@DMFP
dpr_orc_prd2 HS@DMVP
dpr_orc_prd2 HSDORHP
dpr_orc_prd2 HSDORQP
dpr_orc_prd2 HSDOTTP
dpr_orc_prd2 HS@DTFP
dpr_orc_prd2 HS@DWFP
dpr_orc_prd2 HSENRPP
dpr_orc_prd2 HS@ENTFP
dpr_orc_prd2 HSESLGP
dpr_orc_prd2 HSESPQP
dpr_orc_prd2 HSESRQP
dpr_orc_prd2 HSEXCTP
dpr_orc_prd2 HSFNCTP
dpr_orc_prd2 HSFSCCP
dpr_orc_prd2 HSGASCP
dpr_orc_prd2 HSGASJP
dpr_orc_prd2 HSGMNSP
dpr_orc_prd2 HSGRAMP
dpr_orc_prd2 HSHDMNP
dpr_orc_prd2 HS@HDMP
dpr_orc_prd2 HSHDMVP
dpr_orc_prd2 HSHLD2PC
dpr_orc_prd2 HSHLDRP
dpr_orc_prd2 HSHPEWP
dpr_orc_prd2 HSIAOLP
dpr_orc_prd2 HSINFCP
dpr_orc_prd2 HS@INSP
dpr_orc_prd2 HS@INTFP
dpr_orc_prd2 HS@INTTP
dpr_orc_prd2 HSMBCDP
dpr_orc_prd2 HS@MDRP
dpr_orc_prd2 HS@MKPP
dpr_orc_prd2 HS@MPMP
dpr_orc_prd2 HS@MSJP
dpr_orc_prd2 HS@MSMP
dpr_orc_prd2 HS@MSSP
dpr_orc_prd2 HSNIALP
dpr_orc_prd2 HSODCGP
dpr_orc_prd2 HSOMGCP
dpr_orc_prd2 HSPAPCP
dpr_orc_prd2 HS@PORTFP
dpr_orc_prd2 HS@QD1P
dpr_orc_prd2 HS@QFIP
dpr_orc_prd2 HS@QFMP
dpr_orc_prd2 HS@QFXP
dpr_orc_prd2 HS@QRYP
dpr_orc_prd2 HS@RCBP
dpr_orc_prd2 HS@RDAP
dpr_orc_prd2 HSRDAWP
dpr_orc_prd2 HSRDCWP
dpr_orc_prd2 HSRDILP
dpr_orc_prd2 HS@RDNP
dpr_orc_prd2 HS@RDTP
dpr_orc_prd2 HSRDWWP
dpr_orc_prd2 HSRHXCP
dpr_orc_prd2 HSRHXDP
dpr_orc_prd2 HSRHXTP
dpr_orc_prd2 HS@RMBP
dpr_orc_prd2 HSRMPSP
dpr_orc_prd2 HSRTALP
dpr_orc_prd2 HSSCALP
dpr_orc_prd2 HSSCINP
dpr_orc_prd2 HS@SCIP
dpr_orc_prd2 HSSCMSP
dpr_orc_prd2 HSSCPCP
dpr_orc_prd2 HS@SCRP
dpr_orc_prd2 HSSCTYP
dpr_orc_prd2 HSSEGRP
dpr_orc_prd2 HSSFLMP
dpr_orc_prd2 HS@SMAP
dpr_orc_prd2 HSSRDMP
dpr_orc_prd2 HSSRDSP
dpr_orc_prd2 HSSRMKP
dpr_orc_prd2 HS@STNP
dpr_orc_prd2 HSTAALP
dpr_orc_prd2 HSTICKP
dpr_orc_prd2 HS@TOTFP
dpr_orc_prd2 HSTXBTP
dpr_orc_prd2 HSUPCLP
dpr_orc_prd2 HSUPLCP
dpr_orc_prd2 HS@WHTP
dpr_orc_prd2 HSXTCLP
dpr_orc_prd2 HSXTMTP
dpr_orc_prd2 HSXTTHP
dpr_orc_prd2 HSZACPP
dpr_orc_prd2 HSZANSP
dpr_orc_prd2 HSZBTOP
dpr_orc_prd2 HSZCCAP
dpr_orc_prd2 HSZCCMP
dpr_orc_prd2 HSZCEEP
dpr_orc_prd2 HSZCESP
dpr_orc_prd2 HSZCGIP
dpr_orc_prd2 HSZCGYP
dpr_orc_prd2 HSZDMGP
dpr_orc_prd2 HSZIMDP
dpr_orc_prd2 HSZIMRP
dpr_orc_prd2 HSZIMSP
dpr_orc_prd2 HSZIMTP
dpr_orc_prd2 HSZRDFP
dpr_orc_prd2 HSZRDTP
dpr_orc_prd2 HSZRFDP
dpr_orc_prd2 HSZSASP
dpr_orc_prd2 HTALSFP
dpr_orc_prd2 HTBCHCP
dpr_orc_prd2 HTBCHCP5
dpr_orc_prd2 HTBCHCP9
dpr_orc_prd2 HTMQLCP
dpr_orc_prd2 HTTLMTP
dpr_orc_prd2 HTTSLMP
dpr_orc_prd2 LP@3PFP
dpr_orc_prd2 LP@BNFP
dpr_orc_prd2 LP@CCFP
dpr_orc_prd2 LP@CEFP
dpr_orc_prd2 LP@CHGP
dpr_orc_prd2 LP@CHLP
dpr_orc_prd2 LP@MBRP
dpr_orc_prd2 LP@PBJP
dpr_orc_prd2 LP@VASP
dpr_orc_prd2 LSACMSP
dpr_orc_prd2 LSACMWP
dpr_orc_prd2 LSARLEP
dpr_orc_prd2 LSARMEP
dpr_orc_prd2 LSBSCPP
dpr_orc_prd2 LSCBPCP
dpr_orc_prd2 LSCBPTP
dpr_orc_prd2 LSCHGCP
dpr_orc_prd2 LSCLPSP
dpr_orc_prd2 LSCSRQP
dpr_orc_prd2 LSEXATP
dpr_orc_prd2 LSGFPRPT
dpr_orc_prd2 LSGIPRPT
dpr_orc_prd2 LSGPRDCP
dpr_orc_prd2 LSGPRDPT
dpr_orc_prd2 LSGPRFPT
dpr_orc_prd2 LSICSLP
dpr_orc_prd2 LSICSLP1
dpr_orc_prd2 LSILRJP
dpr_orc_prd2 LSILRSP
dpr_orc_prd2 LSINACP
dpr_orc_prd2 LSINACP1
dpr_orc_prd2 LSINACP9
dpr_orc_prd2 LSINSLP
dpr_orc_prd2 LSINSLP1
dpr_orc_prd2 LSOFACP
dpr_orc_prd2 LSOIACP
dpr_orc_prd2 LSOIACP9
dpr_orc_prd2 LSPDCPP
dpr_orc_prd2 LSRCDHP
dpr_orc_prd2 LSRCDTP
dpr_orc_prd2 LSRPACP
dpr_orc_prd2 LSRPJNP
dpr_orc_prd2 LSRPSCP
dpr_orc_prd2 LSRPSLP
dpr_orc_prd2 LSRPSLP1
dpr_orc_prd2 LSSHLCP
dpr_orc_prd2 LSSMCPP
dpr_orc_prd2 LSSPCPP
dpr_orc_prd2 LSSTMTP
dpr_orc_prd2 LSTRJNP
dpr_orc_prd2 MGCBAWP
dpr_orc_prd2 MGCBAWP1
dpr_orc_prd2 MGCBSNP
dpr_orc_prd2 MKADIDP
dpr_orc_prd2 MKASCTP
dpr_orc_prd2 MKASCTP1
dpr_orc_prd2 MKAVCZP
dpr_orc_prd2 MKCMCTP
dpr_orc_prd2 MKCOCTP
dpr_orc_prd2 MKCRAIP
dpr_orc_prd2 MKCRAIP0
dpr_orc_prd2 MKCRCIP
dpr_orc_prd2 MKCRCIP0
dpr_orc_prd2 MKCRSAP
dpr_orc_prd2 MKCRSAP0
dpr_orc_prd2 MKDCACP
dpr_orc_prd2 MKDCACP0
dpr_orc_prd2 MKDDACP
dpr_orc_prd2 MKDICTP
dpr_orc_prd2 MKDMCTP
dpr_orc_prd2 MKDSCTP
dpr_orc_prd2 MKELCTP
dpr_orc_prd2 MKEMCTP
dpr_orc_prd2 MKGACTP
dpr_orc_prd2 MKHICTP
dpr_orc_prd2 MKHOCTP
dpr_orc_prd2 MKIPCTP
dpr_orc_prd2 MKJSCTP
dpr_orc_prd2 MKLCCTP
dpr_orc_prd2 MKLCYCP
dpr_orc_prd2 MKLTCTP
dpr_orc_prd2 MKMCCTP
dpr_orc_prd2 MKMECTP
dpr_orc_prd2 MKMGCTP
dpr_orc_prd2 MKMICTP
dpr_orc_prd2 MKOCCTP
dpr_orc_prd2 MKPICTP
dpr_orc_prd2 MKRCYCP
dpr_orc_prd2 MKRICTP
dpr_orc_prd2 MKRICTP1
dpr_orc_prd2 MKRICTP2
dpr_orc_prd2 MKRLCTP
dpr_orc_prd2 MKROCTP
dpr_orc_prd2 MKSDRKP
dpr_orc_prd2 MKSDRKP0
dpr_orc_prd2 MKSDSTP
dpr_orc_prd2 MKTACTP
dpr_orc_prd2 MKTDACP
dpr_orc_prd2 MKTOCTP
dpr_orc_prd2 MKTRCTP
dpr_orc_prd2 MKTTCTP
dpr_orc_prd2 MKXTCTP
dpr_orc_prd2 MKYYMMP
dpr_orc_prd2 MKYYMMP0
dpr_orc_prd2 ORBBCJP
dpr_orc_prd2 ORBBCPP
dpr_orc_prd2 ORCBLDP
dpr_orc_prd2 ORCMGPP
dpr_orc_prd2 ORCOMSP
dpr_orc_prd2 ORCOUSP
dpr_orc_prd2 ORCQTSP
dpr_orc_prd2 ORDSMSP
dpr_orc_prd2 ORDTMSP
dpr_orc_prd2 ORFMTSP
dpr_orc_prd2 ORLVLSP
dpr_orc_prd2 ORMGSTP
dpr_orc_prd2 ORPDCPP
dpr_orc_prd2 ORRMIPP
dpr_orc_prd2 ORSKJDP
dpr_orc_prd2 ORSTKJP
dpr_orc_prd2 ORSTKSP
dpr_orc_prd2 ORTCCPP
dpr_orc_prd2 ORTCQDP
dpr_orc_prd2 PAMPLGP1
dpr_orc_prd2 PBACIDP
dpr_orc_prd2 PBAVRQP
dpr_orc_prd2 PBCDRLP
dpr_orc_prd2 PBCFCLP
dpr_orc_prd2 PBCRIDP
dpr_orc_prd2 PBCRIUP
dpr_orc_prd2 PBPYARP
dpr_orc_prd2 PHCUSTP
dpr_orc_prd2 PLACMSP
dpr_orc_prd2 PLAINSP
dpr_orc_prd2 PLBSCPP
dpr_orc_prd2 PLCBPCP
dpr_orc_prd2 PLCBPTP
dpr_orc_prd2 PLCMCCP
dpr_orc_prd2 PLCSRQP
dpr_orc_prd2 PLGSCPP
dpr_orc_prd2 PLPDCPP
dpr_orc_prd2 PLSETIP
dpr_orc_prd2 PLSPCPP
dpr_orc_prd2 PLSTATP
dpr_orc_prd2 RSPRCEP
dpr_orc_prd2 RXACMSP
dpr_orc_prd2 RXBCRQP
dpr_orc_prd2 RXCSRQP
dpr_orc_prd2 RXCTLMP
dpr_orc_prd2 RXCTMSP
dpr_orc_prd2 RXCYIFP
dpr_orc_prd2 RXDAWAP
dpr_orc_prd2 RXEXPLP
dpr_orc_prd2 RXFMLCP
dpr_orc_prd2 RXFMLPP
dpr_orc_prd2 RXFMTPP
dpr_orc_prd2 RXFTOSP
dpr_orc_prd2 RXGCMSP
dpr_orc_prd2 RXGFPRPT
dpr_orc_prd2 RXGHALP
dpr_orc_prd2 RXGHIEP
dpr_orc_prd2 RXGHSTP
dpr_orc_prd2 RXGIPRPT
dpr_orc_prd2 RXGPRDPT
dpr_orc_prd2 RXGTPRPT
dpr_orc_prd2 RXMREXP
dpr_orc_prd2 RXSENTP
dpr_orc_prd2 RXSMCPP
dpr_orc_prd2 RXSMPRP
dpr_orc_prd2 RXSMRCP
dpr_orc_prd2 SGDBPCP
dpr_orc_prd2 SGSGDNP
dpr_orc_prd2 SGSGUPP
dpr_orc_prd2 SGTMSTP
dpr_orc_prd2 SGUDPRP
dpr_orc_prd2 SGUPRQP
dpr_orc_prd2 SS@231BP
dpr_orc_prd2 SS@233AP
dpr_orc_prd2 SS@233BP
dpr_orc_prd2 SS@84WP
dpr_orc_prd2 SS@87WP1
dpr_orc_prd2 SS@90WP1
dpr_orc_prd2 SS@90WP4
dpr_orc_prd2 SS@91WP9
dpr_orc_prd2 SS@93WP
dpr_orc_prd2 SS@95WP
dpr_orc_prd2 SSABAJP
dpr_orc_prd2 SSACCPP
dpr_orc_prd2 SSACEXP
dpr_orc_prd2 SSACINP
dpr_orc_prd2 SSACIRP
dpr_orc_prd2 SSACSTP
dpr_orc_prd2 SSADAYP
dpr_orc_prd2 SSADCLP
dpr_orc_prd2 SSADD2P
dpr_orc_prd2 SSADDHP
dpr_orc_prd2 SSADDRP
dpr_orc_prd2 SS@ADJFP
dpr_orc_prd2 SSAFIFP
dpr_orc_prd2 SSAFRTP
dpr_orc_prd2 SSAGACP
dpr_orc_prd2 SSALBFP
dpr_orc_prd2 SSALCFP
dpr_orc_prd2 SSALFBP
dpr_orc_prd2 SSALGBP
dpr_orc_prd2 SSALHIP
dpr_orc_prd2 SSAPCJP
dpr_orc_prd2 SSAPCPP
dpr_orc_prd2 SSASLBP
dpr_orc_prd2 SSATTBP
dpr_orc_prd2 SSAVRPP
dpr_orc_prd2 SSBKLSP
dpr_orc_prd2 SSBLCFP
dpr_orc_prd2 SSBLSTP
dpr_orc_prd2 SS@BMDP
dpr_orc_prd2 SS@BMFP
dpr_orc_prd2 SSBRCPP
dpr_orc_prd2 SS@BRCXP
dpr_orc_prd2 SSCAIFP
dpr_orc_prd2 SSCARPP
dpr_orc_prd2 SSCBBHP
dpr_orc_prd2 SSCBBKP
dpr_orc_prd2 SSCBBNP
dpr_orc_prd2 SSCBBPP
dpr_orc_prd2 SSCBCCP
dpr_orc_prd2 SSCBDLP
dpr_orc_prd2 SSCBKUP
dpr_orc_prd2 SSCBLBP
dpr_orc_prd2 SSCBLIP
dpr_orc_prd2 SSCBNUP
dpr_orc_prd2 SSCBTPP
dpr_orc_prd2 SSCHCLP
dpr_orc_prd2 SSCHDAP
dpr_orc_prd2 SSCHGCP
dpr_orc_prd2 SSCHPFP
dpr_orc_prd2 SSCLACP
dpr_orc_prd2 SSCLADP
dpr_orc_prd2 SSCLFMP
dpr_orc_prd2 SSCLMTP
dpr_orc_prd2 SSCLSIP
dpr_orc_prd2 SSCLSTP
dpr_orc_prd2 SS@CMJFP
dpr_orc_prd2 SSCMSRP
dpr_orc_prd2 SSCPDCP
dpr_orc_prd2 SSCPFCP
dpr_orc_prd2 SSCPFJP
dpr_orc_prd2 SSCRADP
dpr_orc_prd2 SSCRAEP
dpr_orc_prd2 SSCRAMP
dpr_orc_prd2 SSCRASP
dpr_orc_prd2 SSCRATP
dpr_orc_prd2 SSCRAYP
dpr_orc_prd2 SSCRBRP
dpr_orc_prd2 SSCRCCP
dpr_orc_prd2 SSCRCDP
dpr_orc_prd2 SSCRCOP
dpr_orc_prd2 SSCRCTP
dpr_orc_prd2 SSCRDGP
dpr_orc_prd2 SSCRDVP
dpr_orc_prd2 SS@CRGP
dpr_orc_prd2 SSCRNGP
dpr_orc_prd2 SSCRPGP
dpr_orc_prd2 SSCRRGP
dpr_orc_prd2 SSCRSCP
dpr_orc_prd2 SSCRSIP
dpr_orc_prd2 SSCRTCP
dpr_orc_prd2 SSCRTTP
dpr_orc_prd2 SSCSDDP
dpr_orc_prd2 SS@DFAP
dpr_orc_prd2 SS@DFBP
dpr_orc_prd2 SS@DNSP
dpr_orc_prd2 SS@EFTP
dpr_orc_prd2 SS@ELDP
dpr_orc_prd2 SS@ELMP
dpr_orc_prd2 SS@ELPP
dpr_orc_prd2 SS@ELSP
dpr_orc_prd2 SS@EXEXP
dpr_orc_prd2 SS@EXPSP
dpr_orc_prd2 SS@EXPSP1
dpr_orc_prd2 SS@EXTOP
dpr_orc_prd2 SS@EXTUP
dpr_orc_prd2 SS@EXTUP1
dpr_orc_prd2 SS@FEXP
dpr_orc_prd2 SS@FFXP
dpr_orc_prd2 SS@FSOP
dpr_orc_prd2 SS@FSRP
dpr_orc_prd2 SS@FSTP
dpr_orc_prd2 SS@FXBFP
dpr_orc_prd2 SS@GLFP
dpr_orc_prd2 SS@GRRFP
dpr_orc_prd2 SS@GRRFP2
dpr_orc_prd2 SS@HDFP
dpr_orc_prd2 SS@INSP
dpr_orc_prd2 SS@IPLP
dpr_orc_prd2 SS@MXFP
dpr_orc_prd2 SS@MXRP
dpr_orc_prd2 SS@NBFP
dpr_orc_prd2 SS@ODRP
dpr_orc_prd2 SS@ODTP
dpr_orc_prd2 SS@OFFP
dpr_orc_prd2 SS@PBDRP
dpr_orc_prd2 SS@PBOCSP1
dpr_orc_prd2 SS@PBOCSP2
dpr_orc_prd2 SS@PLQP
dpr_orc_prd2 SS@PMRP
dpr_orc_prd2 SS@PMRP1
dpr_orc_prd2 SS@PMRP2
dpr_orc_prd2 SS@PTCP
dpr_orc_prd2 SS@PTJP
dpr_orc_prd2 SS@RDJP
dpr_orc_prd2 SS@RSDP
dpr_orc_prd2 SS@RSHP
dpr_orc_prd2 SS@SAFD1
dpr_orc_prd2 SS@SAFD2
dpr_orc_prd2 SS@SAFM1
dpr_orc_prd2 SS@SAFM2
dpr_orc_prd2 SS@SAFM3
dpr_orc_prd2 SS@SAFM4
dpr_orc_prd2 SS@SAFS1
dpr_orc_prd2 SS@SAFS2
dpr_orc_prd2 SS@SAFW1
dpr_orc_prd2 SS@SAFW2
dpr_orc_prd2 SS@SDPRP
dpr_orc_prd2 SSSECJP
dpr_orc_prd2 SS@SFWBP
dpr_orc_prd2 SS@SOMP
dpr_orc_prd2 SS@SWRP
dpr_orc_prd2 SS@TCQP
dpr_orc_prd2 SSTREXP
dpr_orc_prd2 SS@TRSFP
dpr_orc_prd2 SS@TRSFP2
dpr_orc_prd2 SS@TSACP
dpr_orc_prd2 SS@TSACP2
dpr_orc_prd2 ADTRANP
dpr_orc_prd2 AFASMJP
dpr_orc_prd2 AFASTJP
dpr_orc_prd2 AFSITJP
dpr_orc_prd2 BAIMGHP
dpr_orc_prd2 BAIMGJP
dpr_orc_prd2 BAOMGHP
dpr_orc_prd2 BS@IPHP
dpr_orc_prd2 BS@OPHP
dpr_orc_prd2 BS@OPJP
dpr_orc_prd2 CNFDDWPD
dpr_orc_prd2 CPMPPXP
dpr_orc_prd2 CSDSPJP
dpr_orc_prd2 DCACMJP
dpr_orc_prd2 DDACMJP
dpr_orc_prd2 DDCQBJP
dpr_orc_prd2 DDDLJNP
dpr_orc_prd2 DDIAJHP
dpr_orc_prd2 DDIRHFP
dpr_orc_prd2 DDMSCJP
dpr_orc_prd2 DDMSGJP
dpr_orc_prd2 DDTNJNP
dpr_orc_prd2 DDTNJXP
dpr_orc_prd2 DDUWIJP
dpr_orc_prd2 EBCUSJP
dpr_orc_prd2 EBDCNJP
dpr_orc_prd2 EBPDPJP
dpr_orc_prd2 EBPGRJP
dpr_orc_prd2 EBSVJNP
dpr_orc_prd2 EPACMHP
dpr_orc_prd2 EPALMHP
dpr_orc_prd2 EPBAWAP
dpr_orc_prd2 EPBLDHP
dpr_orc_prd2 EPBLHSP
dpr_orc_prd2 EPCCMHP
dpr_orc_prd2 EPDCDHP
dpr_orc_prd2 EPDCHSP
dpr_orc_prd2 EPHITFP
dpr_orc_prd2 EPPCMHP
dpr_orc_prd2 EPSADAP
dpr_orc_prd2 GLACMJP
dpr_orc_prd2 GLTNJNP
dpr_orc_prd2 HD@HOLP
dpr_orc_prd2 HD@TNHP
dpr_orc_prd2 HETRSNP
dpr_orc_prd2 HSCEBHP
dpr_orc_prd2 HSCECHP
dpr_orc_prd2 HSCEEHP
dpr_orc_prd2 HSCENHP
dpr_orc_prd2 HSCETHP
dpr_orc_prd2 HSCEVHP
dpr_orc_prd2 HSCHRGP
dpr_orc_prd2 HSCIUHP
dpr_orc_prd2 HSDBHHP
dpr_orc_prd2 HSDINHP
dpr_orc_prd2 HS@DIRHP
dpr_orc_prd2 HSDLHSP
dpr_orc_prd2 HSHLDHP
dpr_orc_prd2 HSPSTHP
dpr_orc_prd2 HSRDGHP
dpr_orc_prd2 HSRDHHP
dpr_orc_prd2 HSRDNHP
dpr_orc_prd2 HSRDPHP
dpr_orc_prd2 HSRDTEP
dpr_orc_prd2 HSRDTHP
dpr_orc_prd2 HSRDTJP
dpr_orc_prd2 HS@SCXP
dpr_orc_prd2 HSSTBJP
dpr_orc_prd2 HSSTMJP
dpr_orc_prd2 HSTRSNP
dpr_orc_prd2 IBACIJP
dpr_orc_prd2 IBACSJP
dpr_orc_prd2 IBAPJNP
dpr_orc_prd2 IBCMBJP
dpr_orc_prd2 IBDLIFP
dpr_orc_prd2 IBDLRJP
dpr_orc_prd2 IBTNJNP
dpr_orc_prd2 IBURAJP
dpr_orc_prd2 IBURSJP
dpr_orc_prd2 IETNJNP
dpr_orc_prd2 IPALMHP
dpr_orc_prd2 IPBAWAP
dpr_orc_prd2 IPBLDHP
dpr_orc_prd2 IPBLHSP
dpr_orc_prd2 IPDCHSP
dpr_orc_prd2 IPDCWAP
dpr_orc_prd2 IPLNDHP
dpr_orc_prd2 IPLNHSP
dpr_orc_prd2 IRCBJNP
dpr_orc_prd2 IRDDJNP
dpr_orc_prd2 IRDLIFP
dpr_orc_prd2 IRDLRJP
dpr_orc_prd2 IRTDJNP
dpr_orc_prd2 LP@IPHP
dpr_orc_prd2 LP@OGHP
dpr_orc_prd2 LP@OPHP
dpr_orc_prd2 LP@VAJP
dpr_orc_prd2 LSACMJP
dpr_orc_prd2 LSDLJNP
dpr_orc_prd2 LSIRHFP
dpr_orc_prd2 LSPMHSP
dpr_orc_prd2 LSPRPJP
dpr_orc_prd2 LSRHSLP
dpr_orc_prd2 LSSHLJP
dpr_orc_prd2 LSTNJNP
dpr_orc_prd2 ORDLJNP
dpr_orc_prd2 PBACIJP
dpr_orc_prd2 PBCFCJP
dpr_orc_prd2 PLACMJP
dpr_orc_prd2 PLAINJP
dpr_orc_prd2 PLDLJNP
dpr_orc_prd2 PLTNJNP
dpr_orc_prd2 RXCTHSP
dpr_orc_prd2 RXDLJNP
dpr_orc_prd2 SS@ABHP
dpr_orc_prd2 SSADDJP
dpr_orc_prd2 SSBKLJP
dpr_orc_prd2 SSCAIJP
dpr_orc_prd2 SSCHCJP
dpr_orc_prd2 SSCHDJP
dpr_orc_prd2 SS@CLHP
dpr_orc_prd2 SSCLMJP
dpr_orc_prd2 SSCLSJP
dpr_orc_prd2 SSCRTRP
dpr_orc_prd2 SSCUETP
dpr_orc_prd2 SSCUSJP
dpr_orc_prd2 SSCUSTP
dpr_orc_prd2 SSCUWJP
dpr_orc_prd2 SSCUWOP
dpr_orc_prd2 SSCVFXP
dpr_orc_prd2 SSCYIFP
dpr_orc_prd2 SSCYIJP
dpr_orc_prd2 SSDFACP
dpr_orc_prd2 SSDFUJP
dpr_orc_prd2 SSDFUUP
dpr_orc_prd2 SSEANFP
dpr_orc_prd2 SSEDIHP
dpr_orc_prd2 SSEDINP
dpr_orc_prd2 SSEDTOP
dpr_orc_prd2 SS@EFJP
dpr_orc_prd2 SSEIAMP
dpr_orc_prd2 SSEIASP
dpr_orc_prd2 SSEICMP
dpr_orc_prd2 SSEIEXP
dpr_orc_prd2 SSEIMRP
dpr_orc_prd2 SSEIPCP
dpr_orc_prd2 SSEIPIP
dpr_orc_prd2 SSEIRDP
dpr_orc_prd2 SSEIRIP
dpr_orc_prd2 SSEIRJP
dpr_orc_prd2 SSEISRP
dpr_orc_prd2 SS@ELHP
dpr_orc_prd2 SS@ELTP
dpr_orc_prd2 SSENQLP
dpr_orc_prd2 SSEPPRP
dpr_orc_prd2 SSERUSP
dpr_orc_prd2 SSESPCP
dpr_orc_prd2 SSESSTP
dpr_orc_prd2 SSESTPP
dpr_orc_prd2 SSESTTP
dpr_orc_prd2 SSEXMJP
dpr_orc_prd2 SSEXMPP
dpr_orc_prd2 SSEXMTP
dpr_orc_prd2 SSEXPLP
dpr_orc_prd2 SSEXPSP
dpr_orc_prd2 SSEXRTP
dpr_orc_prd2 SSEXTOP
dpr_orc_prd2 SSFAXRP
dpr_orc_prd2 SSFNRTP
dpr_orc_prd2 SSFXCSP
dpr_orc_prd2 SSGACCP
dpr_orc_prd2 SSGACPP
dpr_orc_prd2 SSGBAGP
dpr_orc_prd2 SSGBAIP
dpr_orc_prd2 SSGBCPP
dpr_orc_prd2 SSGBNMP
dpr_orc_prd2 SSGBPBP
dpr_orc_prd2 SSGCCJP
dpr_orc_prd2 SSGCCTP
dpr_orc_prd2 SSGHCGP
dpr_orc_prd2 SSGHCLP
dpr_orc_prd2 SSGMCPP
dpr_orc_prd2 SSGPCLP
dpr_orc_prd2 SSGPNMP
dpr_orc_prd2 SSGPRLP
dpr_orc_prd2 SSGSCPP
dpr_orc_prd2 SSGSPDP
dpr_orc_prd2 SSGTPOP
dpr_orc_prd2 SSHBCLP
dpr_orc_prd2 SSHBODP
dpr_orc_prd2 SSHCCPP
dpr_orc_prd2 SSHDJNP
dpr_orc_prd2 SSHDSQP
dpr_orc_prd2 SSHFDEP
dpr_orc_prd2 SSHOLDP
dpr_orc_prd2 SSICADP
dpr_orc_prd2 SSICAJP
dpr_orc_prd2 SSIMPLP
dpr_orc_prd2 SSINARP
dpr_orc_prd2 SSINCIP
dpr_orc_prd2 SSINCJP
dpr_orc_prd2 SSINRJP
dpr_orc_prd2 SSINRTP
dpr_orc_prd2 SSIRMDP
dpr_orc_prd2 SSIRTRNCNT
dpr_orc_prd2 SSLGNMP
dpr_orc_prd2 SSLGRLP
dpr_orc_prd2 SSLIPDP
dpr_orc_prd2 SSLIPJP
dpr_orc_prd2 SSLMTRP
dpr_orc_prd2 SSLOCFP
dpr_orc_prd2 SSLPDTP
dpr_orc_prd2 SSLTYPP
dpr_orc_prd2 SSMCLPP
dpr_orc_prd2 SSMGRAP
dpr_orc_prd2 SSMLCCP
dpr_orc_prd2 SSMLRCP
dpr_orc_prd2 SSMLRPP
dpr_orc_prd2 SSMNLPP
dpr_orc_prd2 SSMREXP
dpr_orc_prd2 SSMTXMP
dpr_orc_prd2 SSNACCTOPN
dpr_orc_prd2 SSNHMLACCT
dpr_orc_prd2 SSNICIP
dpr_orc_prd2 SSNICJP
dpr_orc_prd2 SSNODAP
dpr_orc_prd2 SSOCCPP
dpr_orc_prd2 SSOCPPP
dpr_orc_prd2 SSODACP
dpr_orc_prd2 SSODCUP
dpr_orc_prd2 SSODUEP
dpr_orc_prd2 SSOFRAP
dpr_orc_prd2 SSOLMEP
dpr_orc_prd2 SSOPACP
dpr_orc_prd2 SSOPCMP
dpr_orc_prd2 SSORTRNCNT
dpr_orc_prd2 SSOUQQP
dpr_orc_prd2 SSPASLP
dpr_orc_prd2 SS@PBOCDP
dpr_orc_prd2 SSPCUSP
dpr_orc_prd2 SSPDTPP
dpr_orc_prd2 SSPEXWP
dpr_orc_prd2 SSPFCLP
dpr_orc_prd2 SSPFMWP
dpr_orc_prd2 SSPFPCP
dpr_orc_prd2 SSPFPTP
dpr_orc_prd2 SSPFRJP
dpr_orc_prd2 SSPFTBP
dpr_orc_prd2 SSPFULP
dpr_orc_prd2 SSPKAJP
dpr_orc_prd2 SSPKCMP
dpr_orc_prd2 SSPKEVP
dpr_orc_prd2 SSPNICP
dpr_orc_prd2 SSPRJIP
dpr_orc_prd2 SSPRJJP
dpr_orc_prd2 SSPTYCP
dpr_orc_prd2 SSPTYHP
dpr_orc_prd2 SSPTYTP
dpr_orc_prd2 SSREXPP
dpr_orc_prd2 SS@RHJP
dpr_orc_prd2 SSRLNNP
dpr_orc_prd2 SSRLNPP
dpr_orc_prd2 SSRMSTP
dpr_orc_prd2 SSRPSDP
dpr_orc_prd2 SSRPSTP
dpr_orc_prd2 SSRUDCP
dpr_orc_prd2 SS@SAFEP
dpr_orc_prd2 SSSCCIP
dpr_orc_prd2 SSSCRLP
dpr_orc_prd2 SSSDCPP
dpr_orc_prd2 SSSECHP
dpr_orc_prd2 SSSFATP
dpr_orc_prd2 SSSLMTP
dpr_orc_prd2 SSSMANP
dpr_orc_prd2 SSSMBCP
dpr_orc_prd2 SSSMCLP
dpr_orc_prd2 SSSMFIP
dpr_orc_prd2 SSSMPSP
dpr_orc_prd2 SSSPVAP
dpr_orc_prd2 SSSTMRP
dpr_orc_prd2 SSSTTCP
dpr_orc_prd2 SSTFNPP
dpr_orc_prd2 SSTIAVP
dpr_orc_prd2 SSTIRJP
dpr_orc_prd2 SSTIRTP
dpr_orc_prd2 SS@TMFP
dpr_orc_prd2 SSTNSTP
dpr_orc_prd2 SSTRBIP
dpr_orc_prd2 SSTTONCCNT
dpr_orc_prd2 SSTXCPP
dpr_orc_prd2 SSTXTHP
dpr_orc_prd2 SSUBSTP
dpr_orc_prd2 SSUCMTP
dpr_orc_prd2 SSULMCP
dpr_orc_prd2 SSUODEP
dpr_orc_prd2 SSUSDLP
dpr_orc_prd2 SSUSERP
dpr_orc_prd2 SSUSRJP
dpr_orc_prd2 SSVCHPP
dpr_orc_prd2 SSVCRPP
dpr_orc_prd2 SSVSKDP
dpr_orc_prd2 SSVSKHP
dpr_orc_prd2 SSWAINP
dpr_orc_prd2 SSWCMSP
dpr_orc_prd2 SSWOCLP
dpr_orc_prd2 SSWOMSP
dpr_orc_prd2 SSWONCP
dpr_orc_prd2 SSWORPP
dpr_orc_prd2 TDACADP
dpr_orc_prd2 TDACMHP
dpr_orc_prd2 TDACMJP
dpr_orc_prd2 TDACMSP
dpr_orc_prd2 TDACSDP
dpr_orc_prd2 TDAMIJP
dpr_orc_prd2 TDBCRQP
dpr_orc_prd2 TDBSCPP
dpr_orc_prd2 TDCBPCP
dpr_orc_prd2 TDCBPTP
dpr_orc_prd2 TDCSRQP
dpr_orc_prd2 TDEALJP
dpr_orc_prd2 TDPDCPP
dpr_orc_prd2 TDPIRCP
dpr_orc_prd2 TDSDMSP
dpr_orc_prd2 TDSDPYP
dpr_orc_prd2 TDSPCPP
dpr_orc_prd2 TDTRNJP
dpr_orc_prd2 TNCRBPP
dpr_orc_prd2 TTERATP
dpr_orc_prd2 TTIRATP
dpr_orc_prd2 TTLDPDP
dpr_orc_prd2 TTPDCTP
dpr_orc_prd2 EWALRDP
dpr_orc_prd2 EWAULDP
dpr_orc_prd2 EWBOAULP
dpr_orc_prd2 EWCCSNWP
dpr_orc_prd2 EWCCSNWSP
dpr_orc_prd2 EWCHNPP
dpr_orc_prd2 EWCLSDT
dpr_orc_prd2 EWCMIDP
dpr_orc_prd2 EWDCMMP
dpr_orc_prd2 EWEAMSP
dpr_orc_prd2 EWEAMSP1
dpr_orc_prd2 EWETARP
dpr_orc_prd2 EWEXTCUP1
dpr_orc_prd2 EWHSSADXP1
dpr_orc_prd2 EWLEXPP
dpr_orc_prd2 EWMCMMP1
dpr_orc_prd2 EWMCMMP9
dpr_orc_prd2 EWMCONCTP1
dpr_orc_prd2 EWMCONCTP9
dpr_orc_prd2 EWMCONDP9
dpr_orc_prd2 EWMCONTP1
dpr_orc_prd2 EWMCONTP9
dpr_orc_prd2 EWMEXTP
dpr_orc_prd2 EWMREFP1
dpr_orc_prd2 EWMREFP9
dpr_orc_prd2 EWOACARP9
dpr_orc_prd2 EWOADRP9
dpr_orc_prd2 EWOARARP9
dpr_orc_prd2 EWOARIPP9
dpr_orc_prd2 EWOARP9
dpr_orc_prd2 EWOCAARP9
dpr_orc_prd2 EWOCSTP9
dpr_orc_prd2 EWOIDDPP9
dpr_orc_prd2 EWOIDVP9
dpr_orc_prd2 EWOIIPP9
dpr_orc_prd2 EWOIPEMAP9
dpr_orc_prd2 EWOIPP9
dpr_orc_prd2 EWOIPTELP9
dpr_orc_prd2 EWOORGP9
dpr_orc_prd2 EWOPDARP9
dpr_orc_prd2 EWOPDP9
dpr_orc_prd2 EWOSVARP9
dpr_orc_prd2 EWPOCUMAP
dpr_orc_prd2 EWSBUSMP
dpr_orc_prd2 EWSBUSP
dpr_orc_prd2 EWSDCPP
dpr_orc_prd2 EWSEXPP
dpr_orc_prd2 EWSLDSTP
dpr_orc_prd2 EWSTDPP
dpr_orc_prd2 EWTRCDP
dpr_orc_prd2 EWUEXPP
dpr_orc_prd2 EWUSRMAP
dpr_orc_prd2 FICNTPF
dpr_orc_prd2 GHACMSP
dpr_orc_prd2 GHACMSPD
dpr_orc_prd2 GHALSFP
dpr_orc_prd2 GHALSFPD
dpr_orc_prd2 GHBCHCP
dpr_orc_prd2 GHBDIFP
dpr_orc_prd2 GHBDIWP
dpr_orc_prd2 GHCLMTP
dpr_orc_prd2 GHCLMTPD
dpr_orc_prd2 GHCLMTPD7
dpr_orc_prd2 GHCNISPD
dpr_orc_prd2 GHCON2P
dpr_orc_prd2 GHCON2PH
dpr_orc_prd2 GHCON3P
dpr_orc_prd2 GHCPFCP
dpr_orc_prd2 GHCPFCPD
dpr_orc_prd2 GHCPFGP
dpr_orc_prd2 GHCPFGPD
dpr_orc_prd2 GHCSHRP
dpr_orc_prd2 GHCUSTP
dpr_orc_prd2 GHDTARP
dpr_orc_prd2 GHEPJNP
dpr_orc_prd2 GHIEAWP
dpr_orc_prd2 GHIEAWPA
dpr_orc_prd2 GHIERSP
dpr_orc_prd2 GHIETNP
dpr_orc_prd2 GHIPJNP
dpr_orc_prd2 GHLMTRP
dpr_orc_prd2 GHPIEIP
dpr_orc_prd2 GHPYMIP
dpr_orc_prd2 GHSECHP
dpr_orc_prd2 GHSECHPD
dpr_orc_prd2 GLACMSP
dpr_orc_prd2 GLANCLP
dpr_orc_prd2 GLATCLP
dpr_orc_prd2 GLBDINP
dpr_orc_prd2 GLCBPCP
dpr_orc_prd2 GLCBPTP
dpr_orc_prd2 GLCHACP
dpr_orc_prd2 GLDRACP
dpr_orc_prd2 GLEXDLP
dpr_orc_prd2 GLEXSTP
dpr_orc_prd2 GLLBBEP
dpr_orc_prd2 GLNACLP
dpr_orc_prd2 GLNAIFP
dpr_orc_prd2 GLNAREP
dpr_orc_prd2 GLOACJP
dpr_orc_prd2 GLOAJNP
dpr_orc_prd2 GLOPADP
dpr_orc_prd2 GLOPIAP
dpr_orc_prd2 GLOPICP
dpr_orc_prd2 GLOPISP
dpr_orc_prd2 GLORDJP
dpr_orc_prd2 GLSBACP
dpr_orc_prd2 GLSBATP
dpr_orc_prd2 GLSBSCP
dpr_orc_prd2 GLSSCLP
dpr_orc_prd2 GLSTATP
dpr_orc_prd2 GLSTAUP
dpr_orc_prd2 GLSYCLP
dpr_orc_prd2 GLTRSTP
dpr_orc_prd2 GRALINP
dpr_orc_prd2 GRALLCP
dpr_orc_prd2 GRAPCLP
dpr_orc_prd2 GRBDBWP
dpr_orc_prd2 GRBDGWP
dpr_orc_prd2 GRBDIDP
dpr_orc_prd2 GRBDIFP
dpr_orc_prd2 GRBDIFP0
dpr_orc_prd2 GRBDIFP1
dpr_orc_prd2 GRBDIMP
dpr_orc_prd2 GRBDSTP
dpr_orc_prd2 GRBDSTP0
dpr_orc_prd2 GRBDSUP
dpr_orc_prd2 GRCLMTP
dpr_orc_prd2 GRCSIEP
dpr_orc_prd2 GRDCBPP
dpr_orc_prd2 GRFEIGP
dpr_orc_prd2 GRFEIGP0
dpr_orc_prd2 GRFEIIP
dpr_orc_prd2 GRFEIIP0
dpr_orc_prd2 GRGLIEP
dpr_orc_prd2 GRGPCLP
dpr_orc_prd2 GRIGDWP
dpr_orc_prd2 GRIGDWP1
dpr_orc_prd2 GRINEPP
dpr_orc_prd2 GRINEPP1
dpr_orc_prd2 GRLMTYP
dpr_orc_prd2 GRLQINP
dpr_orc_prd2 GRLQLCP
dpr_orc_prd2 GRRTCLP
dpr_orc_prd2 GRRTNMP
dpr_orc_prd2 GRRTTHP
dpr_orc_prd2 GRRTTPP
dpr_orc_prd2 GRRTTPP7
dpr_orc_prd2 GRSYCLP
dpr_orc_prd2 GRTEIDP
dpr_orc_prd2 GRTRAEP
dpr_orc_prd2 GRUODIP
dpr_orc_prd2 GRUODIP1
dpr_orc_prd2 GRUODSP
dpr_orc_prd2 GRUODSP0
dpr_orc_prd2 GXCLMTP
dpr_orc_prd2 GXCNSPP
dpr_orc_prd2 GXCRPCP
dpr_orc_prd2 GXCTLPP
dpr_orc_prd2 GXGRCAP
dpr_orc_prd2 GXLOGPP
dpr_orc_prd2 GXPRFTP
dpr_orc_prd2 IBACIDP
dpr_orc_prd2 IBACSDP
dpr_orc_prd2 IBAHEXP
dpr_orc_prd2 IBAMSGP
dpr_orc_prd2 IBAVONP
dpr_orc_prd2 IBAVRQP
dpr_orc_prd2 IBCMBTP
dpr_orc_prd2 IBCMINP
dpr_orc_prd2 IBCRIUP
dpr_orc_prd2 IBCSSTP
dpr_orc_prd2 IBESMCP
dpr_orc_prd2 IBINAWP
dpr_orc_prd2 IBIWCSP
dpr_orc_prd2 IBKEYCP
dpr_orc_prd2 IBKEYPP
dpr_orc_prd2 IBMXMTP2
dpr_orc_prd2 IBOTPDP
dpr_orc_prd2 IBPBKDP
dpr_orc_prd2 IBPREXP
dpr_orc_prd2 IBSIEXP
dpr_orc_prd2 IBSMADP
dpr_orc_prd2 IBSMANP
dpr_orc_prd2 IBTKCSP
dpr_orc_prd2 IBTKMIP
dpr_orc_prd2 IBURADP
dpr_orc_prd2 IBURSVP
dpr_orc_prd2 IEACMSP
dpr_orc_prd2 IEASCLP
dpr_orc_prd2 IEBSCLP
dpr_orc_prd2 IECBPCP
dpr_orc_prd2 IECBPTP
dpr_orc_prd2 IECBPTPY
dpr_orc_prd2 IECCDIP
dpr_orc_prd2 IECHACP
dpr_orc_prd2 IECHPRP
dpr_orc_prd2 IECMCSP
dpr_orc_prd2 IECMCSP1
dpr_orc_prd2 IECMCSP9
dpr_orc_prd2 IECMSTP
dpr_orc_prd2 IECMSTP1
dpr_orc_prd2 IECMSTP8
dpr_orc_prd2 IECMSTP9
dpr_orc_prd2 IEDPACP
dpr_orc_prd2 IEDPACP1
dpr_orc_prd2 IEPDIFP
dpr_orc_prd2 IEPLBDP
dpr_orc_prd2 IEPLBDP1
dpr_orc_prd2 IEPLBLP
dpr_orc_prd2 IEPLHLP
dpr_orc_prd2 IEPLPCP
dpr_orc_prd2 IEPLPNP
dpr_orc_prd2 IE@RECWP
dpr_orc_prd2 IESBACP
dpr_orc_prd2 IESBAGP
dpr_orc_prd2 IESBAGP0
dpr_orc_prd2 IESYCLP
dpr_orc_prd2 IETRSTP
dpr_orc_prd2 IETRSTP1
dpr_orc_prd2 IPABAJP
dpr_orc_prd2 IPACLMP
dpr_orc_prd2 IPACMJP
dpr_orc_prd2 IPACMSP
dpr_orc_prd2 IPADCPP
dpr_orc_prd2 IPBACPP
dpr_orc_prd2 IPBCRQP
dpr_orc_prd2 IPBDCCP
dpr_orc_prd2 IPBDINP
dpr_orc_prd2 IPBDITP
dpr_orc_prd2 IPBDSCP
dpr_orc_prd2 IPBLCBP
dpr_orc_prd2 IPBLDSP
dpr_orc_prd2 IPBLDXP
dpr_orc_prd2 IPBLHXP
dpr_orc_prd2 IPBLIHP
dpr_orc_prd2 IP@BLMP
dpr_orc_prd2 IPBLMSP
dpr_orc_prd2 IPBLRRP
dpr_orc_prd2 IPBLSTP
dpr_orc_prd2 IPBLWAP
dpr_orc_prd2 IPBLWXP
dpr_orc_prd2 IPBPCPP
dpr_orc_prd2 IPCCSMP
dpr_orc_prd2 IPCHGPP
dpr_orc_prd2 IPCHPMP
dpr_orc_prd2 IPCHWAP
dpr_orc_prd2 IPCMSTP
dpr_orc_prd2 IPCNWAP
dpr_orc_prd2 IPCON2P
dpr_orc_prd2 IPCON2PDS
dpr_orc_prd2 IPCON2PS
dpr_orc_prd2 IPDACNHBCB
dpr_orc_prd2 IPDACNHBSH
dpr_orc_prd2 IPDACNHSBC
dpr_orc_prd2 IPDBSCP
dpr_orc_prd2 IPDBSTP
dpr_orc_prd2 IPDCALP
dpr_orc_prd2 IPDCCBP
dpr_orc_prd2 IPDCDJP
dpr_orc_prd2 IPDCDSP
dpr_orc_prd2 IPDCMSP
dpr_orc_prd2 IPDCSTP
dpr_orc_prd2 IPDLWAP
dpr_orc_prd2 IPDPITP
dpr_orc_prd2 IPDPIWP
dpr_orc_prd2 IPDSCRP
dpr_orc_prd2 IPFSIDP
dpr_orc_prd2 IPGECPP
dpr_orc_prd2 IPGSCPP
dpr_orc_prd2 IPICLXP
dpr_orc_prd2 IPINGSP
dpr_orc_prd2 IPLLWAP
dpr_orc_prd2 IPLMODP
dpr_orc_prd2 IPLNCSP
dpr_orc_prd2 IPLNIHP
dpr_orc_prd2 IP@LNMP
dpr_orc_prd2 IPLNMSP
dpr_orc_prd2 IPLNWAP
dpr_orc_prd2 IPMSCLP
dpr_orc_prd2 IPPDCPP
dpr_orc_prd2 IPPDUEP
dpr_orc_prd2 IPPRGDP
dpr_orc_prd2 IPPRWAP
dpr_orc_prd2 IPRMBCP
dpr_orc_prd2 IPSGCBP
dpr_orc_prd2 IPSGHSP
dpr_orc_prd2 IPSGMSP
dpr_orc_prd2 IPSGRTP
dpr_orc_prd2 IPSGWAP
dpr_orc_prd2 IPSHADP
dpr_orc_prd2 IPSIGNP
dpr_orc_prd2 IPSLWAP
dpr_orc_prd2 IPSTDCP
dpr_orc_prd2 IPSTWCP
dpr_orc_prd2 IPSYCPP
dpr_orc_prd2 IPWACLP
dpr_orc_prd2 IPXMTHP
dpr_orc_prd2 IRCBMSP
dpr_orc_prd2 IRDLWDP
dpr_orc_prd2 IRDMMSP
dpr_orc_prd2 IRDPIPP
dpr_orc_prd2 IRDPWCP
dpr_orc_prd2 IRMGSTP
dpr_orc_prd2 IRRSMSP
dpr_orc_prd2 IRSHRFP
dpr_orc_prd2 IRSRCPP
dpr_orc_prd2 IRSTCPP
dpr_orc_prd2 IRTCPPP
dpr_orc_prd2 IRTTMSP
dpr_orc_prd2 ITABMSP
dpr_orc_prd2 ITACSLP
dpr_orc_prd2 ITALDTP
dpr_orc_prd2 ITALRSP
dpr_orc_prd2 ITBINAP
dpr_orc_prd2 ITBINWP
dpr_orc_prd2 ITCMMSP
dpr_orc_prd2 ITDCSTP
dpr_orc_prd2 ITDGMDP
dpr_orc_prd2 ITDPITP
dpr_orc_prd2 ITESRRP
dpr_orc_prd2 ITINCAP
dpr_orc_prd2 ITINCSP
dpr_orc_prd2 ITINTAP
dpr_orc_prd2 ITINTWP
dpr_orc_prd2 ITTCAWP
dpr_orc_prd2 ITTCNAP
dpr_orc_prd3 AESCTLP
dpr_orc_prd3 AESDTLP
dpr_orc_prd3 CILFDDP
dpr_orc_prd3 CISWTDP
dpr_orc_prd3 CKCPBWP
dpr_orc_prd3 CKCPDWP
dpr_orc_prd3 CKCPEWP
dpr_orc_prd3 CKCPEXP
dpr_orc_prd3 CKCPLWP
dpr_orc_prd3 CKCPOWP
dpr_orc_prd3 CKCPSWP
dpr_orc_prd3 CKGLFDP
dpr_orc_prd3 CKGLFDPD
dpr_orc_prd3 CKGLFDPY
dpr_orc_prd3 CKGLFOP
dpr_orc_prd3 CKOVLMP
dpr_orc_prd3 CKSBLMP
dpr_orc_prd3 CKSCRCP
dpr_orc_prd3 DBALGPP
dpr_orc_prd3 DEDLDIP
dpr_orc_prd3 DGEPRQP
dpr_orc_prd3 DGSWSCP
dpr_orc_prd3 ETPDGWP
dpr_orc_prd3 ETXLOGP
dpr_orc_prd3 FESMDLP
dpr_orc_prd3 FESMEUP
dpr_orc_prd3 FESMEUP1
dpr_orc_prd3 MMLDDRP
dpr_orc_prd3 MMLDEUP
dpr_orc_prd3 MMNMBTP
dpr_orc_prd3 MMSWBTP
dpr_orc_prd3 MMSWLDP
dpr_orc_prd3 MMSWSBP
dpr_orc_prd3 MMSWSHP
dpr_orc_prd3 MMZCBTP
dpr_orc_prd3 MPEFWDP
dpr_orc_prd3 MPMMCPP
dpr_orc_prd3 MPMNMCP
dpr_orc_prd3 MPMSWPP
dpr_orc_prd3 MPMZCPP
dpr_orc_prd3 MPSWSCP
dpr_orc_prd3 MRBLOTP
dpr_orc_prd3 MRBLOTPE
dpr_orc_prd3 MRBULDP
dpr_orc_prd3 MRBULDPE
dpr_orc_prd3 MRBULEP
dpr_orc_prd3 MRDALDP
dpr_orc_prd3 MRDALDPE
dpr_orc_prd3 SECPSIP
dpr_orc_prd3 SEDLSIP
dpr_orc_prd3 TTLDPDP
dpr_orc_prd3 TTLDPDP1
dpr_orc_prd3 AC418WP
dpr_orc_prd3 AC418WP2
dpr_orc_prd3 AC419WP
dpr_orc_prd3 AC419WP2
dpr_orc_prd3 ACRACEP
dpr_orc_prd3 CE620WP
dpr_orc_prd3 CKSTATP
dpr_orc_prd3 CKSTATPM
dpr_orc_prd3 CKSTATPT
dpr_orc_prd3 CKSTATPY
dpr_orc_prd3 DEDLDHP
dpr_orc_prd3 DEDLSHP
dpr_orc_prd3 ETPDGWPY
dpr_orc_prd3 EXBLOTPN
dpr_orc_prd3 FEFWBTPN
dpr_orc_prd3 FOREQ2P
dpr_orc_prd3 FOREQ7P
dpr_orc_prd3 FOREQCP
dpr_orc_prd3 IE@TNTDP
dpr_orc_prd3 MMMTMVP
dpr_orc_prd3 MPESPHP
dpr_orc_prd3 MPESPJPM
dpr_orc_prd3 MPMNMHP
dpr_orc_prd3 MPSWSHP
dpr_orc_prd3 SEDSIHP
dpr_orc_prd3 STCCPSP
dpr_orc_prd3 STPCPSP
dpr_orc_prd3 TT529WP
dpr_orc_prd3 TTAFCEP
dpr_orc_prd3 TTERAHP
dpr_orc_prd3 TTGADEP
dpr_orc_prd3 TTGADEP1
dpr_orc_prd3 TTGSIDP1
dpr_orc_prd3 TTLDPDPY
dpr_orc_prd3 APRTLNP
dpr_orc_prd3 GLTRSTP
dpr_orc_prd3 HTALSFP
dpr_orc_prd3 IETRSTP
dpr_orc_prd3 SSBHPAP
dpr_orc_prd3 SSCBBPP
dpr_orc_prd3 SSHLDYP
dpr_orc_prd3 SSMSFPP
dpr_orc_prd3 SSRLNNP1
dpr_orc_prd3 SSRLNPP1
dpr_orc_prd3 TTFXFGP
dpr_orc_prd2 TD@SDMP
dpr_orc_prd2 IB@BOPJP
dpr_orc_prd2 IB@BOPP
