dpr_orc_prd3 AESCTLP
dpr_orc_prd3 AESDTLP
dpr_orc_prd3 CILFDDP
dpr_orc_prd3 CISWTDP
dpr_orc_prd3 CISWTJP
dpr_orc_prd3 CKCPBWP
dpr_orc_prd3 CKCPDWP
dpr_orc_prd3 CKCPEWP
dpr_orc_prd3 CKCPEXP
dpr_orc_prd3 CKCPLWP
dpr_orc_prd3 CKCPOWP
dpr_orc_prd3 CKCPSWP
dpr_orc_prd3 CKGLFDP
dpr_orc_prd3 CKGLFDPD
dpr_orc_prd3 CKGLFDPY
dpr_orc_prd3 CKGLFOP
dpr_orc_prd3 CKGLFOPN
dpr_orc_prd3 CKGLFOPY
dpr_orc_prd3 CKOVLMP
dpr_orc_prd3 CKOVLMPY
dpr_orc_prd3 CKSBLMP
dpr_orc_prd3 CKSBLMPY
dpr_orc_prd3 CKSCRCP
dpr_orc_prd3 DBALGPP
dpr_orc_prd3 DEDLDIP
dpr_orc_prd3 DGEPRQP
dpr_orc_prd3 DGSWSCP
dpr_orc_prd3 ETPDGWP
dpr_orc_prd3 ETXLOGP
dpr_orc_prd3 FESMDLP
dpr_orc_prd3 FESMEUP
dpr_orc_prd3 FESMEUP1
dpr_orc_prd3 MMLDDRP
dpr_orc_prd3 MMLDEUP
dpr_orc_prd3 MMNMBTP
dpr_orc_prd3 MMSWBTP
dpr_orc_prd3 MMSWLDP
dpr_orc_prd3 MMSWSBP
dpr_orc_prd3 MMSWSHP
dpr_orc_prd3 MMZCBTP
dpr_orc_prd3 MPEFWDP
dpr_orc_prd3 MPMMCPP
dpr_orc_prd3 MPMNMCP
dpr_orc_prd3 MPMNMCP@WP
dpr_orc_prd3 MPMSWPP
dpr_orc_prd3 MPMZCPP
dpr_orc_prd3 MPMZCPP@WP
dpr_orc_prd3 MPSWSCP
dpr_orc_prd3 MRBLOTP
dpr_orc_prd3 MRBLOTPE
dpr_orc_prd3 MRBULDP
dpr_orc_prd3 MRBULDPE
dpr_orc_prd3 MRBULEP
dpr_orc_prd3 MRDALDP
dpr_orc_prd3 MRDALDPE
dpr_orc_prd3 SECPSIP
dpr_orc_prd3 SEDLSIP
dpr_orc_prd3 TTLDPDP
dpr_orc_prd3 TTLDPDP1
