dpr_orc_prd3 AC418WP
dpr_orc_prd3 AC418WP2
dpr_orc_prd3 AC419WP
dpr_orc_prd3 AC419WP2
dpr_orc_prd3 AC419WPY
dpr_orc_prd3 ACRACEP
dpr_orc_prd3 CE620WP
dpr_orc_prd3 CISWTJP1
dpr_orc_prd3 CKSTATP
dpr_orc_prd3 CKSTATP1
dpr_orc_prd3 CKSTATPM
dpr_orc_prd3 CKSTATPT
dpr_orc_prd3 CKSTATPY
dpr_orc_prd3 DEDLDHP
dpr_orc_prd3 DEDLSHP
dpr_orc_prd3 ETPDGWPY
dpr_orc_prd3 EXBLOTPN
dpr_orc_prd3 FEFWBTPN
dpr_orc_prd3 FOREQ2P
dpr_orc_prd3 FOREQ7P
dpr_orc_prd3 FOREQCP
dpr_orc_prd3 IE@TNTDP
dpr_orc_prd3 MMMTMVP
dpr_orc_prd3 MMNMBTPN
dpr_orc_prd3 MMSWBTP3
dpr_orc_prd3 MMSWBTPA
dpr_orc_prd3 MMSWBTPB
dpr_orc_prd3 MMSWBTPC
dpr_orc_prd3 MMSWBTPN
dpr_orc_prd3 MMSWBTPP
dpr_orc_prd3 MMSWBTPY
dpr_orc_prd3 MMSWSBPA
dpr_orc_prd3 MMSWSBPB
dpr_orc_prd3 MMSWSBPP
dpr_orc_prd3 MMSWSBPY
dpr_orc_prd3 MMSWSHPY
dpr_orc_prd3 MMZCBTPA
dpr_orc_prd3 MMZCBTPB
dpr_orc_prd3 MMZCBTPC
dpr_orc_prd3 MMZCBTPN
dpr_orc_prd3 MMZCBTPY
dpr_orc_prd3 MPEFWDPY
dpr_orc_prd3 MPEFWJPM
dpr_orc_prd3 MPESPHP
dpr_orc_prd3 MPESPJPM
dpr_orc_prd3 MPMMCPPY
dpr_orc_prd3 MPMNMCPY
dpr_orc_prd3 MPMNMHP
dpr_orc_prd3 MPMSWJPM
dpr_orc_prd3 MPMZCJPM
dpr_orc_prd3 MPMZCPP9
dpr_orc_prd3 MPMZCPPY
dpr_orc_prd3 MPSWSHP
dpr_orc_prd3 SEDSIHP
dpr_orc_prd3 STCCPSP
dpr_orc_prd3 STPCPSP
dpr_orc_prd3 STTCPJP
dpr_orc_prd3 TT522WP
dpr_orc_prd3 TT525WP
dpr_orc_prd3 TT529WP
dpr_orc_prd3 TTAFCEP
dpr_orc_prd3 TTERAHP
dpr_orc_prd3 TTGADEP
dpr_orc_prd3 TTGADEP1
dpr_orc_prd3 TTGSIDP1
dpr_orc_prd3 TTLDPDPY
dpr_orc_prd3 APRTLNP
dpr_orc_prd3 GLTRSTP
dpr_orc_prd3 HTALSFP
dpr_orc_prd3 IETRSTP
dpr_orc_prd3 SSBHPAP
dpr_orc_prd3 SSCBBPP
dpr_orc_prd3 SSHLDYP
dpr_orc_prd3 SSMSFPP
dpr_orc_prd3 SSRLNNP1
dpr_orc_prd3 SSRLNPP1
dpr_orc_prd3 SSUSRJP
