AESCTLP
AESDTLP
CILFDDP
CISWTDP
CISWTJP
CKCPBWP
CKCPDWP
CKCPEWP
CKCPEXP
CKCPLWP
CKCPOWP
CKCPSWP
CKGLFDP
CKGLFDPD
CKGLFDPY
CKGLFOP
CKGLFOPN
CKGLFOPY
CKOVLMP
CKOVLMPY
CKSBLMP
CKSBLMPY
CKSCRCP
DBALGPP
DEDLDIP
DGEPRQP
DGSWSCP
ETPDGWP
ETXLOGP
FESMDLP
FESMEUP
FESMEUP1
MMLDDRP
MMLDEUP
MMNMBTP
MMSWBTP
MMSWLDP
MMSWSBP
MMSWSHP
MMZCBTP
MPEFWDP
MPMMCPP
MPMNMCP
MPMNMCP@WP
MPMSWPP
MPMZCPP
MPMZCPP@WP
MPSWSCP
MRBLOTP
MRBLOTPE
MRBULDP
MRBULDPE
MRBULEP
MRDALDP
MRDALDPE
SECPSIP
SEDLSIP
TTLDPDP
TTLDPDP1
AC418WP
AC418WP2
AC419WP
AC419WP2
AC419WPY
ACRACEP
CE620WP
CISWTJP1
CKSTATP
CKSTATP1
CKSTATPM
CKSTATPT
CKSTATPY
DEDLDHP
DEDLSHP
ETPDGWPY
EXBLOTPN
FEFWBTPN
FOREQ2P
FOREQ7P
FOREQCP
IE@TNTDP
MMMTMVP
MMNMBTPN
MMSWBTP3
MMSWBTPA
MMSWBTPB
MMSWBTPC
MMSWBTPN
MMSWBTPP
MMSWBTPY
MMSWSBPA
MMSWSBPB
MMSWSBPP
MMSWSBPY
MMSWSHPY
MMZCBTPA
MMZCBTPB
MMZCBTPC
MMZCBTPN
MMZCBTPY
MPEFWDPY
MPEFWJPM
MPESPHP
MPESPJPM
MPMMCPPY
MPMNMCPY
MPMNMHP
MPMSWJPM
MPMZCJPM
MPMZCPP9
MPMZCPPY
MPSWSHP
SEDSIHP
STCCPSP
STPCPSP
STTCPJP
TT522WP
TT525WP
TT529WP
TTAFCEP
TTERAHP
TTGADEP
TTGADEP1
TTGSIDP1
TTLDPDPY
APRTLNP
GLTRSTP
HTALSFP
IETRSTP
SSBHPAP
SSCBBPP
SSHLDYP
SSMSFPP
SSRLNNP1
SSRLNPP1
SSUSRJP
