dpr_orc_prd3 AC418WP2
dpr_orc_prd3 AC418WP
dpr_orc_prd3 AC419WP2
dpr_orc_prd3 AC419WP
dpr_orc_prd3 AC419WPY
dpr_orc_prd3 ACRACEP
dpr_orc_prd3 AESCTLP
dpr_orc_prd3 AESDTLP
dpr_orc_prd3 APRTLNP
dpr_orc_prd3 CE620WP
dpr_orc_prd3 CILFDDP
dpr_orc_prd3 CISWTDP
dpr_orc_prd3 CISWTJP1
dpr_orc_prd3 CISWTJP
dpr_orc_prd3 CKCPBWP
dpr_orc_prd3 CKCPDWP
dpr_orc_prd3 CKCPEWP
dpr_orc_prd3 CKCPEXP
dpr_orc_prd3 CKCPLWP
dpr_orc_prd3 CKCPOWP
dpr_orc_prd3 CKCPSWP
dpr_orc_prd3 CKGLFDPD
dpr_orc_prd3 CKGLFDP
dpr_orc_prd3 CKGLFDPY
dpr_orc_prd3 CKGLFOP
dpr_orc_prd3 CKGLFOPN
dpr_orc_prd3 CKGLFOPY
dpr_orc_prd3 CKOVLMP
dpr_orc_prd3 CKOVLMPY
dpr_orc_prd3 CKSBLMP
dpr_orc_prd3 CKSBLMPY
dpr_orc_prd3 CKSCRCP
dpr_orc_prd3 CKSTATP1
dpr_orc_prd3 CKSTATP
dpr_orc_prd3 CKSTATPM
dpr_orc_prd3 CKSTATPT
dpr_orc_prd3 CKSTATPY
dpr_orc_prd3 DBALGPP
dpr_orc_prd3 DEDLDHP
dpr_orc_prd3 DEDLDIP
dpr_orc_prd3 DEDLSHP
dpr_orc_prd3 DGEPRQP
dpr_orc_prd3 DGSWSCP
dpr_orc_prd3 ETPDGWP
dpr_orc_prd3 ETPDGWPY
dpr_orc_prd3 ETXLOGP
dpr_orc_prd3 EXBLOTPN
dpr_orc_prd3 FEFWBTPN
dpr_orc_prd3 FESMDLP
dpr_orc_prd3 FESMEUP1
dpr_orc_prd3 FESMEUP
dpr_orc_prd3 FOREQ2P
dpr_orc_prd3 FOREQ7P
dpr_orc_prd3 FOREQCP
dpr_orc_prd3 GLTRSTP
dpr_orc_prd3 HTALSFP
dpr_orc_prd3 IE@TNTDP
dpr_orc_prd3 IETRSTP
dpr_orc_prd3 MMLDDRP
dpr_orc_prd3 MMLDEUP
dpr_orc_prd3 MMMTMVP
dpr_orc_prd3 MMNMBTP
dpr_orc_prd3 MMNMBTPN
dpr_orc_prd3 MMSWBTP3
dpr_orc_prd3 MMSWBTPA
dpr_orc_prd3 MMSWBTPB
dpr_orc_prd3 MMSWBTPC
dpr_orc_prd3 MMSWBTP
dpr_orc_prd3 MMSWBTPN
dpr_orc_prd3 MMSWBTPP
dpr_orc_prd3 MMSWBTPY
dpr_orc_prd3 MMSWLDP
dpr_orc_prd3 MMSWSBPA
dpr_orc_prd3 MMSWSBPB
dpr_orc_prd3 MMSWSBP
dpr_orc_prd3 MMSWSBPP
dpr_orc_prd3 MMSWSBPY
dpr_orc_prd3 MMSWSHP
dpr_orc_prd3 MMSWSHPY
dpr_orc_prd3 MMZCBTPA
dpr_orc_prd3 MMZCBTPB
dpr_orc_prd3 MMZCBTPC
dpr_orc_prd3 MMZCBTP
dpr_orc_prd3 MMZCBTPN
dpr_orc_prd3 MMZCBTPY
dpr_orc_prd3 MPEFWDP
dpr_orc_prd3 MPEFWDPY
dpr_orc_prd3 MPEFWJPM
dpr_orc_prd3 MPESPHP
dpr_orc_prd3 MPESPJPM
dpr_orc_prd3 MPMMCPP
dpr_orc_prd3 MPMMCPPY
dpr_orc_prd3 MPMNMCP
dpr_orc_prd3 MPMNMCP@WP
dpr_orc_prd3 MPMNMCPY
dpr_orc_prd3 MPMNMHP
dpr_orc_prd3 MPMSWJPM
dpr_orc_prd3 MPMSWPP
dpr_orc_prd3 MPMZCJPM
dpr_orc_prd3 MPMZCPP9
dpr_orc_prd3 MPMZCPP
dpr_orc_prd3 MPMZCPP@WP
dpr_orc_prd3 MPMZCPPY
dpr_orc_prd3 MPSWSCP
dpr_orc_prd3 MPSWSHP
dpr_orc_prd3 MRBLOTP
dpr_orc_prd3 MRBLOTPE
dpr_orc_prd3 MRBULDP
dpr_orc_prd3 MRBULDPE
dpr_orc_prd3 MRBULEP
dpr_orc_prd3 MRDALDP
dpr_orc_prd3 MRDALDPE
dpr_orc_prd3 SECPSIP
dpr_orc_prd3 SEDLSIP
dpr_orc_prd3 SEDSIHP
dpr_orc_prd3 SSBHPAP
dpr_orc_prd3 SSCBBPP
dpr_orc_prd3 SSHLDYP
dpr_orc_prd3 SSMSFPP
dpr_orc_prd3 SSRLNNP1
dpr_orc_prd3 SSRLNPP1
dpr_orc_prd3 SSUSRJP
dpr_orc_prd3 STCCPSP
dpr_orc_prd3 STPCPSP
dpr_orc_prd3 STTCPJP
dpr_orc_prd3 TT522WP
dpr_orc_prd3 TT525WP
dpr_orc_prd3 TT529WP
dpr_orc_prd3 TTAFCEP
dpr_orc_prd3 TTERAHP
dpr_orc_prd3 TTGADEP1
dpr_orc_prd3 TTGADEP
dpr_orc_prd3 TTGSIDP1
dpr_orc_prd3 TTLDPDP1
dpr_orc_prd3 TTLDPDP
dpr_orc_prd3 TTLDPDPY
